Archive member included to satisfy reference by file (symbol)

c:/st/stm32cubeide_1.4.0/stm32cubeide/plugins/com.st.stm32cube.ide.mcu.externaltools.gnu-tools-for-stm32.9-2020-q2-update.win32_1.5.0.202011040924/tools/bin/../lib/gcc/arm-none-eabi/9.3.1/../../../../arm-none-eabi/lib/thumb/v7-m/nofp\libc_nano.a(lib_a-errno.o)
                              Core/Src/syscalls.o (__errno)
c:/st/stm32cubeide_1.4.0/stm32cubeide/plugins/com.st.stm32cube.ide.mcu.externaltools.gnu-tools-for-stm32.9-2020-q2-update.win32_1.5.0.202011040924/tools/bin/../lib/gcc/arm-none-eabi/9.3.1/../../../../arm-none-eabi/lib/thumb/v7-m/nofp\libc_nano.a(lib_a-exit.o)
                              c:/st/stm32cubeide_1.4.0/stm32cubeide/plugins/com.st.stm32cube.ide.mcu.externaltools.gnu-tools-for-stm32.9-2020-q2-update.win32_1.5.0.202011040924/tools/bin/../lib/gcc/arm-none-eabi/9.3.1/../../../../arm-none-eabi/lib/thumb/v7-m/nofp/crt0.o (exit)
c:/st/stm32cubeide_1.4.0/stm32cubeide/plugins/com.st.stm32cube.ide.mcu.externaltools.gnu-tools-for-stm32.9-2020-q2-update.win32_1.5.0.202011040924/tools/bin/../lib/gcc/arm-none-eabi/9.3.1/../../../../arm-none-eabi/lib/thumb/v7-m/nofp\libc_nano.a(lib_a-impure.o)
                              c:/st/stm32cubeide_1.4.0/stm32cubeide/plugins/com.st.stm32cube.ide.mcu.externaltools.gnu-tools-for-stm32.9-2020-q2-update.win32_1.5.0.202011040924/tools/bin/../lib/gcc/arm-none-eabi/9.3.1/../../../../arm-none-eabi/lib/thumb/v7-m/nofp\libc_nano.a(lib_a-exit.o) (_global_impure_ptr)
c:/st/stm32cubeide_1.4.0/stm32cubeide/plugins/com.st.stm32cube.ide.mcu.externaltools.gnu-tools-for-stm32.9-2020-q2-update.win32_1.5.0.202011040924/tools/bin/../lib/gcc/arm-none-eabi/9.3.1/../../../../arm-none-eabi/lib/thumb/v7-m/nofp\libc_nano.a(lib_a-init.o)
                              c:/st/stm32cubeide_1.4.0/stm32cubeide/plugins/com.st.stm32cube.ide.mcu.externaltools.gnu-tools-for-stm32.9-2020-q2-update.win32_1.5.0.202011040924/tools/bin/../lib/gcc/arm-none-eabi/9.3.1/../../../../arm-none-eabi/lib/thumb/v7-m/nofp/crt0.o (__libc_init_array)
c:/st/stm32cubeide_1.4.0/stm32cubeide/plugins/com.st.stm32cube.ide.mcu.externaltools.gnu-tools-for-stm32.9-2020-q2-update.win32_1.5.0.202011040924/tools/bin/../lib/gcc/arm-none-eabi/9.3.1/../../../../arm-none-eabi/lib/thumb/v7-m/nofp\libc_nano.a(lib_a-memcpy-stub.o)
                              Middlewares/Third_Party/FreeRTOS/Source/CMSIS_RTOS_V2/cmsis_os2.o (memcpy)
c:/st/stm32cubeide_1.4.0/stm32cubeide/plugins/com.st.stm32cube.ide.mcu.externaltools.gnu-tools-for-stm32.9-2020-q2-update.win32_1.5.0.202011040924/tools/bin/../lib/gcc/arm-none-eabi/9.3.1/../../../../arm-none-eabi/lib/thumb/v7-m/nofp\libc_nano.a(lib_a-memset.o)
                              c:/st/stm32cubeide_1.4.0/stm32cubeide/plugins/com.st.stm32cube.ide.mcu.externaltools.gnu-tools-for-stm32.9-2020-q2-update.win32_1.5.0.202011040924/tools/bin/../lib/gcc/arm-none-eabi/9.3.1/../../../../arm-none-eabi/lib/thumb/v7-m/nofp/crt0.o (memset)
c:/st/stm32cubeide_1.4.0/stm32cubeide/plugins/com.st.stm32cube.ide.mcu.externaltools.gnu-tools-for-stm32.9-2020-q2-update.win32_1.5.0.202011040924/tools/bin/../lib/gcc/arm-none-eabi/9.3.1/thumb/v7-m/nofp\libgcc.a(_arm_muldf3.o)
                              Core/Src/sensorObjects.o (__aeabi_dmul)
c:/st/stm32cubeide_1.4.0/stm32cubeide/plugins/com.st.stm32cube.ide.mcu.externaltools.gnu-tools-for-stm32.9-2020-q2-update.win32_1.5.0.202011040924/tools/bin/../lib/gcc/arm-none-eabi/9.3.1/thumb/v7-m/nofp\libgcc.a(_arm_mulsf3.o)
                              Core/Src/sensorObjects.o (__aeabi_fmul)
c:/st/stm32cubeide_1.4.0/stm32cubeide/plugins/com.st.stm32cube.ide.mcu.externaltools.gnu-tools-for-stm32.9-2020-q2-update.win32_1.5.0.202011040924/tools/bin/../lib/gcc/arm-none-eabi/9.3.1/thumb/v7-m/nofp\libgcc.a(_arm_addsubdf3.o)
                              Core/Src/sensorObjects.o (__aeabi_i2d)
c:/st/stm32cubeide_1.4.0/stm32cubeide/plugins/com.st.stm32cube.ide.mcu.externaltools.gnu-tools-for-stm32.9-2020-q2-update.win32_1.5.0.202011040924/tools/bin/../lib/gcc/arm-none-eabi/9.3.1/thumb/v7-m/nofp\libgcc.a(_arm_truncdfsf2.o)
                              Core/Src/sensorObjects.o (__aeabi_d2f)
c:/st/stm32cubeide_1.4.0/stm32cubeide/plugins/com.st.stm32cube.ide.mcu.externaltools.gnu-tools-for-stm32.9-2020-q2-update.win32_1.5.0.202011040924/tools/bin/../lib/gcc/arm-none-eabi/9.3.1/thumb/v7-m/nofp\libgcc.a(_arm_addsubsf3.o)
                              Core/Src/sensorObjects.o (__aeabi_i2f)
c:/st/stm32cubeide_1.4.0/stm32cubeide/plugins/com.st.stm32cube.ide.mcu.externaltools.gnu-tools-for-stm32.9-2020-q2-update.win32_1.5.0.202011040924/tools/bin/../lib/gcc/arm-none-eabi/9.3.1/thumb/v7-m/nofp\libgcc.a(_arm_muldivsf3.o)
                              Core/Src/sensorObjects.o (__aeabi_fdiv)
c:/st/stm32cubeide_1.4.0/stm32cubeide/plugins/com.st.stm32cube.ide.mcu.externaltools.gnu-tools-for-stm32.9-2020-q2-update.win32_1.5.0.202011040924/tools/bin/../lib/gcc/arm-none-eabi/9.3.1/thumb/v7-m/nofp\libgcc.a(_arm_fixunssfsi.o)
[...]
Memory Configuration

Name             Origin             Length             Attributes
RAM              0x0000000020000000 0x0000000000005000 xrw
FLASH            0x0000000008000000 0x0000000000020000 xr
*default*        0x0000000000000000 0xffffffffffffffff

Linker script and memory map

LOAD c:/st/stm32cubeide_1.4.0/stm32cubeide/plugins/com.st.stm32cube.ide.mcu.externaltools.gnu-tools-for-stm32.9-2020-q2-update.win32_1.5.0.202011040924/tools/bin/../lib/gcc/arm-none-eabi/9.3.1/thumb/v7-m/nofp/crti.o
LOAD c:/st/stm32cubeide_1.4.0/stm32cubeide/plugins/com.st.stm32cube.ide.mcu.externaltools.gnu-tools-for-stm32.9-2020-q2-update.win32_1.5.0.202011040924/tools/bin/../lib/gcc/arm-none-eabi/9.3.1/thumb/v7-m/nofp/crtbegin.o
LOAD c:/st/stm32cubeide_1.4.0/stm32cubeide/plugins/com.st.stm32cube.ide.mcu.externaltools.gnu-tools-for-stm32.9-2020-q2-update.win32_1.5.0.202011040924/tools/bin/../lib/gcc/arm-none-eabi/9.3.1/../../../../arm-none-eabi/lib/thumb/v7-m/nofp/crt0.o
LOAD Core/Src/Letters.o
LOAD Core/Src/freertos.o
LOAD Core/Src/main.o
LOAD Core/Src/sensorObjects.o
LOAD Core/Src/stm32f1xx_hal_msp.o
LOAD Core/Src/stm32f1xx_hal_timebase_tim.o
LOAD Core/Src/stm32f1xx_it.o
LOAD Core/Src/syscalls.o
LOAD Core/Src/sysmem.o
LOAD Core/Src/system_stm32f1xx.o
LOAD Core/Startup/startup_stm32f103rbtx.o
LOAD Drivers/STM32F1xx_HAL_Driver/Src/stm32f1xx_hal.o
LOAD Drivers/STM32F1xx_HAL_Driver/Src/stm32f1xx_hal_adc.o
LOAD Drivers/STM32F1xx_HAL_Driver/Src/stm32f1xx_hal_adc_ex.o
LOAD Drivers/STM32F1xx_HAL_Driver/Src/stm32f1xx_hal_cortex.o
LOAD Drivers/STM32F1xx_HAL_Driver/Src/stm32f1xx_hal_dma.o
LOAD Drivers/STM32F1xx_HAL_Driver/Src/stm32f1xx_hal_exti.o
LOAD Drivers/STM32F1xx_HAL_Driver/Src/stm32f1xx_hal_flash.o
LOAD Drivers/STM32F1xx_HAL_Driver/Src/stm32f1xx_hal_flash_ex.o
LOAD Drivers/STM32F1xx_HAL_Driver/Src/stm32f1xx_hal_gpio.o
LOAD Drivers/STM32F1xx_HAL_Driver/Src/stm32f1xx_hal_gpio_ex.o
LOAD Drivers/STM32F1xx_HAL_Driver/Src/stm32f1xx_hal_pwr.o
LOAD Drivers/STM32F1xx_HAL_Driver/Src/stm32f1xx_hal_rcc.o
LOAD Drivers/STM32F1xx_HAL_Driver/Src/stm32f1xx_hal_rcc_ex.o
LOAD Drivers/STM32F1xx_HAL_Driver/Src/stm32f1xx_hal_tim.o
LOAD Drivers/STM32F1xx_HAL_Driver/Src/stm32f1xx_hal_tim_ex.o
LOAD Drivers/STM32F1xx_HAL_Driver/Src/stm32f1xx_hal_uart.o
LOAD Middlewares/Third_Party/FreeRTOS/Source/CMSIS_RTOS_V2/cmsis_os2.o
LOAD Middlewares/Third_Party/FreeRTOS/Source/croutine.o
LOAD Middlewares/Third_Party/FreeRTOS/Source/event_groups.o
LOAD Middlewares/Third_Party/FreeRTOS/Source/list.o
LOAD Middlewares/Third_Party/FreeRTOS/Source/queue.o
LOAD Middlewares/Third_Party/FreeRTOS/Source/stream_buffer.o
LOAD Middlewares/Third_Party/FreeRTOS/Source/tasks.o
LOAD Middlewares/Third_Party/FreeRTOS/Source/timers.o
LOAD Middlewares/Third_Party/FreeRTOS/Source/portable/GCC/ARM_CM3/port.o
LOAD Middlewares/Third_Party/FreeRTOS/Source/portable/MemMang/heap_4.o
START GROUP
LOAD c:/st/stm32cubeide_1.4.0/stm32cubeide/plugins/com.st.stm32cube.ide.mcu.externaltools.gnu-tools-for-stm32.9-2020-q2-update.win32_1.5.0.202011040924/tools/bin/../lib/gcc/arm-none-eabi/9.3.1/../../../../arm-none-eabi/lib/thumb/v7-m/nofp\libc_nano.a
LOAD c:/st/stm32cubeide_1.4.0/stm32cubeide/plugins/com.st.stm32cube.ide.mcu.externaltools.gnu-tools-for-stm32.9-2020-q2-update.win32_1.5.0.202011040924/tools/bin/../lib/gcc/arm-none-eabi/9.3.1/../../../../arm-none-eabi/lib/thumb/v7-m/nofp\libm.a
END GROUP
START GROUP
LOAD c:/st/stm32cubeide_1.4.0/stm32cubeide/plugins/com.st.stm32cube.ide.mcu.externaltools.gnu-tools-for-stm32.9-2020-q2-update.win32_1.5.0.202011040924/tools/bin/../lib/gcc/arm-none-eabi/9.3.1/thumb/v7-m/nofp\libgcc.a
LOAD c:/st/stm32cubeide_1.4.0/stm32cubeide/plugins/com.st.stm32cube.ide.mcu.externaltools.gnu-tools-for-stm32.9-2020-q2-update.win32_1.5.0.202011040924/tools/bin/../lib/gcc/arm-none-eabi/9.3.1/../../../../arm-none-eabi/lib/thumb/v7-m/nofp\libc_nano.a
END GROUP
START GROUP
LOAD c:/st/stm32cubeide_1.4.0/stm32cubeide/plugins/com.st.stm32cube.ide.mcu.externaltools.gnu-tools-for-stm32.9-2020-q2-update.win32_1.5.0.202011040924/tools/bin/../lib/gcc/arm-none-eabi/9.3.1/thumb/v7-m/nofp\libgcc.a
LOAD c:/st/stm32cubeide_1.4.0/stm32cubeide/plugins/com.st.stm32cube.ide.mcu.externaltools.gnu-tools-for-stm32.9-2020-q2-update.win32_1.5.0.202011040924/tools/bin/../lib/gcc/arm-none-eabi/9.3.1/../../../../arm-none-eabi/lib/thumb/v7-m/nofp\libc_nano.a
LOAD c:/st/stm32cubeide_1.4.0/stm32cubeide/plugins/com.st.stm32cube.ide.mcu.externaltools.gnu-tools-for-stm32.9-2020-q2-update.win32_1.5.0.202011040924/tools/bin/../lib/gcc/arm-none-eabi/9.3.1/../../../../arm-none-eabi/lib/thumb/v7-m/nofp\libnosys.a
END GROUP
START GROUP
LOAD c:/st/stm32cubeide_1.4.0/stm32cubeide/plugins/com.st.stm32cube.ide.mcu.externaltools.gnu-tools-for-stm32.9-2020-q2-update.win32_1.5.0.202011040924/tools/bin/../lib/gcc/arm-none-eabi/9.3.1/thumb/v7-m/nofp\libgcc.a
LOAD c:/st/stm32cubeide_1.4.0/stm32cubeide/plugins/com.st.stm32cube.ide.mcu.externaltools.gnu-tools-for-stm32.9-2020-q2-update.win32_1.5.0.202011040924/tools/bin/../lib/gcc/arm-none-eabi/9.3.1/../../../../arm-none-eabi/lib/thumb/v7-m/nofp\libc_nano.a
LOAD c:/st/stm32cubeide_1.4.0/stm32cubeide/plugins/com.st.stm32cube.ide.mcu.externaltools.gnu-tools-for-stm32.9-2020-q2-update.win32_1.5.0.202011040924/tools/bin/../lib/gcc/arm-none-eabi/9.3.1/../../../../arm-none-eabi/lib/thumb/v7-m/nofp\libnosys.a
END GROUP
LOAD c:/st/stm32cubeide_1.4.0/stm32cubeide/plugins/com.st.stm32cube.ide.mcu.externaltools.gnu-tools-for-stm32.9-2020-q2-update.win32_1.5.0.202011040924/tools/bin/../lib/gcc/arm-none-eabi/9.3.1/thumb/v7-m/nofp/crtend.o
LOAD c:/st/stm32cubeide_1.4.0/stm32cubeide/plugins/com.st.stm32cube.ide.mcu.externaltools.gnu-tools-for-stm32.9-2020-q2-update.win32_1.5.0.202011040924/tools/bin/../lib/gcc/arm-none-eabi/9.3.1/thumb/v7-m/nofp/crtn.o
                0x0000000020005000                _estack = (ORIGIN (RAM) + LENGTH (RAM))
                0x0000000000000200                _Min_Heap_Size = 0x200
                0x0000000000000400                _Min_Stack_Size = 0x400

.isr_vector     0x0000000008000000      0x10c
                0x0000000008000000                . = ALIGN (0x4)
 *(.isr_vector)
 .isr_vector    0x0000000008000000      0x10c Core/Startup/startup_stm32f103rbtx.o
                0x0000000008000000                g_pfnVectors
                0x000000000800010c                . = ALIGN (0x4)

.text           0x0000000008000110     0x8f08
                0x0000000008000110                . = ALIGN (0x4)
 *(.text)
 .text          0x0000000008000110       0x40 c:/st/stm32cubeide_1.4.0/stm32cubeide/plugins/com.st.stm32cube.ide.mcu.externaltools.gnu-tools-for-stm32.9-2020-q2-update.win32_1.5.0.202011040924/tools/bin/../lib/gcc/arm-none-eabi/9.3.1/thumb/v7-m/nofp/crtbegin.o
 *(.text*)
 .text.letter   0x0000000008000150     0x178c Core/Src/Letters.o
                0x0000000008000150                letter
 .text.main     0x00000000080018dc      0x184 Core/Src/main.o
                0x00000000080018dc                main
 .text.SystemClock_Config
                0x0000000008001a60       0xaa Core/Src/main.o
                0x0000000008001a60                SystemClock_Config
 *fill*         0x0000000008001b0a        0x2 
 .text.MX_ADC1_Init
                0x0000000008001b0c       0x7c Core/Src/main.o
 .text.MX_TIM1_Init
                0x0000000008001b88       0xa0 Core/Src/main.o
 .text.MX_TIM2_Init
                0x0000000008001c28       0x98 Core/Src/main.o
 .text.MX_USART1_UART_Init
                0x0000000008001cc0       0x54 Core/Src/main.o
 .text.MX_USART3_UART_Init
                0x0000000008001d14       0x54 Core/Src/main.o
 .text.MX_GPIO_Init
                0x0000000008001d68      0x1c4 Core/Src/main.o
 .text.commandToLCD
                0x0000000008001f2c      0x1c0 Core/Src/main.o
                0x0000000008001f2c                commandToLCD
 .text.printPassword
                0x00000000080020ec       0x5c Core/Src/main.o
                0x00000000080020ec                printPassword
 .text.line1    0x0000000008002148       0xa4 Core/Src/main.o
                0x0000000008002148                line1
 .text.line2    0x00000000080021ec       0xa4 Core/Src/main.o
                0x00000000080021ec                line2
 .text.clear    0x0000000008002290       0xa4 Core/Src/main.o
                0x0000000008002290                clear
 .text.correct  0x0000000008002334       0x54 Core/Src/main.o
                0x0000000008002334                correct
 .text.getVal   0x0000000008002388      0x2fc Core/Src/main.o
                0x0000000008002388                getVal
 .text.wrongPass
                0x0000000008002684       0x78 Core/Src/main.o
                0x0000000008002684                wrongPass
 .text.green    0x00000000080026fc       0x60 Core/Src/main.o
                0x00000000080026fc                green
 .text.timer    0x000000000800275c       0x78 Core/Src/main.o
                0x000000000800275c                timer
 .text.quit     0x00000000080027d4       0x84 Core/Src/main.o
                0x00000000080027d4                quit
 .text.onOffTime
                0x0000000008002858       0x88 Core/Src/main.o
                0x0000000008002858                onOffTime
 .text.onOff    0x00000000080028e0       0x68 Core/Src/main.o
                0x00000000080028e0                onOff
 .text.error    0x0000000008002948       0xb8 Core/Src/main.o
                0x0000000008002948                error
 .text.StartXbeeTask
                0x0000000008002a00       0x28 Core/Src/main.o
                0x0000000008002a00                StartXbeeTask
 .text.StartUserTask
                0x0000000008002a28      0x344 Core/Src/main.o
                0x0000000008002a28                StartUserTask
 .text.StartSolenoidTask
                0x0000000008002d6c       0x10 Core/Src/main.o
                0x0000000008002d6c                StartSolenoidTask
 .text.StartWeatherTask
                0x0000000008002d7c      0x1cc Core/Src/main.o
                0x0000000008002d7c                StartWeatherTask
 .text.StartFlowTask
                0x0000000008002f48      0x4d8 Core/Src/main.o
                0x0000000008002f48                StartFlowTask
 .text.StartProcessingTask
                0x0000000008003420       0xe8 Core/Src/main.o
                0x0000000008003420                StartProcessingTask
 .text.StartWebsiteTask
                0x0000000008003508       0x78 Core/Src/main.o
                0x0000000008003508                StartWebsiteTask
 .text.HAL_TIM_PeriodElapsedCallback
                0x0000000008003580       0x24 Core/Src/main.o
                0x0000000008003580                HAL_TIM_PeriodElapsedCallback
 .text.Error_Handler
                0x00000000080035a4        0xa Core/Src/main.o
                0x00000000080035a4                Error_Handler
 *fill*         0x00000000080035ae        0x2 
 .text.initializeNodes
                0x00000000080035b0       0xe8 Core/Src/sensorObjects.o
                0x00000000080035b0                initializeNodes
 .text.HAL_MspInit
                0x0000000008003698       0x70 Core/Src/stm32f1xx_hal_msp.o
                0x0000000008003698                HAL_MspInit
 .text.HAL_ADC_MspInit
                0x0000000008003708       0x78 Core/Src/stm32f1xx_hal_msp.o
                0x0000000008003708                HAL_ADC_MspInit
 .text.HAL_TIM_Base_MspInit
                0x0000000008003780       0x60 Core/Src/stm32f1xx_hal_msp.o
                0x0000000008003780                HAL_TIM_Base_MspInit
 .text.HAL_UART_MspInit
                0x00000000080037e0      0x110 Core/Src/stm32f1xx_hal_msp.o
                0x00000000080037e0                HAL_UART_MspInit
 .text.HAL_InitTick
                0x00000000080038f0       0xb0 Core/Src/stm32f1xx_hal_timebase_tim.o
                0x00000000080038f0                HAL_InitTick
 .text.NMI_Handler
                0x00000000080039a0        0x6 Core/Src/stm32f1xx_it.o
                0x00000000080039a0                NMI_Handler
 .text.HardFault_Handler
                0x00000000080039a6        0x6 Core/Src/stm32f1xx_it.o
                0x00000000080039a6                HardFault_Handler
 .text.MemManage_Handler
                0x00000000080039ac        0x6 Core/Src/stm32f1xx_it.o
                0x00000000080039ac                MemManage_Handler
 .text.BusFault_Handler
                0x00000000080039b2        0x6 Core/Src/stm32f1xx_it.o
                0x00000000080039b2                BusFault_Handler
 .text.UsageFault_Handler
                0x00000000080039b8        0x6 Core/Src/stm32f1xx_it.o
                0x00000000080039b8                UsageFault_Handler
 .text.DebugMon_Handler
                0x00000000080039be        0xc Core/Src/stm32f1xx_it.o
                0x00000000080039be                DebugMon_Handler
 *fill*         0x00000000080039ca        0x2 
 .text.TIM4_IRQHandler
                0x00000000080039cc       0x14 Core/Src/stm32f1xx_it.o
                0x00000000080039cc                TIM4_IRQHandler
 .text.EXTI15_10_IRQHandler
                0x00000000080039e0       0x10 Core/Src/stm32f1xx_it.o
                0x00000000080039e0                EXTI15_10_IRQHandler
 .text.SystemInit
                0x00000000080039f0        0xc Core/Src/system_stm32f1xx.o
                0x00000000080039f0                SystemInit
 .text.Reset_Handler
                0x00000000080039fc       0x48 Core/Startup/startup_stm32f103rbtx.o
                0x00000000080039fc                Reset_Handler
 .text.Default_Handler
                0x0000000008003a44        0x2 Core/Startup/startup_stm32f103rbtx.o
                0x0000000008003a44                RTC_Alarm_IRQHandler
                0x0000000008003a44                EXTI2_IRQHandler
                0x0000000008003a44                TIM1_CC_IRQHandler
                0x0000000008003a44                PVD_IRQHandler
                0x0000000008003a44                EXTI3_IRQHandler
                0x0000000008003a44                EXTI0_IRQHandler
                0x0000000008003a44                I2C2_EV_IRQHandler
                0x0000000008003a44                ADC1_2_IRQHandler
                0x0000000008003a44                SPI1_IRQHandler
                0x0000000008003a44                TAMPER_IRQHandler
                0x0000000008003a44                DMA1_Channel4_IRQHandler
                0x0000000008003a44                USART3_IRQHandler
                0x0000000008003a44                RTC_IRQHandler
                0x0000000008003a44                DMA1_Channel7_IRQHandler
                0x0000000008003a44                CAN1_RX1_IRQHandler
                0x0000000008003a44                I2C1_EV_IRQHandler
                0x0000000008003a44                DMA1_Channel6_IRQHandler
                0x0000000008003a44                TIM3_IRQHandler
                0x0000000008003a44                RCC_IRQHandler
                0x0000000008003a44                TIM1_TRG_COM_IRQHandler
                0x0000000008003a44                DMA1_Channel1_IRQHandler
                0x0000000008003a44                Default_Handler
                0x0000000008003a44                EXTI9_5_IRQHandler
                0x0000000008003a44                SPI2_IRQHandler
                0x0000000008003a44                DMA1_Channel5_IRQHandler
                0x0000000008003a44                EXTI4_IRQHandler
                0x0000000008003a44                USB_LP_CAN1_RX0_IRQHandler
                0x0000000008003a44                USB_HP_CAN1_TX_IRQHandler
                0x0000000008003a44                DMA1_Channel3_IRQHandler
                0x0000000008003a44                TIM1_UP_IRQHandler
                0x0000000008003a44                WWDG_IRQHandler
                0x0000000008003a44                TIM2_IRQHandler
                0x0000000008003a44                TIM1_BRK_IRQHandler
                0x0000000008003a44                EXTI1_IRQHandler
                0x0000000008003a44                USART2_IRQHandler
                0x0000000008003a44                I2C2_ER_IRQHandler
                0x0000000008003a44                DMA1_Channel2_IRQHandler
                0x0000000008003a44                CAN1_SCE_IRQHandler
                0x0000000008003a44                FLASH_IRQHandler
                0x0000000008003a44                USART1_IRQHandler
                0x0000000008003a44                I2C1_ER_IRQHandler
                0x0000000008003a44                USBWakeUp_IRQHandler
 *fill*         0x0000000008003a46        0x2 
 .text.HAL_Init
                0x0000000008003a48       0x2c Drivers/STM32F1xx_HAL_Driver/Src/stm32f1xx_hal.o
                0x0000000008003a48                HAL_Init
 .text.HAL_IncTick
                0x0000000008003a74       0x24 Drivers/STM32F1xx_HAL_Driver/Src/stm32f1xx_hal.o
                0x0000000008003a74                HAL_IncTick
 .text.HAL_GetTick
                0x0000000008003a98       0x14 Drivers/STM32F1xx_HAL_Driver/Src/stm32f1xx_hal.o
                0x0000000008003a98                HAL_GetTick
 .text.HAL_Delay
                0x0000000008003aac       0x48 Drivers/STM32F1xx_HAL_Driver/Src/stm32f1xx_hal.o
                0x0000000008003aac                HAL_Delay
 .text.HAL_ADC_Init
                0x0000000008003af4      0x1b0 Drivers/STM32F1xx_HAL_Driver/Src/stm32f1xx_hal_adc.o
                0x0000000008003af4                HAL_ADC_Init
 .text.HAL_ADC_Start
                0x0000000008003ca4      0x15c Drivers/STM32F1xx_HAL_Driver/Src/stm32f1xx_hal_adc.o
                0x0000000008003ca4                HAL_ADC_Start
 .text.HAL_ADC_PollForConversion
                0x0000000008003e00      0x1f4 Drivers/STM32F1xx_HAL_Driver/Src/stm32f1xx_hal_adc.o
                0x0000000008003e00                HAL_ADC_PollForConversion
 .text.HAL_ADC_GetValue
                0x0000000008003ff4       0x18 Drivers/STM32F1xx_HAL_Driver/Src/stm32f1xx_hal_adc.o
                0x0000000008003ff4                HAL_ADC_GetValue
 .text.HAL_ADC_ConfigChannel
                0x000000000800400c      0x1f0 Drivers/STM32F1xx_HAL_Driver/Src/stm32f1xx_hal_adc.o
                0x000000000800400c                HAL_ADC_ConfigChannel
 .text.ADC_Enable
                0x00000000080041fc       0xa4 Drivers/STM32F1xx_HAL_Driver/Src/stm32f1xx_hal_adc.o
                0x00000000080041fc                ADC_Enable
 .text.ADC_ConversionStop_Disable
                0x00000000080042a0       0x74 Drivers/STM32F1xx_HAL_Driver/Src/stm32f1xx_hal_adc.o
                0x00000000080042a0                ADC_ConversionStop_Disable
 .text.__NVIC_SetPriorityGrouping
                0x0000000008004314       0x48 Drivers/STM32F1xx_HAL_Driver/Src/stm32f1xx_hal_cortex.o
 .text.__NVIC_GetPriorityGrouping
                0x000000000800435c       0x1c Drivers/STM32F1xx_HAL_Driver/Src/stm32f1xx_hal_cortex.o
 .text.__NVIC_EnableIRQ
                0x0000000008004378       0x38 Drivers/STM32F1xx_HAL_Driver/Src/stm32f1xx_hal_cortex.o
 .text.__NVIC_SetPriority
                0x00000000080043b0       0x54 Drivers/STM32F1xx_HAL_Driver/Src/stm32f1xx_hal_cortex.o
 .text.NVIC_EncodePriority
                0x0000000008004404       0x64 Drivers/STM32F1xx_HAL_Driver/Src/stm32f1xx_hal_cortex.o
 .text.HAL_NVIC_SetPriorityGrouping
                0x0000000008004468       0x16 Drivers/STM32F1xx_HAL_Driver/Src/stm32f1xx_hal_cortex.o
                0x0000000008004468                HAL_NVIC_SetPriorityGrouping
 .text.HAL_NVIC_SetPriority
                0x000000000800447e       0x38 Drivers/STM32F1xx_HAL_Driver/Src/stm32f1xx_hal_cortex.o
                0x000000000800447e                HAL_NVIC_SetPriority
 .text.HAL_NVIC_EnableIRQ
                0x00000000080044b6       0x1c Drivers/STM32F1xx_HAL_Driver/Src/stm32f1xx_hal_cortex.o
                0x00000000080044b6                HAL_NVIC_EnableIRQ
 *fill*         0x00000000080044d2        0x2 
 .text.HAL_GPIO_Init
                0x00000000080044d4      0x308 Drivers/STM32F1xx_HAL_Driver/Src/stm32f1xx_hal_gpio.o
                0x00000000080044d4                HAL_GPIO_Init
 .text.HAL_GPIO_ReadPin
                0x00000000080047dc       0x2e Drivers/STM32F1xx_HAL_Driver/Src/stm32f1xx_hal_gpio.o
                0x00000000080047dc                HAL_GPIO_ReadPin
 .text.HAL_GPIO_WritePin
                0x000000000800480a       0x30 Drivers/STM32F1xx_HAL_Driver/Src/stm32f1xx_hal_gpio.o
                0x000000000800480a                HAL_GPIO_WritePin
 *fill*         0x000000000800483a        0x2 
 .text.HAL_GPIO_EXTI_IRQHandler
                0x000000000800483c       0x30 Drivers/STM32F1xx_HAL_Driver/Src/stm32f1xx_hal_gpio.o
                0x000000000800483c                HAL_GPIO_EXTI_IRQHandler
 .text.HAL_GPIO_EXTI_Callback
                0x000000000800486c       0x14 Drivers/STM32F1xx_HAL_Driver/Src/stm32f1xx_hal_gpio.o
                0x000000000800486c                HAL_GPIO_EXTI_Callback
 .text.HAL_RCC_OscConfig
                0x0000000008004880      0x500 Drivers/STM32F1xx_HAL_Driver/Src/stm32f1xx_hal_rcc.o
                0x0000000008004880                HAL_RCC_OscConfig
 .text.HAL_RCC_ClockConfig
                0x0000000008004d80      0x1d4 Drivers/STM32F1xx_HAL_Driver/Src/stm32f1xx_hal_rcc.o
                0x0000000008004d80                HAL_RCC_ClockConfig
 .text.HAL_RCC_GetSysClockFreq
                0x0000000008004f54       0xc0 Drivers/STM32F1xx_HAL_Driver/Src/stm32f1xx_hal_rcc.o
                0x0000000008004f54                HAL_RCC_GetSysClockFreq
 .text.HAL_RCC_GetHCLKFreq
                0x0000000008005014       0x14 Drivers/STM32F1xx_HAL_Driver/Src/stm32f1xx_hal_rcc.o
                0x0000000008005014                HAL_RCC_GetHCLKFreq
 .text.HAL_RCC_GetPCLK1Freq
                0x0000000008005028       0x28 Drivers/STM32F1xx_HAL_Driver/Src/stm32f1xx_hal_rcc.o
                0x0000000008005028                HAL_RCC_GetPCLK1Freq
 .text.HAL_RCC_GetPCLK2Freq
                0x0000000008005050       0x28 Drivers/STM32F1xx_HAL_Driver/Src/stm32f1xx_hal_rcc.o
                0x0000000008005050                HAL_RCC_GetPCLK2Freq
 .text.HAL_RCC_GetClockConfig
                0x0000000008005078       0x60 Drivers/STM32F1xx_HAL_Driver/Src/stm32f1xx_hal_rcc.o
                0x0000000008005078                HAL_RCC_GetClockConfig
 .text.RCC_Delay
                0x00000000080050d8       0x3c Drivers/STM32F1xx_HAL_Driver/Src/stm32f1xx_hal_rcc.o
 .text.HAL_RCCEx_PeriphCLKConfig
                0x0000000008005114      0x16c Drivers/STM32F1xx_HAL_Driver/Src/stm32f1xx_hal_rcc_ex.o
                0x0000000008005114                HAL_RCCEx_PeriphCLKConfig
 .text.HAL_RCCEx_GetPeriphCLKFreq
                0x0000000008005280      0x188 Drivers/STM32F1xx_HAL_Driver/Src/stm32f1xx_hal_rcc_ex.o
                0x0000000008005280                HAL_RCCEx_GetPeriphCLKFreq
 .text.HAL_TIM_Base_Init
                0x0000000008005408       0x9e Drivers/STM32F1xx_HAL_Driver/Src/stm32f1xx_hal_tim.o
                0x0000000008005408                HAL_TIM_Base_Init
 *fill*         0x00000000080054a6        0x2 
 .text.HAL_TIM_Base_Start
                0x00000000080054a8       0x94 Drivers/STM32F1xx_HAL_Driver/Src/stm32f1xx_hal_tim.o
                0x00000000080054a8                HAL_TIM_Base_Start
 .text.HAL_TIM_Base_Stop
                0x000000000800553c       0x4c Drivers/STM32F1xx_HAL_Driver/Src/stm32f1xx_hal_tim.o
                0x000000000800553c                HAL_TIM_Base_Stop
 .text.HAL_TIM_Base_Start_IT
                0x0000000008005588       0xa4 Drivers/STM32F1xx_HAL_Driver/Src/stm32f1xx_hal_tim.o
                0x0000000008005588                HAL_TIM_Base_Start_IT
 .text.HAL_TIM_IRQHandler
                0x000000000800562c      0x210 Drivers/STM32F1xx_HAL_Driver/Src/stm32f1xx_hal_tim.o
                0x000000000800562c                HAL_TIM_IRQHandler
 .text.HAL_TIM_ConfigClockSource
                0x000000000800583c      0x188 Drivers/STM32F1xx_HAL_Driver/Src/stm32f1xx_hal_tim.o
                0x000000000800583c                HAL_TIM_ConfigClockSource
 .text.HAL_TIM_OC_DelayElapsedCallback
                0x00000000080059c4       0x12 Drivers/STM32F1xx_HAL_Driver/Src/stm32f1xx_hal_tim.o
                0x00000000080059c4                HAL_TIM_OC_DelayElapsedCallback
 .text.HAL_TIM_IC_CaptureCallback
                0x00000000080059d6       0x12 Drivers/STM32F1xx_HAL_Driver/Src/stm32f1xx_hal_tim.o
                0x00000000080059d6                HAL_TIM_IC_CaptureCallback
 .text.HAL_TIM_PWM_PulseFinishedCallback
                0x00000000080059e8       0x12 Drivers/STM32F1xx_HAL_Driver/Src/stm32f1xx_hal_tim.o
                0x00000000080059e8                HAL_TIM_PWM_PulseFinishedCallback
 .text.HAL_TIM_TriggerCallback
                0x00000000080059fa       0x12 Drivers/STM32F1xx_HAL_Driver/Src/stm32f1xx_hal_tim.o
                0x00000000080059fa                HAL_TIM_TriggerCallback
 .text.TIM_Base_SetConfig
                0x0000000008005a0c       0xc4 Drivers/STM32F1xx_HAL_Driver/Src/stm32f1xx_hal_tim.o
                0x0000000008005a0c                TIM_Base_SetConfig
 .text.TIM_TI1_ConfigInputStage
                0x0000000008005ad0       0x5c Drivers/STM32F1xx_HAL_Driver/Src/stm32f1xx_hal_tim.o
 .text.TIM_TI2_ConfigInputStage
                0x0000000008005b2c       0x5e Drivers/STM32F1xx_HAL_Driver/Src/stm32f1xx_hal_tim.o
 .text.TIM_ITRx_SetConfig
                0x0000000008005b8a       0x34 Drivers/STM32F1xx_HAL_Driver/Src/stm32f1xx_hal_tim.o
 .text.TIM_ETR_SetConfig
                0x0000000008005bbe       0x3e Drivers/STM32F1xx_HAL_Driver/Src/stm32f1xx_hal_tim.o
                0x0000000008005bbe                TIM_ETR_SetConfig
 .text.HAL_TIMEx_MasterConfigSynchronization
                0x0000000008005bfc       0xbc Drivers/STM32F1xx_HAL_Driver/Src/stm32f1xx_hal_tim_ex.o
                0x0000000008005bfc                HAL_TIMEx_MasterConfigSynchronization
 .text.HAL_TIMEx_CommutCallback
                0x0000000008005cb8       0x12 Drivers/STM32F1xx_HAL_Driver/Src/stm32f1xx_hal_tim_ex.o
                0x0000000008005cb8                HAL_TIMEx_CommutCallback
 .text.HAL_TIMEx_BreakCallback
                0x0000000008005cca       0x12 Drivers/STM32F1xx_HAL_Driver/Src/stm32f1xx_hal_tim_ex.o
                0x0000000008005cca                HAL_TIMEx_BreakCallback
 .text.HAL_UART_Init
                0x0000000008005cdc       0x9a Drivers/STM32F1xx_HAL_Driver/Src/stm32f1xx_hal_uart.o
                0x0000000008005cdc                HAL_UART_Init
 .text.HAL_UART_Transmit
                0x0000000008005d76      0x124 Drivers/STM32F1xx_HAL_Driver/Src/stm32f1xx_hal_uart.o
                0x0000000008005d76                HAL_UART_Transmit
 .text.HAL_UART_Receive
                0x0000000008005e9a      0x13e Drivers/STM32F1xx_HAL_Driver/Src/stm32f1xx_hal_uart.o
                0x0000000008005e9a                HAL_UART_Receive
 .text.UART_WaitOnFlagUntilTimeout
                0x0000000008005fd8       0x94 Drivers/STM32F1xx_HAL_Driver/Src/stm32f1xx_hal_uart.o
 .text.UART_SetConfig
                0x000000000800606c      0x11c Drivers/STM32F1xx_HAL_Driver/Src/stm32f1xx_hal_uart.o
 .text.osKernelInitialize
                0x0000000008006188       0x64 Middlewares/Third_Party/FreeRTOS/Source/CMSIS_RTOS_V2/cmsis_os2.o
                0x0000000008006188                osKernelInitialize
 .text.osKernelStart
                0x00000000080061ec       0x68 Middlewares/Third_Party/FreeRTOS/Source/CMSIS_RTOS_V2/cmsis_os2.o
                0x00000000080061ec                osKernelStart
 .text.osThreadNew
                0x0000000008006254      0x154 Middlewares/Third_Party/FreeRTOS/Source/CMSIS_RTOS_V2/cmsis_os2.o
                0x0000000008006254                osThreadNew
 .text.osDelay  0x00000000080063a8       0x5c Middlewares/Third_Party/FreeRTOS/Source/CMSIS_RTOS_V2/cmsis_os2.o
                0x00000000080063a8                osDelay
 .text.osMessageQueueNew
                0x0000000008006404      0x10c Middlewares/Third_Party/FreeRTOS/Source/CMSIS_RTOS_V2/cmsis_os2.o
                0x0000000008006404                osMessageQueueNew
 .text.osMessageQueuePut
                0x0000000008006510       0xe8 Middlewares/Third_Party/FreeRTOS/Source/CMSIS_RTOS_V2/cmsis_os2.o
                0x0000000008006510                osMessageQueuePut
 .text.osMessageQueueGet
                0x00000000080065f8       0xe4 Middlewares/Third_Party/FreeRTOS/Source/CMSIS_RTOS_V2/cmsis_os2.o
                0x00000000080065f8                osMessageQueueGet
 .text.vApplicationGetIdleTaskMemory
                0x00000000080066dc       0x30 Middlewares/Third_Party/FreeRTOS/Source/CMSIS_RTOS_V2/cmsis_os2.o
                0x00000000080066dc                vApplicationGetIdleTaskMemory
 .text.vApplicationGetTimerTaskMemory
                0x000000000800670c       0x34 Middlewares/Third_Party/FreeRTOS/Source/CMSIS_RTOS_V2/cmsis_os2.o
                0x000000000800670c                vApplicationGetTimerTaskMemory
 .text.vListInitialise
                0x0000000008006740       0x3e Middlewares/Third_Party/FreeRTOS/Source/list.o
                0x0000000008006740                vListInitialise
 .text.vListInitialiseItem
                0x000000000800677e       0x18 Middlewares/Third_Party/FreeRTOS/Source/list.o
                0x000000000800677e                vListInitialiseItem
 .text.vListInsertEnd
                0x0000000008006796       0x46 Middlewares/Third_Party/FreeRTOS/Source/list.o
                0x0000000008006796                vListInsertEnd
 .text.vListInsert
                0x00000000080067dc       0x70 Middlewares/Third_Party/FreeRTOS/Source/list.o
                0x00000000080067dc                vListInsert
 .text.uxListRemove
                0x000000000800684c       0x52 Middlewares/Third_Party/FreeRTOS/Source/list.o
                0x000000000800684c                uxListRemove
 *fill*         0x000000000800689e        0x2 
 .text.xQueueGenericReset
                0x00000000080068a0       0xd0 Middlewares/Third_Party/FreeRTOS/Source/queue.o
                0x00000000080068a0                xQueueGenericReset
 .text.xQueueGenericCreateStatic
                0x0000000008006970       0xee Middlewares/Third_Party/FreeRTOS/Source/queue.o
                0x0000000008006970                xQueueGenericCreateStatic
 .text.xQueueGenericCreate
                0x0000000008006a5e       0x7c Middlewares/Third_Party/FreeRTOS/Source/queue.o
                0x0000000008006a5e                xQueueGenericCreate
 .text.prvInitialiseNewQueue
                0x0000000008006ada       0x46 Middlewares/Third_Party/FreeRTOS/Source/queue.o
 .text.xQueueGenericSend
                0x0000000008006b20      0x1fc Middlewares/Third_Party/FreeRTOS/Source/queue.o
                0x0000000008006b20                xQueueGenericSend
 .text.xQueueGenericSendFromISR
                0x0000000008006d1c      0x130 Middlewares/Third_Party/FreeRTOS/Source/queue.o
                0x0000000008006d1c                xQueueGenericSendFromISR
 .text.xQueueReceive
                0x0000000008006e4c      0x1c0 Middlewares/Third_Party/FreeRTOS/Source/queue.o
                0x0000000008006e4c                xQueueReceive
 .text.xQueueReceiveFromISR
                0x000000000800700c      0x100 Middlewares/Third_Party/FreeRTOS/Source/queue.o
                0x000000000800700c                xQueueReceiveFromISR
 .text.prvCopyDataToQueue
                0x000000000800710c       0xd4 Middlewares/Third_Party/FreeRTOS/Source/queue.o
 .text.prvCopyDataFromQueue
                0x00000000080071e0       0x4c Middlewares/Third_Party/FreeRTOS/Source/queue.o
 .text.prvUnlockQueue
                0x000000000800722c       0xa4 Middlewares/Third_Party/FreeRTOS/Source/queue.o
 .text.prvIsQueueEmpty
                0x00000000080072d0       0x2c Middlewares/Third_Party/FreeRTOS/Source/queue.o
 .text.prvIsQueueFull
                0x00000000080072fc       0x30 Middlewares/Third_Party/FreeRTOS/Source/queue.o
 .text.vQueueAddToRegistry
                0x000000000800732c       0x50 Middlewares/Third_Party/FreeRTOS/Source/queue.o
                0x000000000800732c                vQueueAddToRegistry
 .text.vQueueWaitForMessageRestricted
                0x000000000800737c       0x68 Middlewares/Third_Party/FreeRTOS/Source/queue.o
                0x000000000800737c                vQueueWaitForMessageRestricted
 .text.xTaskCreateStatic
                0x00000000080073e4       0xb8 Middlewares/Third_Party/FreeRTOS/Source/tasks.o
                0x00000000080073e4                xTaskCreateStatic
 .text.xTaskCreate
                0x000000000800749c       0x8a Middlewares/Third_Party/FreeRTOS/Source/tasks.o
                0x000000000800749c                xTaskCreate
 .text.prvInitialiseNewTask
                0x0000000008007526      0x10e Middlewares/Third_Party/FreeRTOS/Source/tasks.o
 .text.prvAddNewTaskToReadyList
                0x0000000008007634       0xe0 Middlewares/Third_Party/FreeRTOS/Source/tasks.o
 .text.vTaskDelay
                0x0000000008007714       0x68 Middlewares/Third_Party/FreeRTOS/Source/tasks.o
                0x0000000008007714                vTaskDelay
 .text.vTaskStartScheduler
                0x000000000800777c       0xcc Middlewares/Third_Party/FreeRTOS/Source/tasks.o
                0x000000000800777c                vTaskStartScheduler
 .text.vTaskSuspendAll
                0x0000000008007848       0x1c Middlewares/Third_Party/FreeRTOS/Source/tasks.o
                0x0000000008007848                vTaskSuspendAll
 .text.xTaskResumeAll
                0x0000000008007864      0x13c Middlewares/Third_Party/FreeRTOS/Source/tasks.o
                0x0000000008007864                xTaskResumeAll
 .text.xTaskGetTickCount
                0x00000000080079a0       0x1c Middlewares/Third_Party/FreeRTOS/Source/tasks.o
                0x00000000080079a0                xTaskGetTickCount
 .text.xTaskIncrementTick
                0x00000000080079bc      0x17c Middlewares/Third_Party/FreeRTOS/Source/tasks.o
                0x00000000080079bc                xTaskIncrementTick
 .text.vTaskSwitchContext
                0x0000000008007b38       0xb8 Middlewares/Third_Party/FreeRTOS/Source/tasks.o
                0x0000000008007b38                vTaskSwitchContext
 .text.vTaskPlaceOnEventList
                0x0000000008007bf0       0x48 Middlewares/Third_Party/FreeRTOS/Source/tasks.o
                0x0000000008007bf0                vTaskPlaceOnEventList
 .text.vTaskPlaceOnEventListRestricted
                0x0000000008007c38       0x58 Middlewares/Third_Party/FreeRTOS/Source/tasks.o
                0x0000000008007c38                vTaskPlaceOnEventListRestricted
 .text.xTaskRemoveFromEventList
                0x0000000008007c90       0xc8 Middlewares/Third_Party/FreeRTOS/Source/tasks.o
                0x0000000008007c90                xTaskRemoveFromEventList
 .text.vTaskInternalSetTimeOutState
                0x0000000008007d58       0x2c Middlewares/Third_Party/FreeRTOS/Source/tasks.o
                0x0000000008007d58                vTaskInternalSetTimeOutState
 .text.xTaskCheckForTimeOut
                0x0000000008007d84       0xc4 Middlewares/Third_Party/FreeRTOS/Source/tasks.o
                0x0000000008007d84                xTaskCheckForTimeOut
 .text.vTaskMissedYield
                0x0000000008007e48       0x18 Middlewares/Third_Party/FreeRTOS/Source/tasks.o
                0x0000000008007e48                vTaskMissedYield
 .text.prvIdleTask
                0x0000000008007e60       0x30 Middlewares/Third_Party/FreeRTOS/Source/tasks.o
 .text.prvInitialiseTaskLists
                0x0000000008007e90       0x80 Middlewares/Third_Party/FreeRTOS/Source/tasks.o
 .text.prvCheckTasksWaitingTermination
                0x0000000008007f10       0x5c Middlewares/Third_Party/FreeRTOS/Source/tasks.o
 .text.prvDeleteTCB
                0x0000000008007f6c       0x5e Middlewares/Third_Party/FreeRTOS/Source/tasks.o
 *fill*         0x0000000008007fca        0x2 
 .text.prvResetNextTaskUnblockTime
                0x0000000008007fcc       0x48 Middlewares/Third_Party/FreeRTOS/Source/tasks.o
 .text.xTaskGetSchedulerState
                0x0000000008008014       0x3c Middlewares/Third_Party/FreeRTOS/Source/tasks.o
                0x0000000008008014                xTaskGetSchedulerState
 .text.xTaskPriorityDisinherit
                0x0000000008008050       0xdc Middlewares/Third_Party/FreeRTOS/Source/tasks.o
                0x0000000008008050                xTaskPriorityDisinherit
 .text.prvAddCurrentTaskToDelayedList
                0x000000000800812c       0xa8 Middlewares/Third_Party/FreeRTOS/Source/tasks.o
 .text.xTimerCreateTimerTask
                0x00000000080081d4       0x90 Middlewares/Third_Party/FreeRTOS/Source/timers.o
                0x00000000080081d4                xTimerCreateTimerTask
 .text.xTimerGenericCommand
                0x0000000008008264       0x9c Middlewares/Third_Party/FreeRTOS/Source/timers.o
                0x0000000008008264                xTimerGenericCommand
 .text.prvProcessExpiredTimer
                0x0000000008008300       0x80 Middlewares/Third_Party/FreeRTOS/Source/timers.o
 .text.prvTimerTask
                0x0000000008008380       0x24 Middlewares/Third_Party/FreeRTOS/Source/timers.o
 .text.prvProcessTimerOrBlockTask
                0x00000000080083a4       0x9c Middlewares/Third_Party/FreeRTOS/Source/timers.o
 .text.prvGetNextExpireTime
                0x0000000008008440       0x48 Middlewares/Third_Party/FreeRTOS/Source/timers.o
 .text.prvSampleTimeNow
                0x0000000008008488       0x40 Middlewares/Third_Party/FreeRTOS/Source/timers.o
 .text.prvInsertTimerInActiveList
                0x00000000080084c8       0x84 Middlewares/Third_Party/FreeRTOS/Source/timers.o
 .text.prvProcessReceivedCommands
                0x000000000800854c      0x168 Middlewares/Third_Party/FreeRTOS/Source/timers.o
 .text.prvSwitchTimerLists
                0x00000000080086b4       0xc4 Middlewares/Third_Party/FreeRTOS/Source/timers.o
 .text.prvCheckForValidListAndQueue
                0x0000000008008778       0x80 Middlewares/Third_Party/FreeRTOS/Source/timers.o
 .text.pxPortInitialiseStack
                0x00000000080087f8       0x58 Middlewares/Third_Party/FreeRTOS/Source/portable/GCC/ARM_CM3/port.o
                0x00000000080087f8                pxPortInitialiseStack
 .text.prvTaskExitError
                0x0000000008008850       0x58 Middlewares/Third_Party/FreeRTOS/Source/portable/GCC/ARM_CM3/port.o
 *fill*         0x00000000080088a8        0x8 
 .text.SVC_Handler
                0x00000000080088b0       0x28 Middlewares/Third_Party/FreeRTOS/Source/portable/GCC/ARM_CM3/port.o
                0x00000000080088b0                SVC_Handler
 .text.prvPortStartFirstTask
                0x00000000080088d8       0x20 Middlewares/Third_Party/FreeRTOS/Source/portable/GCC/ARM_CM3/port.o
 .text.xPortStartScheduler
                0x00000000080088f8       0xe4 Middlewares/Third_Party/FreeRTOS/Source/portable/GCC/ARM_CM3/port.o
                0x00000000080088f8                xPortStartScheduler
 .text.vPortEnterCritical
                0x00000000080089dc       0x60 Middlewares/Third_Party/FreeRTOS/Source/portable/GCC/ARM_CM3/port.o
                0x00000000080089dc                vPortEnterCritical
 .text.vPortExitCritical
                0x0000000008008a3c       0x50 Middlewares/Third_Party/FreeRTOS/Source/portable/GCC/ARM_CM3/port.o
                0x0000000008008a3c                vPortExitCritical
 *fill*         0x0000000008008a8c        0x4 
 .text.PendSV_Handler
                0x0000000008008a90       0x48 Middlewares/Third_Party/FreeRTOS/Source/portable/GCC/ARM_CM3/port.o
                0x0000000008008a90                PendSV_Handler
 .text.SysTick_Handler
                0x0000000008008ad8       0x44 Middlewares/Third_Party/FreeRTOS/Source/portable/GCC/ARM_CM3/port.o
                0x0000000008008ad8                SysTick_Handler
 .text.vPortSetupTimerInterrupt
                0x0000000008008b1c       0x44 Middlewares/Third_Party/FreeRTOS/Source/portable/GCC/ARM_CM3/port.o
                0x0000000008008b1c                vPortSetupTimerInterrupt
 .text.vPortValidateInterruptPriority
                0x0000000008008b60       0x7c Middlewares/Third_Party/FreeRTOS/Source/portable/GCC/ARM_CM3/port.o
                0x0000000008008b60                vPortValidateInterruptPriority
 .text.pvPortMalloc
                0x0000000008008bdc      0x188 Middlewares/Third_Party/FreeRTOS/Source/portable/MemMang/heap_4.o
                0x0000000008008bdc                pvPortMalloc
 .text.vPortFree
                0x0000000008008d64       0xb4 Middlewares/Third_Party/FreeRTOS/Source/portable/MemMang/heap_4.o
                0x0000000008008d64                vPortFree
 .text.prvHeapInit
                0x0000000008008e18       0xc4 Middlewares/Third_Party/FreeRTOS/Source/portable/MemMang/heap_4.o
 .text.prvInsertBlockIntoFreeList
                0x0000000008008edc       0xb0 Middlewares/Third_Party/FreeRTOS/Source/portable/MemMang/heap_4.o
 .text.__libc_init_array
                0x0000000008008f8c       0x48 c:/st/stm32cubeide_1.4.0/stm32cubeide/plugins/com.st.stm32cube.ide.mcu.externaltools.gnu-tools-for-stm32.9-2020-q2-update.win32_1.5.0.202011040924/tools/bin/../lib/gcc/arm-none-eabi/9.3.1/../../../../arm-none-eabi/lib/thumb/v7-m/nofp\libc_nano.a(lib_a-init.o)
                0x0000000008008f8c                __libc_init_array
 .text.memcpy   0x0000000008008fd4       0x1c c:/st/stm32cubeide_1.4.0/stm32cubeide/plugins/com.st.stm32cube.ide.mcu.externaltools.gnu-tools-for-stm32.9-2020-q2-update.win32_1.5.0.202011040924/tools/bin/../lib/gcc/arm-none-eabi/9.3.1/../../../../arm-none-eabi/lib/thumb/v7-m/nofp\libc_nano.a(lib_a-memcpy-stub.o)
                0x0000000008008fd4                memcpy
 .text.memset   0x0000000008008ff0       0x10 c:/st/stm32cubeide_1.4.0/stm32cubeide/plugins/com.st.stm32cube.ide.mcu.externaltools.gnu-tools-for-stm32.9-2020-q2-update.win32_1.5.0.202011040924/tools/bin/../lib/gcc/arm-none-eabi/9.3.1/../../../../arm-none-eabi/lib/thumb/v7-m/nofp\libc_nano.a(lib_a-memset.o)
                0x0000000008008ff0                memset
 *(.glue_7)
 .glue_7        0x0000000008009000        0x0 linker stubs
 *(.glue_7t)
 .glue_7t       0x0000000008009000        0x0 linker stubs
 *(.eh_frame)
 .eh_frame      0x0000000008009000        0x0 c:/st/stm32cubeide_1.4.0/stm32cubeide/plugins/com.st.stm32cube.ide.mcu.externaltools.gnu-tools-for-stm32.9-2020-q2-update.win32_1.5.0.202011040924/tools/bin/../lib/gcc/arm-none-eabi/9.3.1/thumb/v7-m/nofp/crtbegin.o
 *(.init)
 .init          0x0000000008009000        0x4 c:/st/stm32cubeide_1.4.0/stm32cubeide/plugins/com.st.stm32cube.ide.mcu.externaltools.gnu-tools-for-stm32.9-2020-q2-update.win32_1.5.0.202011040924/tools/bin/../lib/gcc/arm-none-eabi/9.3.1/thumb/v7-m/nofp/crti.o
                0x0000000008009000                _init
 .init          0x0000000008009004        0x8 c:/st/stm32cubeide_1.4.0/stm32cubeide/plugins/com.st.stm32cube.ide.mcu.externaltools.gnu-tools-for-stm32.9-2020-q2-update.win32_1.5.0.202011040924/tools/bin/../lib/gcc/arm-none-eabi/9.3.1/thumb/v7-m/nofp/crtn.o
 *(.fini)
 .fini          0x000000000800900c        0x4 c:/st/stm32cubeide_1.4.0/stm32cubeide/plugins/com.st.stm32cube.ide.mcu.externaltools.gnu-tools-for-stm32.9-2020-q2-update.win32_1.5.0.202011040924/tools/bin/../lib/gcc/arm-none-eabi/9.3.1/thumb/v7-m/nofp/crti.o
                0x000000000800900c                _fini
 .fini          0x0000000008009010        0x8 c:/st/stm32cubeide_1.4.0/stm32cubeide/plugins/com.st.stm32cube.ide.mcu.externaltools.gnu-tools-for-stm32.9-2020-q2-update.win32_1.5.0.202011040924/tools/bin/../lib/gcc/arm-none-eabi/9.3.1/thumb/v7-m/nofp/crtn.o
                0x0000000008009018                . = ALIGN (0x4)
                0x0000000008009018                _etext = .

.vfp11_veneer   0x0000000008009018        0x0
 .vfp11_veneer  0x0000000008009018        0x0 linker stubs

.v4_bx          0x0000000008009018        0x0
 .v4_bx         0x0000000008009018        0x0 linker stubs

.iplt           0x0000000008009018        0x0
 .iplt          0x0000000008009018        0x0 c:/st/stm32cubeide_1.4.0/stm32cubeide/plugins/com.st.stm32cube.ide.mcu.externaltools.gnu-tools-for-stm32.9-2020-q2-update.win32_1.5.0.202011040924/tools/bin/../lib/gcc/arm-none-eabi/9.3.1/thumb/v7-m/nofp/crtbegin.o

.rodata         0x0000000008009018      0x2ac
                0x0000000008009018                . = ALIGN (0x4)
 *(.rodata)
 .rodata        0x0000000008009018       0xb6 Core/Src/main.o
 *fill*         0x00000000080090ce        0x2 
 .rodata        0x00000000080090d0       0x18 Core/Src/sensorObjects.o
 .rodata        0x00000000080090e8       0x10 Drivers/STM32F1xx_HAL_Driver/Src/stm32f1xx_hal_rcc.o
 .rodata        0x00000000080090f8       0x10 Drivers/STM32F1xx_HAL_Driver/Src/stm32f1xx_hal_rcc_ex.o
 .rodata        0x0000000008009108        0x5 Middlewares/Third_Party/FreeRTOS/Source/tasks.o
 *fill*         0x000000000800910d        0x3 
 .rodata        0x0000000008009110        0xd Middlewares/Third_Party/FreeRTOS/Source/timers.o
 *(.rodata*)
 *fill*         0x000000000800911d        0x3 
 .rodata.XbeeTask_attributes
                0x0000000008009120       0x24 Core/Src/main.o
                0x0000000008009120                XbeeTask_attributes
 .rodata.UserTask_attributes
                0x0000000008009144       0x24 Core/Src/main.o
                0x0000000008009144                UserTask_attributes
 .rodata.SolenoidTask_attributes
                0x0000000008009168       0x24 Core/Src/main.o
                0x0000000008009168                SolenoidTask_attributes
 .rodata.WeatherTask_attributes
                0x000000000800918c       0x24 Core/Src/main.o
                0x000000000800918c                WeatherTask_attributes
 .rodata.FlowTask_attributes
                0x00000000080091b0       0x24 Core/Src/main.o
                0x00000000080091b0                FlowTask_attributes
 .rodata.ProcessingTask_attributes
                0x00000000080091d4       0x24 Core/Src/main.o
                0x00000000080091d4                ProcessingTask_attributes
 .rodata.WebsiteTask_attributes
                0x00000000080091f8       0x24 Core/Src/main.o
                0x00000000080091f8                WebsiteTask_attributes
 .rodata.FlowQueue_attributes
                0x000000000800921c       0x18 Core/Src/main.o
                0x000000000800921c                FlowQueue_attributes
 .rodata.WeatherQueue_attributes
                0x0000000008009234       0x18 Core/Src/main.o
                0x0000000008009234                WeatherQueue_attributes
 .rodata.SolenoidQueue_attributes
                0x000000000800924c       0x18 Core/Src/main.o
                0x000000000800924c                SolenoidQueue_attributes
 .rodata.UserQueue_attributes
                0x0000000008009264       0x18 Core/Src/main.o
                0x0000000008009264                UserQueue_attributes
 .rodata.WebsiteQueue_attributes
                0x000000000800927c       0x18 Core/Src/main.o
                0x000000000800927c                WebsiteQueue_attributes
 .rodata.Flow2Queue_attributes
                0x0000000008009294       0x18 Core/Src/main.o
                0x0000000008009294                Flow2Queue_attributes
 .rodata.AHBPrescTable
                0x00000000080092ac       0x10 Core/Src/system_stm32f1xx.o
                0x00000000080092ac                AHBPrescTable
 .rodata.APBPrescTable
                0x00000000080092bc        0x8 Core/Src/system_stm32f1xx.o
                0x00000000080092bc                APBPrescTable
                0x00000000080092c4                . = ALIGN (0x4)

.rel.dyn        0x00000000080092c4        0x0
 .rel.iplt      0x00000000080092c4        0x0 c:/st/stm32cubeide_1.4.0/stm32cubeide/plugins/com.st.stm32cube.ide.mcu.externaltools.gnu-tools-for-stm32.9-2020-q2-update.win32_1.5.0.202011040924/tools/bin/../lib/gcc/arm-none-eabi/9.3.1/thumb/v7-m/nofp/crtbegin.o

.ARM.extab      0x00000000080092c4        0x0
                0x00000000080092c4                . = ALIGN (0x4)
 *(.ARM.extab* .gnu.linkonce.armextab.*)
                0x00000000080092c4                . = ALIGN (0x4)

.ARM            0x00000000080092c4        0x0
                0x00000000080092c4                . = ALIGN (0x4)
                0x00000000080092c4                __exidx_start = .
 *(.ARM.exidx*)
                0x00000000080092c4                __exidx_end = .
                0x00000000080092c4                . = ALIGN (0x4)

.preinit_array  0x00000000080092c4        0x0
                0x00000000080092c4                . = ALIGN (0x4)
                0x00000000080092c4                PROVIDE (__preinit_array_start = .)
 *(.preinit_array*)
                0x00000000080092c4                PROVIDE (__preinit_array_end = .)
                0x00000000080092c4                . = ALIGN (0x4)

.init_array     0x00000000080092c4        0x4
                0x00000000080092c4                . = ALIGN (0x4)
                0x00000000080092c4                PROVIDE (__init_array_start = .)
 *(SORT_BY_NAME(.init_array.*))
 *(.init_array*)
 .init_array    0x00000000080092c4        0x4 c:/st/stm32cubeide_1.4.0/stm32cubeide/plugins/com.st.stm32cube.ide.mcu.externaltools.gnu-tools-for-stm32.9-2020-q2-update.win32_1.5.0.202011040924/tools/bin/../lib/gcc/arm-none-eabi/9.3.1/thumb/v7-m/nofp/crtbegin.o
                0x00000000080092c8                PROVIDE (__init_array_end = .)
                0x00000000080092c8                . = ALIGN (0x4)

.fini_array     0x00000000080092c8        0x4
                0x00000000080092c8                . = ALIGN (0x4)
                [!provide]                        PROVIDE (__fini_array_start = .)
 *(SORT_BY_NAME(.fini_array.*))
 *(.fini_array*)
 .fini_array    0x00000000080092c8        0x4 c:/st/stm32cubeide_1.4.0/stm32cubeide/plugins/com.st.stm32cube.ide.mcu.externaltools.gnu-tools-for-stm32.9-2020-q2-update.win32_1.5.0.202011040924/tools/bin/../lib/gcc/arm-none-eabi/9.3.1/thumb/v7-m/nofp/crtbegin.o
                [!provide]                        PROVIDE (__fini_array_end = .)
                0x00000000080092cc                . = ALIGN (0x4)
                0x00000000080092cc                _sidata = LOADADDR (.data)

.data           0x0000000020000000       0x10 load address 0x00000000080092cc
                0x0000000020000000                . = ALIGN (0x4)
                0x0000000020000000                _sdata = .
 *(.data)
 *(.data*)
 .data.SystemCoreClock
                0x0000000020000000        0x4 Core/Src/system_stm32f1xx.o
                0x0000000020000000                SystemCoreClock
 .data.uwTickPrio
                0x0000000020000004        0x4 Drivers/STM32F1xx_HAL_Driver/Src/stm32f1xx_hal.o
                0x0000000020000004                uwTickPrio
 .data.uwTickFreq
                0x0000000020000008        0x1 Drivers/STM32F1xx_HAL_Driver/Src/stm32f1xx_hal.o
                0x0000000020000008                uwTickFreq
 *fill*         0x0000000020000009        0x3 
 .data.uxCriticalNesting
                0x000000002000000c        0x4 Middlewares/Third_Party/FreeRTOS/Source/portable/GCC/ARM_CM3/port.o
 *(.RamFunc)
 *(.RamFunc*)
                0x0000000020000010                . = ALIGN (0x4)
                0x0000000020000010                _edata = .

.igot.plt       0x0000000020000010        0x0 load address 0x00000000080092dc
 .igot.plt      0x0000000020000010        0x0 c:/st/stm32cubeide_1.4.0/stm32cubeide/plugins/com.st.stm32cube.ide.mcu.externaltools.gnu-tools-for-stm32.9-2020-q2-update.win32_1.5.0.202011040924/tools/bin/../lib/gcc/arm-none-eabi/9.3.1/thumb/v7-m/nofp/crtbegin.o
                0x0000000020000010                . = ALIGN (0x4)

.bss            0x0000000020000010     0x293c load address 0x00000000080092dc
                0x0000000020000010                _sbss = .
                0x0000000020000010                __bss_start__ = _sbss
 *(.bss)
 .bss           0x0000000020000010       0x1c c:/st/stm32cubeide_1.4.0/stm32cubeide/plugins/com.st.stm32cube.ide.mcu.externaltools.gnu-tools-for-stm32.9-2020-q2-update.win32_1.5.0.202011040924/tools/bin/../lib/gcc/arm-none-eabi/9.3.1/thumb/v7-m/nofp/crtbegin.o
 *(.bss*)
 .bss.KernelState
                0x000000002000002c        0x4 Middlewares/Third_Party/FreeRTOS/Source/CMSIS_RTOS_V2/cmsis_os2.o
 .bss.Idle_TCB  0x0000000020000030       0x5c Middlewares/Third_Party/FreeRTOS/Source/CMSIS_RTOS_V2/cmsis_os2.o
 .bss.Idle_Stack
                0x000000002000008c      0x200 Middlewares/Third_Party/FreeRTOS/Source/CMSIS_RTOS_V2/cmsis_os2.o
 .bss.Timer_TCB
                0x000000002000028c       0x5c Middlewares/Third_Party/FreeRTOS/Source/CMSIS_RTOS_V2/cmsis_os2.o
 .bss.Timer_Stack
                0x00000000200002e8      0x400 Middlewares/Third_Party/FreeRTOS/Source/CMSIS_RTOS_V2/cmsis_os2.o
 .bss.pxCurrentTCB
                0x00000000200006e8        0x4 Middlewares/Third_Party/FreeRTOS/Source/tasks.o
                0x00000000200006e8                pxCurrentTCB
 .bss.pxReadyTasksLists
                0x00000000200006ec      0x460 Middlewares/Third_Party/FreeRTOS/Source/tasks.o
 .bss.xDelayedTaskList1
                0x0000000020000b4c       0x14 Middlewares/Third_Party/FreeRTOS/Source/tasks.o
 .bss.xDelayedTaskList2
                0x0000000020000b60       0x14 Middlewares/Third_Party/FreeRTOS/Source/tasks.o
 .bss.pxDelayedTaskList
                0x0000000020000b74        0x4 Middlewares/Third_Party/FreeRTOS/Source/tasks.o
 .bss.pxOverflowDelayedTaskList
                0x0000000020000b78        0x4 Middlewares/Third_Party/FreeRTOS/Source/tasks.o
 .bss.xPendingReadyList
                0x0000000020000b7c       0x14 Middlewares/Third_Party/FreeRTOS/Source/tasks.o
 .bss.xTasksWaitingTermination
                0x0000000020000b90       0x14 Middlewares/Third_Party/FreeRTOS/Source/tasks.o
 .bss.uxDeletedTasksWaitingCleanUp
                0x0000000020000ba4        0x4 Middlewares/Third_Party/FreeRTOS/Source/tasks.o
 .bss.xSuspendedTaskList
                0x0000000020000ba8       0x14 Middlewares/Third_Party/FreeRTOS/Source/tasks.o
 .bss.uxCurrentNumberOfTasks
                0x0000000020000bbc        0x4 Middlewares/Third_Party/FreeRTOS/Source/tasks.o
 .bss.xTickCount
                0x0000000020000bc0        0x4 Middlewares/Third_Party/FreeRTOS/Source/tasks.o
 .bss.uxTopReadyPriority
                0x0000000020000bc4        0x4 Middlewares/Third_Party/FreeRTOS/Source/tasks.o
 .bss.xSchedulerRunning
                0x0000000020000bc8        0x4 Middlewares/Third_Party/FreeRTOS/Source/tasks.o
 .bss.uxPendedTicks
                0x0000000020000bcc        0x4 Middlewares/Third_Party/FreeRTOS/Source/tasks.o
 .bss.xYieldPending
                0x0000000020000bd0        0x4 Middlewares/Third_Party/FreeRTOS/Source/tasks.o
 .bss.xNumOfOverflows
                0x0000000020000bd4        0x4 Middlewares/Third_Party/FreeRTOS/Source/tasks.o
 .bss.uxTaskNumber
                0x0000000020000bd8        0x4 Middlewares/Third_Party/FreeRTOS/Source/tasks.o
 .bss.xNextTaskUnblockTime
                0x0000000020000bdc        0x4 Middlewares/Third_Party/FreeRTOS/Source/tasks.o
 .bss.xIdleTaskHandle
                0x0000000020000be0        0x4 Middlewares/Third_Party/FreeRTOS/Source/tasks.o
 .bss.uxSchedulerSuspended
                0x0000000020000be4        0x4 Middlewares/Third_Party/FreeRTOS/Source/tasks.o
 .bss.xActiveTimerList1
                0x0000000020000be8       0x14 Middlewares/Third_Party/FreeRTOS/Source/timers.o
 .bss.xActiveTimerList2
                0x0000000020000bfc       0x14 Middlewares/Third_Party/FreeRTOS/Source/timers.o
 .bss.pxCurrentTimerList
                0x0000000020000c10        0x4 Middlewares/Third_Party/FreeRTOS/Source/timers.o
 .bss.pxOverflowTimerList
                0x0000000020000c14        0x4 Middlewares/Third_Party/FreeRTOS/Source/timers.o
 .bss.xTimerQueue
                0x0000000020000c18        0x4 Middlewares/Third_Party/FreeRTOS/Source/timers.o
 .bss.xTimerTaskHandle
                0x0000000020000c1c        0x4 Middlewares/Third_Party/FreeRTOS/Source/timers.o
 .bss.xLastTime.5524
                0x0000000020000c20        0x4 Middlewares/Third_Party/FreeRTOS/Source/timers.o
 .bss.ucStaticTimerQueueStorage.5575
                0x0000000020000c24       0xa0 Middlewares/Third_Party/FreeRTOS/Source/timers.o
 .bss.xStaticTimerQueue.5574
                0x0000000020000cc4       0x50 Middlewares/Third_Party/FreeRTOS/Source/timers.o
 .bss.ucMaxSysCallPriority
                0x0000000020000d14        0x1 Middlewares/Third_Party/FreeRTOS/Source/portable/GCC/ARM_CM3/port.o
 *fill*         0x0000000020000d15        0x3 
 .bss.ulMaxPRIGROUPValue
                0x0000000020000d18        0x4 Middlewares/Third_Party/FreeRTOS/Source/portable/GCC/ARM_CM3/port.o
 .bss.ucHeap    0x0000000020000d1c     0x1770 Middlewares/Third_Party/FreeRTOS/Source/portable/MemMang/heap_4.o
 .bss.xStart    0x000000002000248c        0x8 Middlewares/Third_Party/FreeRTOS/Source/portable/MemMang/heap_4.o
 .bss.pxEnd     0x0000000020002494        0x4 Middlewares/Third_Party/FreeRTOS/Source/portable/MemMang/heap_4.o
 .bss.xFreeBytesRemaining
                0x0000000020002498        0x4 Middlewares/Third_Party/FreeRTOS/Source/portable/MemMang/heap_4.o
 .bss.xMinimumEverFreeBytesRemaining
                0x000000002000249c        0x4 Middlewares/Third_Party/FreeRTOS/Source/portable/MemMang/heap_4.o
 .bss.xBlockAllocatedBit
                0x00000000200024a0        0x4 Middlewares/Third_Party/FreeRTOS/Source/portable/MemMang/heap_4.o
 *(COMMON)
 COMMON         0x00000000200024a4       0x80 Core/Src/Letters.o
                0x00000000200024a4                huart3
                0x00000000200024e4                huart1
 COMMON         0x0000000020002524      0x39a Core/Src/main.o
                0x0000000020002524                uartBufferRX
                0x0000000020002558                SolenoidQueueHandle
                0x000000002000255c                FlowQueueHandle
                0x0000000020002560                XbeeTaskHandle
                0x0000000020002564                UserQueueHandle
                0x0000000020002568                fairways
                0x00000000200027a8                WebsiteTaskHandle
                0x00000000200027ac                Flow2QueueHandle
                0x00000000200027b0                hadc1
                0x00000000200027e0                WeatherTaskHandle
                0x00000000200027e4                WebsiteQueueHandle
                0x00000000200027e8                UserTaskHandle
                0x00000000200027ec                htim1
                0x0000000020002834                FlowTaskHandle
                0x0000000020002838                WeatherQueueHandle
                0x000000002000283c                htim2
                0x0000000020002884                ProcessingTaskHandle
                0x0000000020002888                SolenoidTaskHandle
                0x000000002000288c                uartBufferTX
 *fill*         0x00000000200028be        0x2 
 COMMON         0x00000000200028c0       0x48 Core/Src/stm32f1xx_hal_timebase_tim.o
                0x00000000200028c0                htim4
 COMMON         0x0000000020002908        0x4 Drivers/STM32F1xx_HAL_Driver/Src/stm32f1xx_hal.o
                0x0000000020002908                uwTick
 COMMON         0x000000002000290c       0x40 Middlewares/Third_Party/FreeRTOS/Source/queue.o
                0x000000002000290c                xQueueRegistry
                0x000000002000294c                . = ALIGN (0x4)
                0x000000002000294c                _ebss = .
                0x000000002000294c                __bss_end__ = _ebss

._user_heap_stack
                0x000000002000294c      0x604 load address 0x00000000080092dc
                0x0000000020002950                . = ALIGN (0x8)
 *fill*         0x000000002000294c        0x4 
                [!provide]                        PROVIDE (end = .)
                0x0000000020002950                PROVIDE (_end = .)
                0x0000000020002b50                . = (. + _Min_Heap_Size)
 *fill*         0x0000000020002950      0x200 
                0x0000000020002f50                . = (. + _Min_Stack_Size)
 *fill*         0x0000000020002b50      0x400 
                0x0000000020002f50                . = ALIGN (0x8)

/DISCARD/
 libc.a(*)
 libm.a(*)
 libgcc.a(*)

.ARM.attributes
                0x0000000000000000       0x29
 *(.ARM.attributes)
 .ARM.attributes
                0x0000000000000000       0x1d c:/st/stm32cubeide_1.4.0/stm32cubeide/plugins/com.st.stm32cube.ide.mcu.externaltools.gnu-tools-for-stm32.9-2020-q2-update.win32_1.5.0.202011040924/tools/bin/../lib/gcc/arm-none-eabi/9.3.1/thumb/v7-m/nofp/crti.o
 .ARM.attributes
                0x000000000000001d       0x2d c:/st/stm32cubeide_1.4.0/stm32cubeide/plugins/com.st.stm32cube.ide.mcu.externaltools.gnu-tools-for-stm32.9-2020-q2-update.win32_1.5.0.202011040924/tools/bin/../lib/gcc/arm-none-eabi/9.3.1/thumb/v7-m/nofp/crtbegin.o
 .ARM.attributes
                0x000000000000004a       0x2d Core/Src/Letters.o
 .ARM.attributes
                0x0000000000000077       0x2d Core/Src/main.o
 .ARM.attributes
                0x00000000000000a4       0x2d Core/Src/sensorObjects.o
 .ARM.attributes
                0x00000000000000d1       0x2d Core/Src/stm32f1xx_hal_msp.o
 .ARM.attributes
                0x00000000000000fe       0x2d Core/Src/stm32f1xx_hal_timebase_tim.o
 .ARM.attributes
                0x000000000000012b       0x2d Core/Src/stm32f1xx_it.o
 .ARM.attributes
                0x0000000000000158       0x2d Core/Src/system_stm32f1xx.o
 .ARM.attributes
                0x0000000000000185       0x21 Core/Startup/startup_stm32f103rbtx.o
 .ARM.attributes
                0x00000000000001a6       0x2d Drivers/STM32F1xx_HAL_Driver/Src/stm32f1xx_hal.o
 .ARM.attributes
                0x00000000000001d3       0x2d Drivers/STM32F1xx_HAL_Driver/Src/stm32f1xx_hal_adc.o
 .ARM.attributes
                0x0000000000000200       0x2d Drivers/STM32F1xx_HAL_Driver/Src/stm32f1xx_hal_cortex.o
 .ARM.attributes
                0x000000000000022d       0x2d Drivers/STM32F1xx_HAL_Driver/Src/stm32f1xx_hal_gpio.o
 .ARM.attributes
                0x000000000000025a       0x2d Drivers/STM32F1xx_HAL_Driver/Src/stm32f1xx_hal_rcc.o
 .ARM.attributes
                0x0000000000000287       0x2d Drivers/STM32F1xx_HAL_Driver/Src/stm32f1xx_hal_rcc_ex.o
 .ARM.attributes
                0x00000000000002b4       0x2d Drivers/STM32F1xx_HAL_Driver/Src/stm32f1xx_hal_tim.o
 .ARM.attributes
                0x00000000000002e1       0x2d Drivers/STM32F1xx_HAL_Driver/Src/stm32f1xx_hal_tim_ex.o
 .ARM.attributes
                0x000000000000030e       0x2d Drivers/STM32F1xx_HAL_Driver/Src/stm32f1xx_hal_uart.o
 .ARM.attributes
                0x000000000000033b       0x2d Middlewares/Third_Party/FreeRTOS/Source/CMSIS_RTOS_V2/cmsis_os2.o
 .ARM.attributes
                0x0000000000000368       0x2d Middlewares/Third_Party/FreeRTOS/Source/list.o
 .ARM.attributes
                0x0000000000000395       0x2d Middlewares/Third_Party/FreeRTOS/Source/queue.o
 .ARM.attributes
                0x00000000000003c2       0x2d Middlewares/Third_Party/FreeRTOS/Source/tasks.o
 .ARM.attributes
                0x00000000000003ef       0x2d Middlewares/Third_Party/FreeRTOS/Source/timers.o
 .ARM.attributes
                0x000000000000041c       0x2d Middlewares/Third_Party/FreeRTOS/Source/portable/GCC/ARM_CM3/port.o
 .ARM.attributes
                0x0000000000000449       0x2d Middlewares/Third_Party/FreeRTOS/Source/portable/MemMang/heap_4.o
 .ARM.attributes
                0x0000000000000476       0x2d c:/st/stm32cubeide_1.4.0/stm32cubeide/plugins/com.st.stm32cube.ide.mcu.externaltools.gnu-tools-for-stm32.9-2020-q2-update.win32_1.5.0.202011040924/tools/bin/../lib/gcc/arm-none-eabi/9.3.1/../../../../arm-none-eabi/lib/thumb/v7-m/nofp\libc_nano.a(lib_a-init.o)
 .ARM.attributes
                0x00000000000004a3       0x2d c:/st/stm32cubeide_1.4.0/stm32cubeide/plugins/com.st.stm32cube.ide.mcu.externaltools.gnu-tools-for-stm32.9-2020-q2-update.win32_1.5.0.202011040924/tools/bin/../lib/gcc/arm-none-eabi/9.3.1/../../../../arm-none-eabi/lib/thumb/v7-m/nofp\libc_nano.a(lib_a-memcpy-stub.o)
 .ARM.attributes
                0x00000000000004d0       0x2d c:/st/stm32cubeide_1.4.0/stm32cubeide/plugins/com.st.stm32cube.ide.mcu.externaltools.gnu-tools-for-stm32.9-2020-q2-update.win32_1.5.0.202011040924/tools/bin/../lib/gcc/arm-none-eabi/9.3.1/../../../../arm-none-eabi/lib/thumb/v7-m/nofp\libc_nano.a(lib_a-memset.o)
 .ARM.attributes
                0x00000000000004fd       0x1d c:/st/stm32cubeide_1.4.0/stm32cubeide/plugins/com.st.stm32cube.ide.mcu.externaltools.gnu-tools-for-stm32.9-2020-q2-update.win32_1.5.0.202011040924/tools/bin/../lib/gcc/arm-none-eabi/9.3.1/thumb/v7-m/nofp/crtn.o
OUTPUT(User Interface.elf elf32-littlearm)
LOAD linker stubs
LOAD c:/st/stm32cubeide_1.4.0/stm32cubeide/plugins/com.st.stm32cube.ide.mcu.externaltools.gnu-tools-for-stm32.9-2020-q2-update.win32_1.5.0.202011040924/tools/bin/../lib/gcc/arm-none-eabi/9.3.1/../../../../arm-none-eabi/lib/thumb/v7-m/nofp\libc.a
LOAD c:/st/stm32cubeide_1.4.0/stm32cubeide/plugins/com.st.stm32cube.ide.mcu.externaltools.gnu-tools-for-stm32.9-2020-q2-update.win32_1.5.0.202011040924/tools/bin/../lib/gcc/arm-none-eabi/9.3.1/../../../../arm-none-eabi/lib/thumb/v7-m/nofp\libm.a
LOAD c:/st/stm32cubeide_1.4.0/stm32cubeide/plugins/com.st.stm32cube.ide.mcu.externaltools.gnu-tools-for-stm32.9-2020-q2-update.win32_1.5.0.202011040924/tools/bin/../lib/gcc/arm-none-eabi/9.3.1/thumb/v7-m/nofp\libgcc.a

.debug_info     0x0000000000000000    0x19e81
 .debug_info    0x0000000000000000      0x6ab Core/Src/Letters.o
 .debug_info    0x00000000000006ab     0x1db4 Core/Src/main.o
 .debug_info    0x000000000000245f      0xaf7 Core/Src/sensorObjects.o
 .debug_info    0x0000000000002f56     0x10e2 Core/Src/stm32f1xx_hal_msp.o
 .debug_info    0x0000000000004038      0xa19 Core/Src/stm32f1xx_hal_timebase_tim.o
 .debug_info    0x0000000000004a51      0x9e6 Core/Src/stm32f1xx_it.o
 .debug_info    0x0000000000005437      0x2be Core/Src/system_stm32f1xx.o
 .debug_info    0x00000000000056f5       0x22 Core/Startup/startup_stm32f103rbtx.o
 .debug_info    0x0000000000005717      0x76a Drivers/STM32F1xx_HAL_Driver/Src/stm32f1xx_hal.o
 .debug_info    0x0000000000005e81      0xd2d Drivers/STM32F1xx_HAL_Driver/Src/stm32f1xx_hal_adc.o
 .debug_info    0x0000000000006bae      0xbdc Drivers/STM32F1xx_HAL_Driver/Src/stm32f1xx_hal_cortex.o
 .debug_info    0x000000000000778a      0x701 Drivers/STM32F1xx_HAL_Driver/Src/stm32f1xx_hal_gpio.o
 .debug_info    0x0000000000007e8b      0x88e Drivers/STM32F1xx_HAL_Driver/Src/stm32f1xx_hal_rcc.o
 .debug_info    0x0000000000008719      0x480 Drivers/STM32F1xx_HAL_Driver/Src/stm32f1xx_hal_rcc_ex.o
 .debug_info    0x0000000000008b99     0x2a43 Drivers/STM32F1xx_HAL_Driver/Src/stm32f1xx_hal_tim.o
 .debug_info    0x000000000000b5dc     0x1495 Drivers/STM32F1xx_HAL_Driver/Src/stm32f1xx_hal_tim_ex.o
 .debug_info    0x000000000000ca71     0x1322 Drivers/STM32F1xx_HAL_Driver/Src/stm32f1xx_hal_uart.o
 .debug_info    0x000000000000dd93     0x3cd3 Middlewares/Third_Party/FreeRTOS/Source/CMSIS_RTOS_V2/cmsis_os2.o
 .debug_info    0x0000000000011a66      0xb7c Middlewares/Third_Party/FreeRTOS/Source/list.o
 .debug_info    0x00000000000125e2     0x22de Middlewares/Third_Party/FreeRTOS/Source/queue.o
 .debug_info    0x00000000000148c0     0x29ae Middlewares/Third_Party/FreeRTOS/Source/tasks.o
 .debug_info    0x000000000001726e     0x1afb Middlewares/Third_Party/FreeRTOS/Source/timers.o
 .debug_info    0x0000000000018d69      0x4a1 Middlewares/Third_Party/FreeRTOS/Source/portable/GCC/ARM_CM3/port.o
 .debug_info    0x000000000001920a      0xc77 Middlewares/Third_Party/FreeRTOS/Source/portable/MemMang/heap_4.o

.debug_abbrev   0x0000000000000000     0x36ba
 .debug_abbrev  0x0000000000000000      0x16f Core/Src/Letters.o
 .debug_abbrev  0x000000000000016f      0x29f Core/Src/main.o
 .debug_abbrev  0x000000000000040e      0x279 Core/Src/sensorObjects.o
 .debug_abbrev  0x0000000000000687      0x235 Core/Src/stm32f1xx_hal_msp.o
 .debug_abbrev  0x00000000000008bc      0x1bf Core/Src/stm32f1xx_hal_timebase_tim.o
 .debug_abbrev  0x0000000000000a7b      0x189 Core/Src/stm32f1xx_it.o
 .debug_abbrev  0x0000000000000c04      0x14e Core/Src/system_stm32f1xx.o
 .debug_abbrev  0x0000000000000d52       0x12 Core/Startup/startup_stm32f103rbtx.o
 .debug_abbrev  0x0000000000000d64      0x1ed Drivers/STM32F1xx_HAL_Driver/Src/stm32f1xx_hal.o
 .debug_abbrev  0x0000000000000f51      0x1fb Drivers/STM32F1xx_HAL_Driver/Src/stm32f1xx_hal_adc.o
 .debug_abbrev  0x000000000000114c      0x313 Drivers/STM32F1xx_HAL_Driver/Src/stm32f1xx_hal_cortex.o
 .debug_abbrev  0x000000000000145f      0x1e8 Drivers/STM32F1xx_HAL_Driver/Src/stm32f1xx_hal_gpio.o
 .debug_abbrev  0x0000000000001647      0x273 Drivers/STM32F1xx_HAL_Driver/Src/stm32f1xx_hal_rcc.o
 .debug_abbrev  0x00000000000018ba      0x193 Drivers/STM32F1xx_HAL_Driver/Src/stm32f1xx_hal_rcc_ex.o
 .debug_abbrev  0x0000000000001a4d      0x25e Drivers/STM32F1xx_HAL_Driver/Src/stm32f1xx_hal_tim.o
 .debug_abbrev  0x0000000000001cab      0x266 Drivers/STM32F1xx_HAL_Driver/Src/stm32f1xx_hal_tim_ex.o
 .debug_abbrev  0x0000000000001f11      0x270 Drivers/STM32F1xx_HAL_Driver/Src/stm32f1xx_hal_uart.o
 .debug_abbrev  0x0000000000002181      0x3ed Middlewares/Third_Party/FreeRTOS/Source/CMSIS_RTOS_V2/cmsis_os2.o
 .debug_abbrev  0x000000000000256e      0x1f7 Middlewares/Third_Party/FreeRTOS/Source/list.o
 .debug_abbrev  0x0000000000002765      0x3a2 Middlewares/Third_Party/FreeRTOS/Source/queue.o
 .debug_abbrev  0x0000000000002b07      0x39a Middlewares/Third_Party/FreeRTOS/Source/tasks.o
 .debug_abbrev  0x0000000000002ea1      0x317 Middlewares/Third_Party/FreeRTOS/Source/timers.o
 .debug_abbrev  0x00000000000031b8      0x22f Middlewares/Third_Party/FreeRTOS/Source/portable/GCC/ARM_CM3/port.o
 .debug_abbrev  0x00000000000033e7      0x2d3 Middlewares/Third_Party/FreeRTOS/Source/portable/MemMang/heap_4.o

.debug_aranges  0x0000000000000000     0x1510
 .debug_aranges
                0x0000000000000000       0x20 Core/Src/Letters.o
 .debug_aranges
                0x0000000000000020      0x110 Core/Src/main.o
 .debug_aranges
                0x0000000000000130       0x68 Core/Src/sensorObjects.o
 .debug_aranges
                0x0000000000000198       0x50 Core/Src/stm32f1xx_hal_msp.o
 .debug_aranges
                0x00000000000001e8       0x30 Core/Src/stm32f1xx_hal_timebase_tim.o
 .debug_aranges
                0x0000000000000218       0x58 Core/Src/stm32f1xx_it.o
 .debug_aranges
                0x0000000000000270       0x28 Core/Src/system_stm32f1xx.o
 .debug_aranges
                0x0000000000000298       0x28 Core/Startup/startup_stm32f103rbtx.o
 .debug_aranges
                0x00000000000002c0       0xe0 Drivers/STM32F1xx_HAL_Driver/Src/stm32f1xx_hal.o
 .debug_aranges
                0x00000000000003a0       0xf0 Drivers/STM32F1xx_HAL_Driver/Src/stm32f1xx_hal_adc.o
 .debug_aranges
                0x0000000000000490      0x100 Drivers/STM32F1xx_HAL_Driver/Src/stm32f1xx_hal_cortex.o
 .debug_aranges
                0x0000000000000590       0x58 Drivers/STM32F1xx_HAL_Driver/Src/stm32f1xx_hal_gpio.o
 .debug_aranges
                0x00000000000005e8       0x90 Drivers/STM32F1xx_HAL_Driver/Src/stm32f1xx_hal_rcc.o
 .debug_aranges
                0x0000000000000678       0x30 Drivers/STM32F1xx_HAL_Driver/Src/stm32f1xx_hal_rcc_ex.o
 .debug_aranges
                0x00000000000006a8      0x3d0 Drivers/STM32F1xx_HAL_Driver/Src/stm32f1xx_hal_tim.o
 .debug_aranges
                0x0000000000000a78      0x168 Drivers/STM32F1xx_HAL_Driver/Src/stm32f1xx_hal_tim_ex.o
 .debug_aranges
                0x0000000000000be0      0x1d0 Drivers/STM32F1xx_HAL_Driver/Src/stm32f1xx_hal_uart.o
 .debug_aranges
                0x0000000000000db0      0x228 Middlewares/Third_Party/FreeRTOS/Source/CMSIS_RTOS_V2/cmsis_os2.o
 .debug_aranges
                0x0000000000000fd8       0x40 Middlewares/Third_Party/FreeRTOS/Source/list.o
 .debug_aranges
                0x0000000000001018      0x158 Middlewares/Third_Party/FreeRTOS/Source/queue.o
 .debug_aranges
                0x0000000000001170      0x1f8 Middlewares/Third_Party/FreeRTOS/Source/tasks.o
 .debug_aranges
                0x0000000000001368       0xe0 Middlewares/Third_Party/FreeRTOS/Source/timers.o
 .debug_aranges
                0x0000000000001448       0x78 Middlewares/Third_Party/FreeRTOS/Source/portable/GCC/ARM_CM3/port.o
 .debug_aranges
                0x00000000000014c0       0x50 Middlewares/Third_Party/FreeRTOS/Source/portable/MemMang/heap_4.o

.debug_ranges   0x0000000000000000     0x1398
 .debug_ranges  0x0000000000000000       0x10 Core/Src/Letters.o
 .debug_ranges  0x0000000000000010      0x100 Core/Src/main.o
 .debug_ranges  0x0000000000000110       0x58 Core/Src/sensorObjects.o
 .debug_ranges  0x0000000000000168       0x40 Core/Src/stm32f1xx_hal_msp.o
 .debug_ranges  0x00000000000001a8       0x20 Core/Src/stm32f1xx_hal_timebase_tim.o
 .debug_ranges  0x00000000000001c8       0x48 Core/Src/stm32f1xx_it.o
 .debug_ranges  0x0000000000000210       0x18 Core/Src/system_stm32f1xx.o
 .debug_ranges  0x0000000000000228       0x20 Core/Startup/startup_stm32f103rbtx.o
 .debug_ranges  0x0000000000000248       0xd0 Drivers/STM32F1xx_HAL_Driver/Src/stm32f1xx_hal.o
 .debug_ranges  0x0000000000000318       0xe0 Drivers/STM32F1xx_HAL_Driver/Src/stm32f1xx_hal_adc.o
 .debug_ranges  0x00000000000003f8       0xf0 Drivers/STM32F1xx_HAL_Driver/Src/stm32f1xx_hal_cortex.o
 .debug_ranges  0x00000000000004e8       0x48 Drivers/STM32F1xx_HAL_Driver/Src/stm32f1xx_hal_gpio.o
 .debug_ranges  0x0000000000000530       0x80 Drivers/STM32F1xx_HAL_Driver/Src/stm32f1xx_hal_rcc.o
 .debug_ranges  0x00000000000005b0       0x20 Drivers/STM32F1xx_HAL_Driver/Src/stm32f1xx_hal_rcc_ex.o
 .debug_ranges  0x00000000000005d0      0x3c0 Drivers/STM32F1xx_HAL_Driver/Src/stm32f1xx_hal_tim.o
 .debug_ranges  0x0000000000000990      0x158 Drivers/STM32F1xx_HAL_Driver/Src/stm32f1xx_hal_tim_ex.o
 .debug_ranges  0x0000000000000ae8      0x1c0 Drivers/STM32F1xx_HAL_Driver/Src/stm32f1xx_hal_uart.o
 .debug_ranges  0x0000000000000ca8      0x218 Middlewares/Third_Party/FreeRTOS/Source/CMSIS_RTOS_V2/cmsis_os2.o
 .debug_ranges  0x0000000000000ec0       0x30 Middlewares/Third_Party/FreeRTOS/Source/list.o
 .debug_ranges  0x0000000000000ef0      0x148 Middlewares/Third_Party/FreeRTOS/Source/queue.o
 .debug_ranges  0x0000000000001038      0x1e8 Middlewares/Third_Party/FreeRTOS/Source/tasks.o
 .debug_ranges  0x0000000000001220       0xd0 Middlewares/Third_Party/FreeRTOS/Source/timers.o
 .debug_ranges  0x00000000000012f0       0x68 Middlewares/Third_Party/FreeRTOS/Source/portable/GCC/ARM_CM3/port.o
 .debug_ranges  0x0000000000001358       0x40 Middlewares/Third_Party/FreeRTOS/Source/portable/MemMang/heap_4.o

.debug_macro    0x0000000000000000    0x18db2
 .debug_macro   0x0000000000000000      0x1d0 Core/Src/Letters.o
 .debug_macro   0x00000000000001d0      0xa9c Core/Src/Letters.o
 .debug_macro   0x0000000000000c6c      0x221 Core/Src/Letters.o
 .debug_macro   0x0000000000000e8d       0x2e Core/Src/Letters.o
 .debug_macro   0x0000000000000ebb       0x22 Core/Src/Letters.o
 .debug_macro   0x0000000000000edd       0x22 Core/Src/Letters.o
 .debug_macro   0x0000000000000eff       0x8e Core/Src/Letters.o
 .debug_macro   0x0000000000000f8d       0x51 Core/Src/Letters.o
 .debug_macro   0x0000000000000fde      0x103 Core/Src/Letters.o
 .debug_macro   0x00000000000010e1       0x6a Core/Src/Letters.o
 .debug_macro   0x000000000000114b      0x1df Core/Src/Letters.o
 .debug_macro   0x000000000000132a       0x1c Core/Src/Letters.o
 .debug_macro   0x0000000000001346       0x22 Core/Src/Letters.o
 .debug_macro   0x0000000000001368       0xc3 Core/Src/Letters.o
 .debug_macro   0x000000000000142b      0xd23 Core/Src/Letters.o
 .debug_macro   0x000000000000214e     0xe097 Core/Src/Letters.o
 .debug_macro   0x00000000000101e5       0x43 Core/Src/Letters.o
 .debug_macro   0x0000000000010228     0x3468 Core/Src/Letters.o
 .debug_macro   0x0000000000013690      0x174 Core/Src/Letters.o
 .debug_macro   0x0000000000013804       0x5c Core/Src/Letters.o
 .debug_macro   0x0000000000013860      0x5be Core/Src/Letters.o
 .debug_macro   0x0000000000013e1e      0x289 Core/Src/Letters.o
 .debug_macro   0x00000000000140a7      0x1cb Core/Src/Letters.o
 .debug_macro   0x0000000000014272      0x114 Core/Src/Letters.o
 .debug_macro   0x0000000000014386      0x1b2 Core/Src/Letters.o
 .debug_macro   0x0000000000014538       0x27 Core/Src/Letters.o
 .debug_macro   0x000000000001455f      0x136 Core/Src/Letters.o
 .debug_macro   0x0000000000014695      0x1bc Core/Src/Letters.o
 .debug_macro   0x0000000000014851       0x34 Core/Src/Letters.o
 .debug_macro   0x0000000000014885       0x3c Core/Src/Letters.o
 .debug_macro   0x00000000000148c1       0x57 Core/Src/Letters.o
 .debug_macro   0x0000000000014918      0x46a Core/Src/Letters.o
 .debug_macro   0x0000000000014d82      0x1b5 Core/Src/Letters.o
 .debug_macro   0x0000000000014f37       0x88 Core/Src/Letters.o
 .debug_macro   0x0000000000014fbf      0x241 Core/Src/Letters.o
 .debug_macro   0x0000000000015200      0x141 Core/Src/Letters.o
 .debug_macro   0x0000000000015341      0x8d1 Core/Src/Letters.o
 .debug_macro   0x0000000000015c12      0x26b Core/Src/Letters.o
 .debug_macro   0x0000000000015e7d       0x83 Core/Src/Letters.o
 .debug_macro   0x0000000000015f00       0x5e Core/Src/Letters.o
 .debug_macro   0x0000000000015f5e      0x257 Core/Src/main.o
 .debug_macro   0x00000000000161b5       0x5b Core/Src/main.o
 .debug_macro   0x0000000000016210       0x74 Core/Src/main.o
 .debug_macro   0x0000000000016284      0x122 Core/Src/main.o
 .debug_macro   0x00000000000163a6       0xdd Core/Src/main.o
 .debug_macro   0x0000000000016483      0x1d6 Core/Src/sensorObjects.o
 .debug_macro   0x0000000000016659      0x1c6 Core/Src/stm32f1xx_hal_msp.o
 .debug_macro   0x000000000001681f      0x1b7 Core/Src/stm32f1xx_hal_timebase_tim.o
 .debug_macro   0x00000000000169d6      0x1d0 Core/Src/stm32f1xx_it.o
 .debug_macro   0x0000000000016ba6      0x1b7 Core/Src/system_stm32f1xx.o
 .debug_macro   0x0000000000016d5d      0x1db Drivers/STM32F1xx_HAL_Driver/Src/stm32f1xx_hal.o
 .debug_macro   0x0000000000016f38      0x1d4 Drivers/STM32F1xx_HAL_Driver/Src/stm32f1xx_hal_adc.o
 .debug_macro   0x000000000001710c      0x1b7 Drivers/STM32F1xx_HAL_Driver/Src/stm32f1xx_hal_cortex.o
 .debug_macro   0x00000000000172c3      0x222 Drivers/STM32F1xx_HAL_Driver/Src/stm32f1xx_hal_gpio.o
 .debug_macro   0x00000000000174e5      0x1c9 Drivers/STM32F1xx_HAL_Driver/Src/stm32f1xx_hal_rcc.o
 .debug_macro   0x00000000000176ae      0x1b7 Drivers/STM32F1xx_HAL_Driver/Src/stm32f1xx_hal_rcc_ex.o
 .debug_macro   0x0000000000017865      0x1b8 Drivers/STM32F1xx_HAL_Driver/Src/stm32f1xx_hal_tim.o
 .debug_macro   0x0000000000017a1d      0x1b7 Drivers/STM32F1xx_HAL_Driver/Src/stm32f1xx_hal_tim_ex.o
 .debug_macro   0x0000000000017bd4      0x1b8 Drivers/STM32F1xx_HAL_Driver/Src/stm32f1xx_hal_uart.o
 .debug_macro   0x0000000000017d8c      0x247 Middlewares/Third_Party/FreeRTOS/Source/CMSIS_RTOS_V2/cmsis_os2.o
 .debug_macro   0x0000000000017fd3       0x10 Middlewares/Third_Party/FreeRTOS/Source/CMSIS_RTOS_V2/cmsis_os2.o
 .debug_macro   0x0000000000017fe3       0x20 Middlewares/Third_Party/FreeRTOS/Source/CMSIS_RTOS_V2/cmsis_os2.o
 .debug_macro   0x0000000000018003       0x10 Middlewares/Third_Party/FreeRTOS/Source/CMSIS_RTOS_V2/cmsis_os2.o
 .debug_macro   0x0000000000018013       0xb7 Middlewares/Third_Party/FreeRTOS/Source/CMSIS_RTOS_V2/cmsis_os2.o
 .debug_macro   0x00000000000180ca       0x91 Middlewares/Third_Party/FreeRTOS/Source/CMSIS_RTOS_V2/cmsis_os2.o
 .debug_macro   0x000000000001815b       0x8d Middlewares/Third_Party/FreeRTOS/Source/CMSIS_RTOS_V2/cmsis_os2.o
 .debug_macro   0x00000000000181e8       0x9a Middlewares/Third_Party/FreeRTOS/Source/CMSIS_RTOS_V2/cmsis_os2.o
 .debug_macro   0x0000000000018282      0x187 Middlewares/Third_Party/FreeRTOS/Source/list.o
 .debug_macro   0x0000000000018409      0x212 Middlewares/Third_Party/FreeRTOS/Source/queue.o
 .debug_macro   0x000000000001861b       0x16 Middlewares/Third_Party/FreeRTOS/Source/queue.o
 .debug_macro   0x0000000000018631      0x287 Middlewares/Third_Party/FreeRTOS/Source/tasks.o
 .debug_macro   0x00000000000188b8       0x10 Middlewares/Third_Party/FreeRTOS/Source/tasks.o
 .debug_macro   0x00000000000188c8      0x1ca Middlewares/Third_Party/FreeRTOS/Source/timers.o
 .debug_macro   0x0000000000018a92      0x172 Middlewares/Third_Party/FreeRTOS/Source/portable/GCC/ARM_CM3/port.o
 .debug_macro   0x0000000000018c04      0x1ae Middlewares/Third_Party/FreeRTOS/Source/portable/MemMang/heap_4.o

.debug_line     0x0000000000000000    0x16cb7
 .debug_line    0x0000000000000000      0x99e Core/Src/Letters.o
 .debug_line    0x000000000000099e     0x1588 Core/Src/main.o
 .debug_line    0x0000000000001f26      0xad8 Core/Src/sensorObjects.o
 .debug_line    0x00000000000029fe      0x7d9 Core/Src/stm32f1xx_hal_msp.o
 .debug_line    0x00000000000031d7      0x70d Core/Src/stm32f1xx_hal_timebase_tim.o
 .debug_line    0x00000000000038e4      0x762 Core/Src/stm32f1xx_it.o
 .debug_line    0x0000000000004046      0x72c Core/Src/system_stm32f1xx.o
 .debug_line    0x0000000000004772       0x84 Core/Startup/startup_stm32f103rbtx.o
 .debug_line    0x00000000000047f6      0x959 Drivers/STM32F1xx_HAL_Driver/Src/stm32f1xx_hal.o
 .debug_line    0x000000000000514f      0xfb9 Drivers/STM32F1xx_HAL_Driver/Src/stm32f1xx_hal_adc.o
 .debug_line    0x0000000000006108      0xb41 Drivers/STM32F1xx_HAL_Driver/Src/stm32f1xx_hal_cortex.o
 .debug_line    0x0000000000006c49      0x9f0 Drivers/STM32F1xx_HAL_Driver/Src/stm32f1xx_hal_gpio.o
 .debug_line    0x0000000000007639      0xd67 Drivers/STM32F1xx_HAL_Driver/Src/stm32f1xx_hal_rcc.o
 .debug_line    0x00000000000083a0      0x8a5 Drivers/STM32F1xx_HAL_Driver/Src/stm32f1xx_hal_rcc_ex.o
 .debug_line    0x0000000000008c45     0x3301 Drivers/STM32F1xx_HAL_Driver/Src/stm32f1xx_hal_tim.o
 .debug_line    0x000000000000bf46     0x19ff Drivers/STM32F1xx_HAL_Driver/Src/stm32f1xx_hal_tim_ex.o
 .debug_line    0x000000000000d945     0x1763 Drivers/STM32F1xx_HAL_Driver/Src/stm32f1xx_hal_uart.o
 .debug_line    0x000000000000f0a8     0x2458 Middlewares/Third_Party/FreeRTOS/Source/CMSIS_RTOS_V2/cmsis_os2.o
 .debug_line    0x0000000000011500      0x70a Middlewares/Third_Party/FreeRTOS/Source/list.o
 .debug_line    0x0000000000011c0a     0x16cd Middlewares/Third_Party/FreeRTOS/Source/queue.o
 .debug_line    0x00000000000132d7     0x1d25 Middlewares/Third_Party/FreeRTOS/Source/tasks.o
 .debug_line    0x0000000000014ffc      0xc9a Middlewares/Third_Party/FreeRTOS/Source/timers.o
 .debug_line    0x0000000000015c96      0x755 Middlewares/Third_Party/FreeRTOS/Source/portable/GCC/ARM_CM3/port.o
 .debug_line    0x00000000000163eb      0x8cc Middlewares/Third_Party/FreeRTOS/Source/portable/MemMang/heap_4.o

.debug_str      0x0000000000000000    0x982b3
 .debug_str     0x0000000000000000    0x87aa7 Core/Src/Letters.o
                                      0x87e38 (size before relaxing)
 .debug_str     0x0000000000087aa7     0x491a Core/Src/main.o
                                      0x8c8c1 (size before relaxing)
 .debug_str     0x000000000008c3c1      0x1cb Core/Src/sensorObjects.o
                                      0x88057 (size before relaxing)
 .debug_str     0x000000000008c58c       0xe1 Core/Src/stm32f1xx_hal_msp.o
                                      0x8863d (size before relaxing)
 .debug_str     0x000000000008c66d       0xaa Core/Src/stm32f1xx_hal_timebase_tim.o
                                      0x881f4 (size before relaxing)
 .debug_str     0x000000000008c717       0xb7 Core/Src/stm32f1xx_it.o
                                      0x8818e (size before relaxing)
 .debug_str     0x000000000008c7ce       0x52 Core/Src/system_stm32f1xx.o
                                      0x87996 (size before relaxing)
 .debug_str     0x000000000008c820       0x36 Core/Startup/startup_stm32f103rbtx.o
                                         0x90 (size before relaxing)
 .debug_str     0x000000000008c856      0x2af Drivers/STM32F1xx_HAL_Driver/Src/stm32f1xx_hal.o
                                      0x88027 (size before relaxing)
 .debug_str     0x000000000008cb05      0x357 Drivers/STM32F1xx_HAL_Driver/Src/stm32f1xx_hal_adc.o
                                      0x88026 (size before relaxing)
 .debug_str     0x000000000008ce5c      0x2f7 Drivers/STM32F1xx_HAL_Driver/Src/stm32f1xx_hal_cortex.o
                                      0x8802f (size before relaxing)
 .debug_str     0x000000000008d153      0x31f Drivers/STM32F1xx_HAL_Driver/Src/stm32f1xx_hal_gpio.o
                                      0x87d5a (size before relaxing)
 .debug_str     0x000000000008d472      0x245 Drivers/STM32F1xx_HAL_Driver/Src/stm32f1xx_hal_rcc.o
                                      0x87d93 (size before relaxing)
 .debug_str     0x000000000008d6b7       0xb9 Drivers/STM32F1xx_HAL_Driver/Src/stm32f1xx_hal_rcc_ex.o
                                      0x87b20 (size before relaxing)
 .debug_str     0x000000000008d770      0xdc0 Drivers/STM32F1xx_HAL_Driver/Src/stm32f1xx_hal_tim.o
                                      0x88d65 (size before relaxing)
 .debug_str     0x000000000008e530      0x517 Drivers/STM32F1xx_HAL_Driver/Src/stm32f1xx_hal_tim_ex.o
                                      0x8853f (size before relaxing)
 .debug_str     0x000000000008ea47      0x52d Drivers/STM32F1xx_HAL_Driver/Src/stm32f1xx_hal_uart.o
                                      0x88299 (size before relaxing)
 .debug_str     0x000000000008ef74     0x6665 Middlewares/Third_Party/FreeRTOS/Source/CMSIS_RTOS_V2/cmsis_os2.o
                                       0xe0d9 (size before relaxing)
 .debug_str     0x00000000000955d9      0x225 Middlewares/Third_Party/FreeRTOS/Source/list.o
                                       0xa732 (size before relaxing)
 .debug_str     0x00000000000957fe      0x8fd Middlewares/Third_Party/FreeRTOS/Source/queue.o
                                       0xbf5c (size before relaxing)
 .debug_str     0x00000000000960fb     0x12f3 Middlewares/Third_Party/FreeRTOS/Source/tasks.o
                                       0xcb72 (size before relaxing)
 .debug_str     0x00000000000973ee      0x586 Middlewares/Third_Party/FreeRTOS/Source/timers.o
                                       0xc47a (size before relaxing)
 .debug_str     0x0000000000097974      0x6ee Middlewares/Third_Party/FreeRTOS/Source/portable/GCC/ARM_CM3/port.o
                                       0x808c (size before relaxing)
 .debug_str     0x0000000000098062      0x251 Middlewares/Third_Party/FreeRTOS/Source/portable/MemMang/heap_4.o
                                       0xae55 (size before relaxing)

.comment        0x0000000000000000       0x53
 .comment       0x0000000000000000       0x53 Core/Src/Letters.o
                                         0x54 (size before relaxing)
 .comment       0x0000000000000053       0x54 Core/Src/main.o
 .comment       0x0000000000000053       0x54 Core/Src/sensorObjects.o
 .comment       0x0000000000000053       0x54 Core/Src/stm32f1xx_hal_msp.o
 .comment       0x0000000000000053       0x54 Core/Src/stm32f1xx_hal_timebase_tim.o
 .comment       0x0000000000000053       0x54 Core/Src/stm32f1xx_it.o
 .comment       0x0000000000000053       0x54 Core/Src/system_stm32f1xx.o
 .comment       0x0000000000000053       0x54 Drivers/STM32F1xx_HAL_Driver/Src/stm32f1xx_hal.o
 .comment       0x0000000000000053       0x54 Drivers/STM32F1xx_HAL_Driver/Src/stm32f1xx_hal_adc.o
 .comment       0x0000000000000053       0x54 Drivers/STM32F1xx_HAL_Driver/Src/stm32f1xx_hal_cortex.o
 .comment       0x0000000000000053       0x54 Drivers/STM32F1xx_HAL_Driver/Src/stm32f1xx_hal_gpio.o
 .comment       0x0000000000000053       0x54 Drivers/STM32F1xx_HAL_Driver/Src/stm32f1xx_hal_rcc.o
 .comment       0x0000000000000053       0x54 Drivers/STM32F1xx_HAL_Driver/Src/stm32f1xx_hal_rcc_ex.o
 .comment       0x0000000000000053       0x54 Drivers/STM32F1xx_HAL_Driver/Src/stm32f1xx_hal_tim.o
 .comment       0x0000000000000053       0x54 Drivers/STM32F1xx_HAL_Driver/Src/stm32f1xx_hal_tim_ex.o
 .comment       0x0000000000000053       0x54 Drivers/STM32F1xx_HAL_Driver/Src/stm32f1xx_hal_uart.o
 .comment       0x0000000000000053       0x54 Middlewares/Third_Party/FreeRTOS/Source/CMSIS_RTOS_V2/cmsis_os2.o
 .comment       0x0000000000000053       0x54 Middlewares/Third_Party/FreeRTOS/Source/list.o
 .comment       0x0000000000000053       0x54 Middlewares/Third_Party/FreeRTOS/Source/queue.o
 .comment       0x0000000000000053       0x54 Middlewares/Third_Party/FreeRTOS/Source/tasks.o
 .comment       0x0000000000000053       0x54 Middlewares/Third_Party/FreeRTOS/Source/timers.o
 .comment       0x0000000000000053       0x54 Middlewares/Third_Party/FreeRTOS/Source/portable/GCC/ARM_CM3/port.o
 .comment       0x0000000000000053       0x54 Middlewares/Third_Party/FreeRTOS/Source/portable/MemMang/heap_4.o

.debug_frame    0x0000000000000000     0x5770
 .debug_frame   0x0000000000000000       0x38 Core/Src/Letters.o
 .debug_frame   0x0000000000000038      0x3c8 Core/Src/main.o
 .debug_frame   0x0000000000000400      0x184 Core/Src/sensorObjects.o
 .debug_frame   0x0000000000000584      0x114 Core/Src/stm32f1xx_hal_msp.o
 .debug_frame   0x0000000000000698       0x74 Core/Src/stm32f1xx_hal_timebase_tim.o
 .debug_frame   0x000000000000070c       0xe0 Core/Src/stm32f1xx_it.o
 .debug_frame   0x00000000000007ec       0x58 Core/Src/system_stm32f1xx.o
 .debug_frame   0x0000000000000844      0x334 Drivers/STM32F1xx_HAL_Driver/Src/stm32f1xx_hal.o
 .debug_frame   0x0000000000000b78      0x40c Drivers/STM32F1xx_HAL_Driver/Src/stm32f1xx_hal_adc.o
 .debug_frame   0x0000000000000f84      0x428 Drivers/STM32F1xx_HAL_Driver/Src/stm32f1xx_hal_cortex.o
 .debug_frame   0x00000000000013ac      0x14c Drivers/STM32F1xx_HAL_Driver/Src/stm32f1xx_hal_gpio.o
 .debug_frame   0x00000000000014f8      0x21c Drivers/STM32F1xx_HAL_Driver/Src/stm32f1xx_hal_rcc.o
 .debug_frame   0x0000000000001714       0x84 Drivers/STM32F1xx_HAL_Driver/Src/stm32f1xx_hal_rcc_ex.o
 .debug_frame   0x0000000000001798     0x11b8 Drivers/STM32F1xx_HAL_Driver/Src/stm32f1xx_hal_tim.o
 .debug_frame   0x0000000000002950      0x638 Drivers/STM32F1xx_HAL_Driver/Src/stm32f1xx_hal_tim_ex.o
 .debug_frame   0x0000000000002f88      0x834 Drivers/STM32F1xx_HAL_Driver/Src/stm32f1xx_hal_uart.o
 .debug_frame   0x00000000000037bc      0x980 Middlewares/Third_Party/FreeRTOS/Source/CMSIS_RTOS_V2/cmsis_os2.o
 .debug_frame   0x000000000000413c       0xd8 Middlewares/Third_Party/FreeRTOS/Source/list.o
 .debug_frame   0x0000000000004214      0x5ec Middlewares/Third_Party/FreeRTOS/Source/queue.o
 .debug_frame   0x0000000000004800      0x8a8 Middlewares/Third_Party/FreeRTOS/Source/tasks.o
 .debug_frame   0x00000000000050a8      0x3b4 Middlewares/Third_Party/FreeRTOS/Source/timers.o
 .debug_frame   0x000000000000545c      0x198 Middlewares/Third_Party/FreeRTOS/Source/portable/GCC/ARM_CM3/port.o
 .debug_frame   0x00000000000055f4      0x108 Middlewares/Third_Party/FreeRTOS/Source/portable/MemMang/heap_4.o
 .debug_frame   0x00000000000056fc       0x2c c:/st/stm32cubeide_1.4.0/stm32cubeide/plugins/com.st.stm32cube.ide.mcu.externaltools.gnu-tools-for-stm32.9-2020-q2-update.win32_1.5.0.202011040924/tools/bin/../lib/gcc/arm-none-eabi/9.3.1/../../../../arm-none-eabi/lib/thumb/v7-m/nofp\libc_nano.a(lib_a-init.o)
 .debug_frame   0x0000000000005728       0x28 c:/st/stm32cubeide_1.4.0/stm32cubeide/plugins/com.st.stm32cube.ide.mcu.externaltools.gnu-tools-for-stm32.9-2020-q2-update.win32_1.5.0.202011040924/tools/bin/../lib/gcc/arm-none-eabi/9.3.1/../../../../arm-none-eabi/lib/thumb/v7-m/nofp\libc_nano.a(lib_a-memcpy-stub.o)
 .debug_frame   0x0000000000005750       0x20 c:/st/stm32cubeide_1.4.0/stm32cubeide/plugins/com.st.stm32cube.ide.mcu.externaltools.gnu-tools-for-stm32.9-2020-q2-update.win32_1.5.0.202011040924/tools/bin/../lib/gcc/arm-none-eabi/9.3.1/../../../../arm-none-eabi/lib/thumb/v7-m/nofp\libc_nano.a(lib_a-memset.o)
