Archive member included to satisfy reference by file (symbol)

c:/st/stm32cubeide_1.5.1/stm32cubeide/plugins/com.st.stm32cube.ide.mcu.externaltools.gnu-tools-for-stm32.7-2018-q2-update.win32_1.5.0.202011040924/tools/bin/../lib/gcc/arm-none-eabi/7.3.1/../../../../arm-none-eabi/lib/thumb/v7-m\libc_nano.a(lib_a-errno.o)
                              Core/Src/syscalls.o (__errno)
c:/st/stm32cubeide_1.5.1/stm32cubeide/plugins/com.st.stm32cube.ide.mcu.externaltools.gnu-tools-for-stm32.7-2018-q2-update.win32_1.5.0.202011040924/tools/bin/../lib/gcc/arm-none-eabi/7.3.1/../../../../arm-none-eabi/lib/thumb/v7-m\libc_nano.a(lib_a-exit.o)
                              c:/st/stm32cubeide_1.5.1/stm32cubeide/plugins/com.st.stm32cube.ide.mcu.externaltools.gnu-tools-for-stm32.7-2018-q2-update.win32_1.5.0.202011040924/tools/bin/../lib/gcc/arm-none-eabi/7.3.1/../../../../arm-none-eabi/lib/thumb/v7-m/crt0.o (exit)
c:/st/stm32cubeide_1.5.1/stm32cubeide/plugins/com.st.stm32cube.ide.mcu.externaltools.gnu-tools-for-stm32.7-2018-q2-update.win32_1.5.0.202011040924/tools/bin/../lib/gcc/arm-none-eabi/7.3.1/../../../../arm-none-eabi/lib/thumb/v7-m\libc_nano.a(lib_a-impure.o)
                              c:/st/stm32cubeide_1.5.1/stm32cubeide/plugins/com.st.stm32cube.ide.mcu.externaltools.gnu-tools-for-stm32.7-2018-q2-update.win32_1.5.0.202011040924/tools/bin/../lib/gcc/arm-none-eabi/7.3.1/../../../../arm-none-eabi/lib/thumb/v7-m\libc_nano.a(lib_a-exit.o) (_global_impure_ptr)
c:/st/stm32cubeide_1.5.1/stm32cubeide/plugins/com.st.stm32cube.ide.mcu.externaltools.gnu-tools-for-stm32.7-2018-q2-update.win32_1.5.0.202011040924/tools/bin/../lib/gcc/arm-none-eabi/7.3.1/../../../../arm-none-eabi/lib/thumb/v7-m\libc_nano.a(lib_a-init.o)
                              c:/st/stm32cubeide_1.5.1/stm32cubeide/plugins/com.st.stm32cube.ide.mcu.externaltools.gnu-tools-for-stm32.7-2018-q2-update.win32_1.5.0.202011040924/tools/bin/../lib/gcc/arm-none-eabi/7.3.1/../../../../arm-none-eabi/lib/thumb/v7-m/crt0.o (__libc_init_array)
c:/st/stm32cubeide_1.5.1/stm32cubeide/plugins/com.st.stm32cube.ide.mcu.externaltools.gnu-tools-for-stm32.7-2018-q2-update.win32_1.5.0.202011040924/tools/bin/../lib/gcc/arm-none-eabi/7.3.1/../../../../arm-none-eabi/lib/thumb/v7-m\libc_nano.a(lib_a-memcpy-stub.o)
                              Middlewares/Third_Party/FreeRTOS/Source/CMSIS_RTOS_V2/cmsis_os2.o (memcpy)
c:/st/stm32cubeide_1.5.1/stm32cubeide/plugins/com.st.stm32cube.ide.mcu.externaltools.gnu-tools-for-stm32.7-2018-q2-update.win32_1.5.0.202011040924/tools/bin/../lib/gcc/arm-none-eabi/7.3.1/../../../../arm-none-eabi/lib/thumb/v7-m\libc_nano.a(lib_a-memset.o)
                              c:/st/stm32cubeide_1.5.1/stm32cubeide/plugins/com.st.stm32cube.ide.mcu.externaltools.gnu-tools-for-stm32.7-2018-q2-update.win32_1.5.0.202011040924/tools/bin/../lib/gcc/arm-none-eabi/7.3.1/../../../../arm-none-eabi/lib/thumb/v7-m/crt0.o (memset)
c:/st/stm32cubeide_1.5.1/stm32cubeide/plugins/com.st.stm32cube.ide.mcu.externaltools.gnu-tools-for-stm32.7-2018-q2-update.win32_1.5.0.202011040924/tools/bin/../lib/gcc/arm-none-eabi/7.3.1/thumb/v7-m\libgcc.a(_arm_addsubdf3.o)
                              Core/Src/sensorObjects.o (__aeabi_i2d)
c:/st/stm32cubeide_1.5.1/stm32cubeide/plugins/com.st.stm32cube.ide.mcu.externaltools.gnu-tools-for-stm32.7-2018-q2-update.win32_1.5.0.202011040924/tools/bin/../lib/gcc/arm-none-eabi/7.3.1/thumb/v7-m\libgcc.a(_arm_muldivdf3.o)
                              Core/Src/sensorObjects.o (__aeabi_dmul)
c:/st/stm32cubeide_1.5.1/stm32cubeide/plugins/com.st.stm32cube.ide.mcu.externaltools.gnu-tools-for-stm32.7-2018-q2-update.win32_1.5.0.202011040924/tools/bin/../lib/gcc/arm-none-eabi/7.3.1/thumb/v7-m\libgcc.a(_arm_truncdfsf2.o)
                              Core/Src/sensorObjects.o (__aeabi_d2f)
c:/st/stm32cubeide_1.5.1/stm32cubeide/plugins/com.st.stm32cube.ide.mcu.externaltools.gnu-tools-for-stm32.7-2018-q2-update.win32_1.5.0.202011040924/tools/bin/../lib/gcc/arm-none-eabi/7.3.1/thumb/v7-m\libgcc.a(_arm_addsubsf3.o)
                              Core/Src/sensorObjects.o (__aeabi_i2f)
c:/st/stm32cubeide_1.5.1/stm32cubeide/plugins/com.st.stm32cube.ide.mcu.externaltools.gnu-tools-for-stm32.7-2018-q2-update.win32_1.5.0.202011040924/tools/bin/../lib/gcc/arm-none-eabi/7.3.1/thumb/v7-m\libgcc.a(_arm_muldivsf3.o)
                              Core/Src/sensorObjects.o (__aeabi_fmul)
c:/st/stm32cubeide_1.5.1/stm32cubeide/plugins/com.st.stm32cube.ide.mcu.externaltools.gnu-tools-for-stm32.7-2018-q2-update.win32_1.5.0.202011040924/tools/bin/../lib/gcc/arm-none-eabi/7.3.1/thumb/v7-m\libgcc.a(_arm_fixunssfsi.o)
                              Core/Src/sensorObjects.o (__aeabi_f2uiz)

Allocating common symbols
Common symbol       size              file

htim4               0x48              Core/Src/stm32f1xx_hal_timebase_tim.o
uartBufferRX        0x32              Core/Src/main.o
huart3              0x40              Core/Src/Letters.o
SolenoidQueueHandle
[...]
Memory Configuration

Name             Origin             Length             Attributes
RAM              0x0000000020000000 0x0000000000005000 xrw
FLASH            0x0000000008000000 0x0000000000020000 xr
*default*        0x0000000000000000 0xffffffffffffffff

Linker script and memory map

LOAD c:/st/stm32cubeide_1.5.1/stm32cubeide/plugins/com.st.stm32cube.ide.mcu.externaltools.gnu-tools-for-stm32.7-2018-q2-update.win32_1.5.0.202011040924/tools/bin/../lib/gcc/arm-none-eabi/7.3.1/thumb/v7-m/crti.o
LOAD c:/st/stm32cubeide_1.5.1/stm32cubeide/plugins/com.st.stm32cube.ide.mcu.externaltools.gnu-tools-for-stm32.7-2018-q2-update.win32_1.5.0.202011040924/tools/bin/../lib/gcc/arm-none-eabi/7.3.1/thumb/v7-m/crtbegin.o
LOAD c:/st/stm32cubeide_1.5.1/stm32cubeide/plugins/com.st.stm32cube.ide.mcu.externaltools.gnu-tools-for-stm32.7-2018-q2-update.win32_1.5.0.202011040924/tools/bin/../lib/gcc/arm-none-eabi/7.3.1/../../../../arm-none-eabi/lib/thumb/v7-m/crt0.o
LOAD Core/Src/Letters.o
LOAD Core/Src/freertos.o
LOAD Core/Src/main.o
LOAD Core/Src/sensorObjects.o
LOAD Core/Src/stm32f1xx_hal_msp.o
LOAD Core/Src/stm32f1xx_hal_timebase_tim.o
LOAD Core/Src/stm32f1xx_it.o
LOAD Core/Src/syscalls.o
LOAD Core/Src/sysmem.o
LOAD Core/Src/system_stm32f1xx.o
LOAD Core/Startup/startup_stm32f103rbtx.o
LOAD Drivers/STM32F1xx_HAL_Driver/Src/stm32f1xx_hal.o
LOAD Drivers/STM32F1xx_HAL_Driver/Src/stm32f1xx_hal_adc.o
LOAD Drivers/STM32F1xx_HAL_Driver/Src/stm32f1xx_hal_adc_ex.o
LOAD Drivers/STM32F1xx_HAL_Driver/Src/stm32f1xx_hal_cortex.o
LOAD Drivers/STM32F1xx_HAL_Driver/Src/stm32f1xx_hal_dma.o
LOAD Drivers/STM32F1xx_HAL_Driver/Src/stm32f1xx_hal_exti.o
LOAD Drivers/STM32F1xx_HAL_Driver/Src/stm32f1xx_hal_flash.o
LOAD Drivers/STM32F1xx_HAL_Driver/Src/stm32f1xx_hal_flash_ex.o
LOAD Drivers/STM32F1xx_HAL_Driver/Src/stm32f1xx_hal_gpio.o
LOAD Drivers/STM32F1xx_HAL_Driver/Src/stm32f1xx_hal_gpio_ex.o
LOAD Drivers/STM32F1xx_HAL_Driver/Src/stm32f1xx_hal_pwr.o
LOAD Drivers/STM32F1xx_HAL_Driver/Src/stm32f1xx_hal_rcc.o
LOAD Drivers/STM32F1xx_HAL_Driver/Src/stm32f1xx_hal_rcc_ex.o
LOAD Drivers/STM32F1xx_HAL_Driver/Src/stm32f1xx_hal_tim.o
LOAD Drivers/STM32F1xx_HAL_Driver/Src/stm32f1xx_hal_tim_ex.o
LOAD Drivers/STM32F1xx_HAL_Driver/Src/stm32f1xx_hal_uart.o
LOAD Middlewares/Third_Party/FreeRTOS/Source/CMSIS_RTOS_V2/cmsis_os2.o
LOAD Middlewares/Third_Party/FreeRTOS/Source/croutine.o
LOAD Middlewares/Third_Party/FreeRTOS/Source/event_groups.o
LOAD Middlewares/Third_Party/FreeRTOS/Source/list.o
LOAD Middlewares/Third_Party/FreeRTOS/Source/queue.o
LOAD Middlewares/Third_Party/FreeRTOS/Source/stream_buffer.o
LOAD Middlewares/Third_Party/FreeRTOS/Source/tasks.o
LOAD Middlewares/Third_Party/FreeRTOS/Source/timers.o
LOAD Middlewares/Third_Party/FreeRTOS/Source/portable/GCC/ARM_CM3/port.o
LOAD Middlewares/Third_Party/FreeRTOS/Source/portable/MemMang/heap_4.o
START GROUP
LOAD c:/st/stm32cubeide_1.5.1/stm32cubeide/plugins/com.st.stm32cube.ide.mcu.externaltools.gnu-tools-for-stm32.7-2018-q2-update.win32_1.5.0.202011040924/tools/bin/../lib/gcc/arm-none-eabi/7.3.1/../../../../arm-none-eabi/lib/thumb/v7-m\libc_nano.a
LOAD c:/st/stm32cubeide_1.5.1/stm32cubeide/plugins/com.st.stm32cube.ide.mcu.externaltools.gnu-tools-for-stm32.7-2018-q2-update.win32_1.5.0.202011040924/tools/bin/../lib/gcc/arm-none-eabi/7.3.1/../../../../arm-none-eabi/lib/thumb/v7-m\libm.a
END GROUP
START GROUP
LOAD c:/st/stm32cubeide_1.5.1/stm32cubeide/plugins/com.st.stm32cube.ide.mcu.externaltools.gnu-tools-for-stm32.7-2018-q2-update.win32_1.5.0.202011040924/tools/bin/../lib/gcc/arm-none-eabi/7.3.1/thumb/v7-m\libgcc.a
LOAD c:/st/stm32cubeide_1.5.1/stm32cubeide/plugins/com.st.stm32cube.ide.mcu.externaltools.gnu-tools-for-stm32.7-2018-q2-update.win32_1.5.0.202011040924/tools/bin/../lib/gcc/arm-none-eabi/7.3.1/../../../../arm-none-eabi/lib/thumb/v7-m\libc_nano.a
END GROUP
START GROUP
LOAD c:/st/stm32cubeide_1.5.1/stm32cubeide/plugins/com.st.stm32cube.ide.mcu.externaltools.gnu-tools-for-stm32.7-2018-q2-update.win32_1.5.0.202011040924/tools/bin/../lib/gcc/arm-none-eabi/7.3.1/thumb/v7-m\libgcc.a
LOAD c:/st/stm32cubeide_1.5.1/stm32cubeide/plugins/com.st.stm32cube.ide.mcu.externaltools.gnu-tools-for-stm32.7-2018-q2-update.win32_1.5.0.202011040924/tools/bin/../lib/gcc/arm-none-eabi/7.3.1/../../../../arm-none-eabi/lib/thumb/v7-m\libc_nano.a
LOAD c:/st/stm32cubeide_1.5.1/stm32cubeide/plugins/com.st.stm32cube.ide.mcu.externaltools.gnu-tools-for-stm32.7-2018-q2-update.win32_1.5.0.202011040924/tools/bin/../lib/gcc/arm-none-eabi/7.3.1/../../../../arm-none-eabi/lib/thumb/v7-m\libnosys.a
END GROUP
START GROUP
LOAD c:/st/stm32cubeide_1.5.1/stm32cubeide/plugins/com.st.stm32cube.ide.mcu.externaltools.gnu-tools-for-stm32.7-2018-q2-update.win32_1.5.0.202011040924/tools/bin/../lib/gcc/arm-none-eabi/7.3.1/thumb/v7-m\libgcc.a
LOAD c:/st/stm32cubeide_1.5.1/stm32cubeide/plugins/com.st.stm32cube.ide.mcu.externaltools.gnu-tools-for-stm32.7-2018-q2-update.win32_1.5.0.202011040924/tools/bin/../lib/gcc/arm-none-eabi/7.3.1/../../../../arm-none-eabi/lib/thumb/v7-m\libc_nano.a
LOAD c:/st/stm32cubeide_1.5.1/stm32cubeide/plugins/com.st.stm32cube.ide.mcu.externaltools.gnu-tools-for-stm32.7-2018-q2-update.win32_1.5.0.202011040924/tools/bin/../lib/gcc/arm-none-eabi/7.3.1/../../../../arm-none-eabi/lib/thumb/v7-m\libnosys.a
END GROUP
LOAD c:/st/stm32cubeide_1.5.1/stm32cubeide/plugins/com.st.stm32cube.ide.mcu.externaltools.gnu-tools-for-stm32.7-2018-q2-update.win32_1.5.0.202011040924/tools/bin/../lib/gcc/arm-none-eabi/7.3.1/thumb/v7-m/crtend.o
LOAD c:/st/stm32cubeide_1.5.1/stm32cubeide/plugins/com.st.stm32cube.ide.mcu.externaltools.gnu-tools-for-stm32.7-2018-q2-update.win32_1.5.0.202011040924/tools/bin/../lib/gcc/arm-none-eabi/7.3.1/thumb/v7-m/crtn.o
                0x0000000020005000                _estack = (ORIGIN (RAM) + LENGTH (RAM))
                0x0000000000000200                _Min_Heap_Size = 0x200
                0x0000000000000400                _Min_Stack_Size = 0x400

.isr_vector     0x0000000008000000      0x10c
                0x0000000008000000                . = ALIGN (0x4)
 *(.isr_vector)
 .isr_vector    0x0000000008000000      0x10c Core/Startup/startup_stm32f103rbtx.o
                0x0000000008000000                g_pfnVectors
                0x000000000800010c                . = ALIGN (0x4)

.text           0x0000000008000110     0x8d84
                0x0000000008000110                . = ALIGN (0x4)
 *(.text)
 .text          0x0000000008000110       0x40 c:/st/stm32cubeide_1.5.1/stm32cubeide/plugins/com.st.stm32cube.ide.mcu.externaltools.gnu-tools-for-stm32.7-2018-q2-update.win32_1.5.0.202011040924/tools/bin/../lib/gcc/arm-none-eabi/7.3.1/thumb/v7-m/crtbegin.o
 *(.text*)
 .text.letter   0x0000000008000150     0x178c Core/Src/Letters.o
                0x0000000008000150                letter
 .text.main     0x00000000080018dc      0x184 Core/Src/main.o
                0x00000000080018dc                main
 .text.SystemClock_Config
                0x0000000008001a60       0xaa Core/Src/main.o
                0x0000000008001a60                SystemClock_Config
 *fill*         0x0000000008001b0a        0x2 
 .text.MX_ADC1_Init
                0x0000000008001b0c       0x7c Core/Src/main.o
 .text.MX_TIM1_Init
                0x0000000008001b88       0xa0 Core/Src/main.o
 .text.MX_TIM2_Init
                0x0000000008001c28       0x98 Core/Src/main.o
 .text.MX_USART1_UART_Init
                0x0000000008001cc0       0x54 Core/Src/main.o
 .text.MX_USART3_UART_Init
                0x0000000008001d14       0x54 Core/Src/main.o
 .text.MX_GPIO_Init
                0x0000000008001d68      0x1c4 Core/Src/main.o
 .text.commandToLCD
                0x0000000008001f2c      0x1bc Core/Src/main.o
                0x0000000008001f2c                commandToLCD
 .text.printPassword
                0x00000000080020e8       0x5c Core/Src/main.o
                0x00000000080020e8                printPassword
 .text.line1    0x0000000008002144       0xa4 Core/Src/main.o
                0x0000000008002144                line1
 .text.line2    0x00000000080021e8       0xa4 Core/Src/main.o
                0x00000000080021e8                line2
 .text.clear    0x000000000800228c       0xa4 Core/Src/main.o
                0x000000000800228c                clear
 .text.correct  0x0000000008002330       0x54 Core/Src/main.o
                0x0000000008002330                correct
 .text.getVal   0x0000000008002384      0x2fc Core/Src/main.o
                0x0000000008002384                getVal
 .text.wrongPass
                0x0000000008002680       0x78 Core/Src/main.o
                0x0000000008002680                wrongPass
 .text.green    0x00000000080026f8       0x60 Core/Src/main.o
                0x00000000080026f8                green
 .text.timer    0x0000000008002758       0x78 Core/Src/main.o
                0x0000000008002758                timer
 .text.quit     0x00000000080027d0       0x84 Core/Src/main.o
                0x00000000080027d0                quit
 .text.onOffTime
                0x0000000008002854       0x88 Core/Src/main.o
                0x0000000008002854                onOffTime
 .text.onOff    0x00000000080028dc       0x68 Core/Src/main.o
                0x00000000080028dc                onOff
 .text.error    0x0000000008002944       0xb8 Core/Src/main.o
                0x0000000008002944                error
 .text.StartXbeeTask
                0x00000000080029fc       0x28 Core/Src/main.o
                0x00000000080029fc                StartXbeeTask
 .text.StartUserTask
                0x0000000008002a24      0x344 Core/Src/main.o
                0x0000000008002a24                StartUserTask
 .text.StartSolenoidTask
                0x0000000008002d68       0x10 Core/Src/main.o
                0x0000000008002d68                StartSolenoidTask
 .text.StartWeatherTask
                0x0000000008002d78      0x1cc Core/Src/main.o
                0x0000000008002d78                StartWeatherTask
 .text.StartFlowTask
                0x0000000008002f44      0x4d8 Core/Src/main.o
                0x0000000008002f44                StartFlowTask
 .text.StartProcessingTask
                0x000000000800341c       0x78 Core/Src/main.o
                0x000000000800341c                StartProcessingTask
 .text.StartWebsiteTask
                0x0000000008003494       0x78 Core/Src/main.o
                0x0000000008003494                StartWebsiteTask
 .text.HAL_TIM_PeriodElapsedCallback
                0x000000000800350c       0x24 Core/Src/main.o
                0x000000000800350c                HAL_TIM_PeriodElapsedCallback
 .text.Error_Handler
                0x0000000008003530        0x8 Core/Src/main.o
                0x0000000008003530                Error_Handler
 .text.initializeNodes
                0x0000000008003538       0xe8 Core/Src/sensorObjects.o
                0x0000000008003538                initializeNodes
 .text.HAL_MspInit
                0x0000000008003620       0x70 Core/Src/stm32f1xx_hal_msp.o
                0x0000000008003620                HAL_MspInit
 .text.HAL_ADC_MspInit
                0x0000000008003690       0x78 Core/Src/stm32f1xx_hal_msp.o
                0x0000000008003690                HAL_ADC_MspInit
 .text.HAL_TIM_Base_MspInit
                0x0000000008003708       0x60 Core/Src/stm32f1xx_hal_msp.o
                0x0000000008003708                HAL_TIM_Base_MspInit
 .text.HAL_UART_MspInit
                0x0000000008003768      0x110 Core/Src/stm32f1xx_hal_msp.o
                0x0000000008003768                HAL_UART_MspInit
 .text.HAL_InitTick
                0x0000000008003878       0xb0 Core/Src/stm32f1xx_hal_timebase_tim.o
                0x0000000008003878                HAL_InitTick
 .text.NMI_Handler
                0x0000000008003928        0x6 Core/Src/stm32f1xx_it.o
                0x0000000008003928                NMI_Handler
 .text.HardFault_Handler
                0x000000000800392e        0x6 Core/Src/stm32f1xx_it.o
                0x000000000800392e                HardFault_Handler
 .text.MemManage_Handler
                0x0000000008003934        0x6 Core/Src/stm32f1xx_it.o
                0x0000000008003934                MemManage_Handler
 .text.BusFault_Handler
                0x000000000800393a        0x6 Core/Src/stm32f1xx_it.o
                0x000000000800393a                BusFault_Handler
 .text.UsageFault_Handler
                0x0000000008003940        0x6 Core/Src/stm32f1xx_it.o
                0x0000000008003940                UsageFault_Handler
 .text.DebugMon_Handler
                0x0000000008003946        0xc Core/Src/stm32f1xx_it.o
                0x0000000008003946                DebugMon_Handler
 *fill*         0x0000000008003952        0x2 
 .text.TIM4_IRQHandler
                0x0000000008003954       0x14 Core/Src/stm32f1xx_it.o
                0x0000000008003954                TIM4_IRQHandler
 .text.EXTI15_10_IRQHandler
                0x0000000008003968       0x10 Core/Src/stm32f1xx_it.o
                0x0000000008003968                EXTI15_10_IRQHandler
 .text.SystemInit
                0x0000000008003978        0xc Core/Src/system_stm32f1xx.o
                0x0000000008003978                SystemInit
 .text.Reset_Handler
                0x0000000008003984       0x48 Core/Startup/startup_stm32f103rbtx.o
                0x0000000008003984                Reset_Handler
 .text.Default_Handler
                0x00000000080039cc        0x2 Core/Startup/startup_stm32f103rbtx.o
                0x00000000080039cc                RTC_Alarm_IRQHandler
                0x00000000080039cc                EXTI2_IRQHandler
                0x00000000080039cc                TIM1_CC_IRQHandler
                0x00000000080039cc                PVD_IRQHandler
                0x00000000080039cc                EXTI3_IRQHandler
                0x00000000080039cc                EXTI0_IRQHandler
                0x00000000080039cc                I2C2_EV_IRQHandler
                0x00000000080039cc                ADC1_2_IRQHandler
                0x00000000080039cc                SPI1_IRQHandler
                0x00000000080039cc                TAMPER_IRQHandler
                0x00000000080039cc                DMA1_Channel4_IRQHandler
                0x00000000080039cc                USART3_IRQHandler
                0x00000000080039cc                RTC_IRQHandler
                0x00000000080039cc                DMA1_Channel7_IRQHandler
                0x00000000080039cc                CAN1_RX1_IRQHandler
                0x00000000080039cc                I2C1_EV_IRQHandler
                0x00000000080039cc                DMA1_Channel6_IRQHandler
                0x00000000080039cc                TIM3_IRQHandler
                0x00000000080039cc                RCC_IRQHandler
                0x00000000080039cc                TIM1_TRG_COM_IRQHandler
                0x00000000080039cc                DMA1_Channel1_IRQHandler
                0x00000000080039cc                Default_Handler
                0x00000000080039cc                EXTI9_5_IRQHandler
                0x00000000080039cc                SPI2_IRQHandler
                0x00000000080039cc                DMA1_Channel5_IRQHandler
                0x00000000080039cc                EXTI4_IRQHandler
                0x00000000080039cc                USB_LP_CAN1_RX0_IRQHandler
                0x00000000080039cc                USB_HP_CAN1_TX_IRQHandler
                0x00000000080039cc                DMA1_Channel3_IRQHandler
                0x00000000080039cc                TIM1_UP_IRQHandler
                0x00000000080039cc                WWDG_IRQHandler
                0x00000000080039cc                TIM2_IRQHandler
                0x00000000080039cc                TIM1_BRK_IRQHandler
                0x00000000080039cc                EXTI1_IRQHandler
                0x00000000080039cc                USART2_IRQHandler
                0x00000000080039cc                I2C2_ER_IRQHandler
                0x00000000080039cc                DMA1_Channel2_IRQHandler
                0x00000000080039cc                CAN1_SCE_IRQHandler
                0x00000000080039cc                FLASH_IRQHandler
                0x00000000080039cc                USART1_IRQHandler
                0x00000000080039cc                I2C1_ER_IRQHandler
                0x00000000080039cc                USBWakeUp_IRQHandler
 *fill*         0x00000000080039ce        0x2 
 .text.HAL_Init
                0x00000000080039d0       0x2c Drivers/STM32F1xx_HAL_Driver/Src/stm32f1xx_hal.o
                0x00000000080039d0                HAL_Init
 .text.HAL_IncTick
                0x00000000080039fc       0x24 Drivers/STM32F1xx_HAL_Driver/Src/stm32f1xx_hal.o
                0x00000000080039fc                HAL_IncTick
 .text.HAL_GetTick
                0x0000000008003a20       0x14 Drivers/STM32F1xx_HAL_Driver/Src/stm32f1xx_hal.o
                0x0000000008003a20                HAL_GetTick
 .text.HAL_Delay
                0x0000000008003a34       0x44 Drivers/STM32F1xx_HAL_Driver/Src/stm32f1xx_hal.o
                0x0000000008003a34                HAL_Delay
 .text.HAL_ADC_Init
                0x0000000008003a78      0x1b0 Drivers/STM32F1xx_HAL_Driver/Src/stm32f1xx_hal_adc.o
                0x0000000008003a78                HAL_ADC_Init
 .text.HAL_ADC_Start
                0x0000000008003c28      0x15c Drivers/STM32F1xx_HAL_Driver/Src/stm32f1xx_hal_adc.o
                0x0000000008003c28                HAL_ADC_Start
 .text.HAL_ADC_PollForConversion
                0x0000000008003d84      0x1f4 Drivers/STM32F1xx_HAL_Driver/Src/stm32f1xx_hal_adc.o
                0x0000000008003d84                HAL_ADC_PollForConversion
 .text.HAL_ADC_GetValue
                0x0000000008003f78       0x18 Drivers/STM32F1xx_HAL_Driver/Src/stm32f1xx_hal_adc.o
                0x0000000008003f78                HAL_ADC_GetValue
 .text.HAL_ADC_ConfigChannel
                0x0000000008003f90      0x1f0 Drivers/STM32F1xx_HAL_Driver/Src/stm32f1xx_hal_adc.o
                0x0000000008003f90                HAL_ADC_ConfigChannel
 .text.ADC_Enable
                0x0000000008004180       0xa4 Drivers/STM32F1xx_HAL_Driver/Src/stm32f1xx_hal_adc.o
                0x0000000008004180                ADC_Enable
 .text.ADC_ConversionStop_Disable
                0x0000000008004224       0x74 Drivers/STM32F1xx_HAL_Driver/Src/stm32f1xx_hal_adc.o
                0x0000000008004224                ADC_ConversionStop_Disable
 .text.__NVIC_SetPriorityGrouping
                0x0000000008004298       0x48 Drivers/STM32F1xx_HAL_Driver/Src/stm32f1xx_hal_cortex.o
 .text.__NVIC_GetPriorityGrouping
                0x00000000080042e0       0x1c Drivers/STM32F1xx_HAL_Driver/Src/stm32f1xx_hal_cortex.o
 .text.__NVIC_EnableIRQ
                0x00000000080042fc       0x38 Drivers/STM32F1xx_HAL_Driver/Src/stm32f1xx_hal_cortex.o
 .text.__NVIC_SetPriority
                0x0000000008004334       0x54 Drivers/STM32F1xx_HAL_Driver/Src/stm32f1xx_hal_cortex.o
 .text.NVIC_EncodePriority
                0x0000000008004388       0x64 Drivers/STM32F1xx_HAL_Driver/Src/stm32f1xx_hal_cortex.o
 .text.HAL_NVIC_SetPriorityGrouping
                0x00000000080043ec       0x16 Drivers/STM32F1xx_HAL_Driver/Src/stm32f1xx_hal_cortex.o
                0x00000000080043ec                HAL_NVIC_SetPriorityGrouping
 .text.HAL_NVIC_SetPriority
                0x0000000008004402       0x38 Drivers/STM32F1xx_HAL_Driver/Src/stm32f1xx_hal_cortex.o
                0x0000000008004402                HAL_NVIC_SetPriority
 .text.HAL_NVIC_EnableIRQ
                0x000000000800443a       0x1c Drivers/STM32F1xx_HAL_Driver/Src/stm32f1xx_hal_cortex.o
                0x000000000800443a                HAL_NVIC_EnableIRQ
 *fill*         0x0000000008004456        0x2 
 .text.HAL_GPIO_Init
                0x0000000008004458      0x2b4 Drivers/STM32F1xx_HAL_Driver/Src/stm32f1xx_hal_gpio.o
                0x0000000008004458                HAL_GPIO_Init
 .text.HAL_GPIO_ReadPin
                0x000000000800470c       0x2e Drivers/STM32F1xx_HAL_Driver/Src/stm32f1xx_hal_gpio.o
                0x000000000800470c                HAL_GPIO_ReadPin
 .text.HAL_GPIO_WritePin
                0x000000000800473a       0x30 Drivers/STM32F1xx_HAL_Driver/Src/stm32f1xx_hal_gpio.o
                0x000000000800473a                HAL_GPIO_WritePin
 *fill*         0x000000000800476a        0x2 
 .text.HAL_GPIO_EXTI_IRQHandler
                0x000000000800476c       0x30 Drivers/STM32F1xx_HAL_Driver/Src/stm32f1xx_hal_gpio.o
                0x000000000800476c                HAL_GPIO_EXTI_IRQHandler
 .text.HAL_GPIO_EXTI_Callback
                0x000000000800479c       0x14 Drivers/STM32F1xx_HAL_Driver/Src/stm32f1xx_hal_gpio.o
                0x000000000800479c                HAL_GPIO_EXTI_Callback
 .text.HAL_RCC_OscConfig
                0x00000000080047b0      0x500 Drivers/STM32F1xx_HAL_Driver/Src/stm32f1xx_hal_rcc.o
                0x00000000080047b0                HAL_RCC_OscConfig
 .text.HAL_RCC_ClockConfig
                0x0000000008004cb0      0x1d4 Drivers/STM32F1xx_HAL_Driver/Src/stm32f1xx_hal_rcc.o
                0x0000000008004cb0                HAL_RCC_ClockConfig
 .text.HAL_RCC_GetSysClockFreq
                0x0000000008004e84       0xc4 Drivers/STM32F1xx_HAL_Driver/Src/stm32f1xx_hal_rcc.o
                0x0000000008004e84                HAL_RCC_GetSysClockFreq
 .text.HAL_RCC_GetHCLKFreq
                0x0000000008004f48       0x14 Drivers/STM32F1xx_HAL_Driver/Src/stm32f1xx_hal_rcc.o
                0x0000000008004f48                HAL_RCC_GetHCLKFreq
 .text.HAL_RCC_GetPCLK1Freq
                0x0000000008004f5c       0x28 Drivers/STM32F1xx_HAL_Driver/Src/stm32f1xx_hal_rcc.o
                0x0000000008004f5c                HAL_RCC_GetPCLK1Freq
 .text.HAL_RCC_GetPCLK2Freq
                0x0000000008004f84       0x28 Drivers/STM32F1xx_HAL_Driver/Src/stm32f1xx_hal_rcc.o
                0x0000000008004f84                HAL_RCC_GetPCLK2Freq
 .text.HAL_RCC_GetClockConfig
                0x0000000008004fac       0x60 Drivers/STM32F1xx_HAL_Driver/Src/stm32f1xx_hal_rcc.o
                0x0000000008004fac                HAL_RCC_GetClockConfig
 .text.RCC_Delay
                0x000000000800500c       0x3c Drivers/STM32F1xx_HAL_Driver/Src/stm32f1xx_hal_rcc.o
 .text.HAL_RCCEx_PeriphCLKConfig
                0x0000000008005048      0x16c Drivers/STM32F1xx_HAL_Driver/Src/stm32f1xx_hal_rcc_ex.o
                0x0000000008005048                HAL_RCCEx_PeriphCLKConfig
 .text.HAL_RCCEx_GetPeriphCLKFreq
                0x00000000080051b4      0x178 Drivers/STM32F1xx_HAL_Driver/Src/stm32f1xx_hal_rcc_ex.o
                0x00000000080051b4                HAL_RCCEx_GetPeriphCLKFreq
 .text.HAL_TIM_Base_Init
                0x000000000800532c       0x9e Drivers/STM32F1xx_HAL_Driver/Src/stm32f1xx_hal_tim.o
                0x000000000800532c                HAL_TIM_Base_Init
 *fill*         0x00000000080053ca        0x2 
 .text.HAL_TIM_Base_Start
                0x00000000080053cc       0x94 Drivers/STM32F1xx_HAL_Driver/Src/stm32f1xx_hal_tim.o
                0x00000000080053cc                HAL_TIM_Base_Start
 .text.HAL_TIM_Base_Stop
                0x0000000008005460       0x4c Drivers/STM32F1xx_HAL_Driver/Src/stm32f1xx_hal_tim.o
                0x0000000008005460                HAL_TIM_Base_Stop
 .text.HAL_TIM_Base_Start_IT
                0x00000000080054ac       0xa4 Drivers/STM32F1xx_HAL_Driver/Src/stm32f1xx_hal_tim.o
                0x00000000080054ac                HAL_TIM_Base_Start_IT
 .text.HAL_TIM_IRQHandler
                0x0000000008005550      0x210 Drivers/STM32F1xx_HAL_Driver/Src/stm32f1xx_hal_tim.o
                0x0000000008005550                HAL_TIM_IRQHandler
 .text.HAL_TIM_ConfigClockSource
                0x0000000008005760      0x16e Drivers/STM32F1xx_HAL_Driver/Src/stm32f1xx_hal_tim.o
                0x0000000008005760                HAL_TIM_ConfigClockSource
 .text.HAL_TIM_OC_DelayElapsedCallback
                0x00000000080058ce       0x12 Drivers/STM32F1xx_HAL_Driver/Src/stm32f1xx_hal_tim.o
                0x00000000080058ce                HAL_TIM_OC_DelayElapsedCallback
 .text.HAL_TIM_IC_CaptureCallback
                0x00000000080058e0       0x12 Drivers/STM32F1xx_HAL_Driver/Src/stm32f1xx_hal_tim.o
                0x00000000080058e0                HAL_TIM_IC_CaptureCallback
 .text.HAL_TIM_PWM_PulseFinishedCallback
                0x00000000080058f2       0x12 Drivers/STM32F1xx_HAL_Driver/Src/stm32f1xx_hal_tim.o
                0x00000000080058f2                HAL_TIM_PWM_PulseFinishedCallback
 .text.HAL_TIM_TriggerCallback
                0x0000000008005904       0x12 Drivers/STM32F1xx_HAL_Driver/Src/stm32f1xx_hal_tim.o
                0x0000000008005904                HAL_TIM_TriggerCallback
 *fill*         0x0000000008005916        0x2 
 .text.TIM_Base_SetConfig
                0x0000000008005918       0xc4 Drivers/STM32F1xx_HAL_Driver/Src/stm32f1xx_hal_tim.o
                0x0000000008005918                TIM_Base_SetConfig
 .text.TIM_TI1_ConfigInputStage
                0x00000000080059dc       0x5c Drivers/STM32F1xx_HAL_Driver/Src/stm32f1xx_hal_tim.o
 .text.TIM_TI2_ConfigInputStage
                0x0000000008005a38       0x5e Drivers/STM32F1xx_HAL_Driver/Src/stm32f1xx_hal_tim.o
 .text.TIM_ITRx_SetConfig
                0x0000000008005a96       0x34 Drivers/STM32F1xx_HAL_Driver/Src/stm32f1xx_hal_tim.o
 .text.TIM_ETR_SetConfig
                0x0000000008005aca       0x3e Drivers/STM32F1xx_HAL_Driver/Src/stm32f1xx_hal_tim.o
                0x0000000008005aca                TIM_ETR_SetConfig
 .text.HAL_TIMEx_MasterConfigSynchronization
                0x0000000008005b08       0xbc Drivers/STM32F1xx_HAL_Driver/Src/stm32f1xx_hal_tim_ex.o
                0x0000000008005b08                HAL_TIMEx_MasterConfigSynchronization
 .text.HAL_TIMEx_CommutCallback
                0x0000000008005bc4       0x12 Drivers/STM32F1xx_HAL_Driver/Src/stm32f1xx_hal_tim_ex.o
                0x0000000008005bc4                HAL_TIMEx_CommutCallback
 .text.HAL_TIMEx_BreakCallback
                0x0000000008005bd6       0x12 Drivers/STM32F1xx_HAL_Driver/Src/stm32f1xx_hal_tim_ex.o
                0x0000000008005bd6                HAL_TIMEx_BreakCallback
 .text.HAL_UART_Init
                0x0000000008005be8       0x9a Drivers/STM32F1xx_HAL_Driver/Src/stm32f1xx_hal_uart.o
                0x0000000008005be8                HAL_UART_Init
 .text.HAL_UART_Transmit
                0x0000000008005c82      0x124 Drivers/STM32F1xx_HAL_Driver/Src/stm32f1xx_hal_uart.o
                0x0000000008005c82                HAL_UART_Transmit
 .text.HAL_UART_Receive
                0x0000000008005da6      0x13e Drivers/STM32F1xx_HAL_Driver/Src/stm32f1xx_hal_uart.o
                0x0000000008005da6                HAL_UART_Receive
 .text.UART_WaitOnFlagUntilTimeout
                0x0000000008005ee4       0x94 Drivers/STM32F1xx_HAL_Driver/Src/stm32f1xx_hal_uart.o
 .text.UART_SetConfig
                0x0000000008005f78      0x11c Drivers/STM32F1xx_HAL_Driver/Src/stm32f1xx_hal_uart.o
 .text.osKernelInitialize
                0x0000000008006094       0x64 Middlewares/Third_Party/FreeRTOS/Source/CMSIS_RTOS_V2/cmsis_os2.o
                0x0000000008006094                osKernelInitialize
 .text.osKernelStart
                0x00000000080060f8       0x68 Middlewares/Third_Party/FreeRTOS/Source/CMSIS_RTOS_V2/cmsis_os2.o
                0x00000000080060f8                osKernelStart
 .text.osThreadNew
                0x0000000008006160      0x154 Middlewares/Third_Party/FreeRTOS/Source/CMSIS_RTOS_V2/cmsis_os2.o
                0x0000000008006160                osThreadNew
 .text.osDelay  0x00000000080062b4       0x5c Middlewares/Third_Party/FreeRTOS/Source/CMSIS_RTOS_V2/cmsis_os2.o
                0x00000000080062b4                osDelay
 .text.osMessageQueueNew
                0x0000000008006310      0x10c Middlewares/Third_Party/FreeRTOS/Source/CMSIS_RTOS_V2/cmsis_os2.o
                0x0000000008006310                osMessageQueueNew
 .text.osMessageQueuePut
                0x000000000800641c       0xe8 Middlewares/Third_Party/FreeRTOS/Source/CMSIS_RTOS_V2/cmsis_os2.o
                0x000000000800641c                osMessageQueuePut
 .text.osMessageQueueGet
                0x0000000008006504       0xe4 Middlewares/Third_Party/FreeRTOS/Source/CMSIS_RTOS_V2/cmsis_os2.o
                0x0000000008006504                osMessageQueueGet
 .text.vApplicationGetIdleTaskMemory
                0x00000000080065e8       0x30 Middlewares/Third_Party/FreeRTOS/Source/CMSIS_RTOS_V2/cmsis_os2.o
                0x00000000080065e8                vApplicationGetIdleTaskMemory
 .text.vApplicationGetTimerTaskMemory
                0x0000000008006618       0x34 Middlewares/Third_Party/FreeRTOS/Source/CMSIS_RTOS_V2/cmsis_os2.o
                0x0000000008006618                vApplicationGetTimerTaskMemory
 .text.vListInitialise
                0x000000000800664c       0x3e Middlewares/Third_Party/FreeRTOS/Source/list.o
                0x000000000800664c                vListInitialise
 .text.vListInitialiseItem
                0x000000000800668a       0x18 Middlewares/Third_Party/FreeRTOS/Source/list.o
                0x000000000800668a                vListInitialiseItem
 .text.vListInsertEnd
                0x00000000080066a2       0x46 Middlewares/Third_Party/FreeRTOS/Source/list.o
                0x00000000080066a2                vListInsertEnd
 .text.vListInsert
                0x00000000080066e8       0x70 Middlewares/Third_Party/FreeRTOS/Source/list.o
                0x00000000080066e8                vListInsert
 .text.uxListRemove
                0x0000000008006758       0x52 Middlewares/Third_Party/FreeRTOS/Source/list.o
                0x0000000008006758                uxListRemove
 *fill*         0x00000000080067aa        0x2 
 .text.xQueueGenericReset
                0x00000000080067ac       0xd0 Middlewares/Third_Party/FreeRTOS/Source/queue.o
                0x00000000080067ac                xQueueGenericReset
 .text.xQueueGenericCreateStatic
                0x000000000800687c       0xe4 Middlewares/Third_Party/FreeRTOS/Source/queue.o
                0x000000000800687c                xQueueGenericCreateStatic
 .text.xQueueGenericCreate
                0x0000000008006960       0x7a Middlewares/Third_Party/FreeRTOS/Source/queue.o
                0x0000000008006960                xQueueGenericCreate
 .text.prvInitialiseNewQueue
                0x00000000080069da       0x46 Middlewares/Third_Party/FreeRTOS/Source/queue.o
 .text.xQueueGenericSend
                0x0000000008006a20      0x1f4 Middlewares/Third_Party/FreeRTOS/Source/queue.o
                0x0000000008006a20                xQueueGenericSend
 .text.xQueueGenericSendFromISR
                0x0000000008006c14      0x128 Middlewares/Third_Party/FreeRTOS/Source/queue.o
                0x0000000008006c14                xQueueGenericSendFromISR
 .text.xQueueReceive
                0x0000000008006d3c      0x1b8 Middlewares/Third_Party/FreeRTOS/Source/queue.o
                0x0000000008006d3c                xQueueReceive
 .text.xQueueReceiveFromISR
                0x0000000008006ef4       0xfa Middlewares/Third_Party/FreeRTOS/Source/queue.o
                0x0000000008006ef4                xQueueReceiveFromISR
 .text.prvCopyDataToQueue
                0x0000000008006fee       0xd4 Middlewares/Third_Party/FreeRTOS/Source/queue.o
 .text.prvCopyDataFromQueue
                0x00000000080070c2       0x4c Middlewares/Third_Party/FreeRTOS/Source/queue.o
 .text.prvUnlockQueue
                0x000000000800710e       0xa4 Middlewares/Third_Party/FreeRTOS/Source/queue.o
 .text.prvIsQueueEmpty
                0x00000000080071b2       0x2c Middlewares/Third_Party/FreeRTOS/Source/queue.o
 .text.prvIsQueueFull
                0x00000000080071de       0x30 Middlewares/Third_Party/FreeRTOS/Source/queue.o
 *fill*         0x000000000800720e        0x2 
 .text.vQueueAddToRegistry
                0x0000000008007210       0x50 Middlewares/Third_Party/FreeRTOS/Source/queue.o
                0x0000000008007210                vQueueAddToRegistry
 .text.vQueueWaitForMessageRestricted
                0x0000000008007260       0x68 Middlewares/Third_Party/FreeRTOS/Source/queue.o
                0x0000000008007260                vQueueWaitForMessageRestricted
 .text.xTaskCreateStatic
                0x00000000080072c8       0xb2 Middlewares/Third_Party/FreeRTOS/Source/tasks.o
                0x00000000080072c8                xTaskCreateStatic
 .text.xTaskCreate
                0x000000000800737a       0x8a Middlewares/Third_Party/FreeRTOS/Source/tasks.o
                0x000000000800737a                xTaskCreate
 .text.prvInitialiseNewTask
                0x0000000008007404      0x10c Middlewares/Third_Party/FreeRTOS/Source/tasks.o
 .text.prvAddNewTaskToReadyList
                0x0000000008007510       0xe0 Middlewares/Third_Party/FreeRTOS/Source/tasks.o
 .text.vTaskDelay
                0x00000000080075f0       0x68 Middlewares/Third_Party/FreeRTOS/Source/tasks.o
                0x00000000080075f0                vTaskDelay
 .text.vTaskStartScheduler
                0x0000000008007658       0xc8 Middlewares/Third_Party/FreeRTOS/Source/tasks.o
                0x0000000008007658                vTaskStartScheduler
 .text.vTaskSuspendAll
                0x0000000008007720       0x1c Middlewares/Third_Party/FreeRTOS/Source/tasks.o
                0x0000000008007720                vTaskSuspendAll
 .text.xTaskResumeAll
                0x000000000800773c      0x138 Middlewares/Third_Party/FreeRTOS/Source/tasks.o
                0x000000000800773c                xTaskResumeAll
 .text.xTaskGetTickCount
                0x0000000008007874       0x1c Middlewares/Third_Party/FreeRTOS/Source/tasks.o
                0x0000000008007874                xTaskGetTickCount
 .text.xTaskIncrementTick
                0x0000000008007890      0x17c Middlewares/Third_Party/FreeRTOS/Source/tasks.o
                0x0000000008007890                xTaskIncrementTick
 .text.vTaskSwitchContext
                0x0000000008007a0c       0xb8 Middlewares/Third_Party/FreeRTOS/Source/tasks.o
                0x0000000008007a0c                vTaskSwitchContext
 .text.vTaskPlaceOnEventList
                0x0000000008007ac4       0x48 Middlewares/Third_Party/FreeRTOS/Source/tasks.o
                0x0000000008007ac4                vTaskPlaceOnEventList
 .text.vTaskPlaceOnEventListRestricted
                0x0000000008007b0c       0x54 Middlewares/Third_Party/FreeRTOS/Source/tasks.o
                0x0000000008007b0c                vTaskPlaceOnEventListRestricted
 .text.xTaskRemoveFromEventList
                0x0000000008007b60       0xc4 Middlewares/Third_Party/FreeRTOS/Source/tasks.o
                0x0000000008007b60                xTaskRemoveFromEventList
 .text.vTaskInternalSetTimeOutState
                0x0000000008007c24       0x2c Middlewares/Third_Party/FreeRTOS/Source/tasks.o
                0x0000000008007c24                vTaskInternalSetTimeOutState
 .text.xTaskCheckForTimeOut
                0x0000000008007c50       0xc0 Middlewares/Third_Party/FreeRTOS/Source/tasks.o
                0x0000000008007c50                xTaskCheckForTimeOut
 .text.vTaskMissedYield
                0x0000000008007d10       0x18 Middlewares/Third_Party/FreeRTOS/Source/tasks.o
                0x0000000008007d10                vTaskMissedYield
 .text.prvIdleTask
                0x0000000008007d28       0x30 Middlewares/Third_Party/FreeRTOS/Source/tasks.o
 .text.prvInitialiseTaskLists
                0x0000000008007d58       0x80 Middlewares/Third_Party/FreeRTOS/Source/tasks.o
 .text.prvCheckTasksWaitingTermination
                0x0000000008007dd8       0x58 Middlewares/Third_Party/FreeRTOS/Source/tasks.o
 .text.prvDeleteTCB
                0x0000000008007e30       0x5c Middlewares/Third_Party/FreeRTOS/Source/tasks.o
 .text.prvResetNextTaskUnblockTime
                0x0000000008007e8c       0x48 Middlewares/Third_Party/FreeRTOS/Source/tasks.o
 .text.xTaskGetSchedulerState
                0x0000000008007ed4       0x3c Middlewares/Third_Party/FreeRTOS/Source/tasks.o
                0x0000000008007ed4                xTaskGetSchedulerState
 .text.xTaskPriorityDisinherit
                0x0000000008007f10       0xd8 Middlewares/Third_Party/FreeRTOS/Source/tasks.o
                0x0000000008007f10                xTaskPriorityDisinherit
 .text.prvAddCurrentTaskToDelayedList
                0x0000000008007fe8       0xa8 Middlewares/Third_Party/FreeRTOS/Source/tasks.o
 .text.xTimerCreateTimerTask
                0x0000000008008090       0x90 Middlewares/Third_Party/FreeRTOS/Source/timers.o
                0x0000000008008090                xTimerCreateTimerTask
 .text.xTimerGenericCommand
                0x0000000008008120       0x98 Middlewares/Third_Party/FreeRTOS/Source/timers.o
                0x0000000008008120                xTimerGenericCommand
 .text.prvProcessExpiredTimer
                0x00000000080081b8       0x80 Middlewares/Third_Party/FreeRTOS/Source/timers.o
 .text.prvTimerTask
                0x0000000008008238       0x24 Middlewares/Third_Party/FreeRTOS/Source/timers.o
 .text.prvProcessTimerOrBlockTask
                0x000000000800825c       0x9c Middlewares/Third_Party/FreeRTOS/Source/timers.o
 .text.prvGetNextExpireTime
                0x00000000080082f8       0x48 Middlewares/Third_Party/FreeRTOS/Source/timers.o
 .text.prvSampleTimeNow
                0x0000000008008340       0x40 Middlewares/Third_Party/FreeRTOS/Source/timers.o
 .text.prvInsertTimerInActiveList
                0x0000000008008380       0x84 Middlewares/Third_Party/FreeRTOS/Source/timers.o
 .text.prvProcessReceivedCommands
                0x0000000008008404      0x160 Middlewares/Third_Party/FreeRTOS/Source/timers.o
 .text.prvSwitchTimerLists
                0x0000000008008564       0xc0 Middlewares/Third_Party/FreeRTOS/Source/timers.o
 .text.prvCheckForValidListAndQueue
                0x0000000008008624       0x80 Middlewares/Third_Party/FreeRTOS/Source/timers.o
 .text.pxPortInitialiseStack
                0x00000000080086a4       0x58 Middlewares/Third_Party/FreeRTOS/Source/portable/GCC/ARM_CM3/port.o
                0x00000000080086a4                pxPortInitialiseStack
 .text.prvTaskExitError
                0x00000000080086fc       0x50 Middlewares/Third_Party/FreeRTOS/Source/portable/GCC/ARM_CM3/port.o
 *fill*         0x000000000800874c        0x4 
 .text.SVC_Handler
                0x0000000008008750       0x28 Middlewares/Third_Party/FreeRTOS/Source/portable/GCC/ARM_CM3/port.o
                0x0000000008008750                SVC_Handler
 .text.prvPortStartFirstTask
                0x0000000008008778       0x20 Middlewares/Third_Party/FreeRTOS/Source/portable/GCC/ARM_CM3/port.o
 .text.xPortStartScheduler
                0x0000000008008798       0xe0 Middlewares/Third_Party/FreeRTOS/Source/portable/GCC/ARM_CM3/port.o
                0x0000000008008798                xPortStartScheduler
 .text.vPortEnterCritical
                0x0000000008008878       0x5c Middlewares/Third_Party/FreeRTOS/Source/portable/GCC/ARM_CM3/port.o
                0x0000000008008878                vPortEnterCritical
 .text.vPortExitCritical
                0x00000000080088d4       0x4c Middlewares/Third_Party/FreeRTOS/Source/portable/GCC/ARM_CM3/port.o
                0x00000000080088d4                vPortExitCritical
 .text.PendSV_Handler
                0x0000000008008920       0x48 Middlewares/Third_Party/FreeRTOS/Source/portable/GCC/ARM_CM3/port.o
                0x0000000008008920                PendSV_Handler
 .text.SysTick_Handler
                0x0000000008008968       0x40 Middlewares/Third_Party/FreeRTOS/Source/portable/GCC/ARM_CM3/port.o
                0x0000000008008968                SysTick_Handler
 .text.vPortSetupTimerInterrupt
                0x00000000080089a8       0x44 Middlewares/Third_Party/FreeRTOS/Source/portable/GCC/ARM_CM3/port.o
                0x00000000080089a8                vPortSetupTimerInterrupt
 .text.vPortValidateInterruptPriority
                0x00000000080089ec       0x78 Middlewares/Third_Party/FreeRTOS/Source/portable/GCC/ARM_CM3/port.o
                0x00000000080089ec                vPortValidateInterruptPriority
 .text.pvPortMalloc
                0x0000000008008a64      0x184 Middlewares/Third_Party/FreeRTOS/Source/portable/MemMang/heap_4.o
                0x0000000008008a64                pvPortMalloc
 .text.vPortFree
                0x0000000008008be8       0xb0 Middlewares/Third_Party/FreeRTOS/Source/portable/MemMang/heap_4.o
                0x0000000008008be8                vPortFree
 .text.prvHeapInit
                0x0000000008008c98       0xc4 Middlewares/Third_Party/FreeRTOS/Source/portable/MemMang/heap_4.o
 .text.prvInsertBlockIntoFreeList
                0x0000000008008d5c       0xb0 Middlewares/Third_Party/FreeRTOS/Source/portable/MemMang/heap_4.o
 .text.__libc_init_array
                0x0000000008008e0c       0x48 c:/st/stm32cubeide_1.5.1/stm32cubeide/plugins/com.st.stm32cube.ide.mcu.externaltools.gnu-tools-for-stm32.7-2018-q2-update.win32_1.5.0.202011040924/tools/bin/../lib/gcc/arm-none-eabi/7.3.1/../../../../arm-none-eabi/lib/thumb/v7-m\libc_nano.a(lib_a-init.o)
                0x0000000008008e0c                __libc_init_array
 .text.memcpy   0x0000000008008e54       0x16 c:/st/stm32cubeide_1.5.1/stm32cubeide/plugins/com.st.stm32cube.ide.mcu.externaltools.gnu-tools-for-stm32.7-2018-q2-update.win32_1.5.0.202011040924/tools/bin/../lib/gcc/arm-none-eabi/7.3.1/../../../../arm-none-eabi/lib/thumb/v7-m\libc_nano.a(lib_a-memcpy-stub.o)
                0x0000000008008e54                memcpy
 .text.memset   0x0000000008008e6a       0x10 c:/st/stm32cubeide_1.5.1/stm32cubeide/plugins/com.st.stm32cube.ide.mcu.externaltools.gnu-tools-for-stm32.7-2018-q2-update.win32_1.5.0.202011040924/tools/bin/../lib/gcc/arm-none-eabi/7.3.1/../../../../arm-none-eabi/lib/thumb/v7-m\libc_nano.a(lib_a-memset.o)
                0x0000000008008e6a                memset
 *(.glue_7)
 .glue_7        0x0000000008008e7a        0x0 linker stubs
 *(.glue_7t)
 .glue_7t       0x0000000008008e7a        0x0 linker stubs
 *(.eh_frame)
 *fill*         0x0000000008008e7a        0x2 
 .eh_frame      0x0000000008008e7c        0x0 c:/st/stm32cubeide_1.5.1/stm32cubeide/plugins/com.st.stm32cube.ide.mcu.externaltools.gnu-tools-for-stm32.7-2018-q2-update.win32_1.5.0.202011040924/tools/bin/../lib/gcc/arm-none-eabi/7.3.1/thumb/v7-m/crtbegin.o
 *(.init)
 .init          0x0000000008008e7c        0x4 c:/st/stm32cubeide_1.5.1/stm32cubeide/plugins/com.st.stm32cube.ide.mcu.externaltools.gnu-tools-for-stm32.7-2018-q2-update.win32_1.5.0.202011040924/tools/bin/../lib/gcc/arm-none-eabi/7.3.1/thumb/v7-m/crti.o
                0x0000000008008e7c                _init
 .init          0x0000000008008e80        0x8 c:/st/stm32cubeide_1.5.1/stm32cubeide/plugins/com.st.stm32cube.ide.mcu.externaltools.gnu-tools-for-stm32.7-2018-q2-update.win32_1.5.0.202011040924/tools/bin/../lib/gcc/arm-none-eabi/7.3.1/thumb/v7-m/crtn.o
 *(.fini)
 .fini          0x0000000008008e88        0x4 c:/st/stm32cubeide_1.5.1/stm32cubeide/plugins/com.st.stm32cube.ide.mcu.externaltools.gnu-tools-for-stm32.7-2018-q2-update.win32_1.5.0.202011040924/tools/bin/../lib/gcc/arm-none-eabi/7.3.1/thumb/v7-m/crti.o
                0x0000000008008e88                _fini
 .fini          0x0000000008008e8c        0x8 c:/st/stm32cubeide_1.5.1/stm32cubeide/plugins/com.st.stm32cube.ide.mcu.externaltools.gnu-tools-for-stm32.7-2018-q2-update.win32_1.5.0.202011040924/tools/bin/../lib/gcc/arm-none-eabi/7.3.1/thumb/v7-m/crtn.o
                0x0000000008008e94                . = ALIGN (0x4)
                0x0000000008008e94                _etext = .

.vfp11_veneer   0x0000000008008e94        0x0
 .vfp11_veneer  0x0000000008008e94        0x0 linker stubs

.v4_bx          0x0000000008008e94        0x0
 .v4_bx         0x0000000008008e94        0x0 linker stubs

.iplt           0x0000000008008e94        0x0
 .iplt          0x0000000008008e94        0x0 c:/st/stm32cubeide_1.5.1/stm32cubeide/plugins/com.st.stm32cube.ide.mcu.externaltools.gnu-tools-for-stm32.7-2018-q2-update.win32_1.5.0.202011040924/tools/bin/../lib/gcc/arm-none-eabi/7.3.1/thumb/v7-m/crtbegin.o

.rodata         0x0000000008008e94      0x2b4
                0x0000000008008e94                . = ALIGN (0x4)
 *(.rodata)
 .rodata        0x0000000008008e94       0xb6 Core/Src/main.o
 *fill*         0x0000000008008f4a        0x2 
 .rodata        0x0000000008008f4c       0x18 Core/Src/sensorObjects.o
 .rodata        0x0000000008008f64       0x12 Drivers/STM32F1xx_HAL_Driver/Src/stm32f1xx_hal_rcc.o
 *fill*         0x0000000008008f76        0x2 
 .rodata        0x0000000008008f78       0x12 Drivers/STM32F1xx_HAL_Driver/Src/stm32f1xx_hal_rcc_ex.o
 *fill*         0x0000000008008f8a        0x2 
 .rodata        0x0000000008008f8c        0x5 Middlewares/Third_Party/FreeRTOS/Source/tasks.o
 *fill*         0x0000000008008f91        0x3 
 .rodata        0x0000000008008f94        0xd Middlewares/Third_Party/FreeRTOS/Source/timers.o
 *(.rodata*)
 *fill*         0x0000000008008fa1        0x3 
 .rodata.XbeeTask_attributes
                0x0000000008008fa4       0x24 Core/Src/main.o
                0x0000000008008fa4                XbeeTask_attributes
 .rodata.UserTask_attributes
                0x0000000008008fc8       0x24 Core/Src/main.o
                0x0000000008008fc8                UserTask_attributes
 .rodata.SolenoidTask_attributes
                0x0000000008008fec       0x24 Core/Src/main.o
                0x0000000008008fec                SolenoidTask_attributes
 .rodata.WeatherTask_attributes
                0x0000000008009010       0x24 Core/Src/main.o
                0x0000000008009010                WeatherTask_attributes
 .rodata.FlowTask_attributes
                0x0000000008009034       0x24 Core/Src/main.o
                0x0000000008009034                FlowTask_attributes
 .rodata.ProcessingTask_attributes
                0x0000000008009058       0x24 Core/Src/main.o
                0x0000000008009058                ProcessingTask_attributes
 .rodata.WebsiteTask_attributes
                0x000000000800907c       0x24 Core/Src/main.o
                0x000000000800907c                WebsiteTask_attributes
 .rodata.FlowQueue_attributes
                0x00000000080090a0       0x18 Core/Src/main.o
                0x00000000080090a0                FlowQueue_attributes
 .rodata.WeatherQueue_attributes
                0x00000000080090b8       0x18 Core/Src/main.o
                0x00000000080090b8                WeatherQueue_attributes
 .rodata.SolenoidQueue_attributes
                0x00000000080090d0       0x18 Core/Src/main.o
                0x00000000080090d0                SolenoidQueue_attributes
 .rodata.UserQueue_attributes
                0x00000000080090e8       0x18 Core/Src/main.o
                0x00000000080090e8                UserQueue_attributes
 .rodata.WebsiteQueue_attributes
                0x0000000008009100       0x18 Core/Src/main.o
                0x0000000008009100                WebsiteQueue_attributes
 .rodata.Flow2Queue_attributes
                0x0000000008009118       0x18 Core/Src/main.o
                0x0000000008009118                Flow2Queue_attributes
 .rodata.AHBPrescTable
                0x0000000008009130       0x10 Core/Src/system_stm32f1xx.o
                0x0000000008009130                AHBPrescTable
 .rodata.APBPrescTable
                0x0000000008009140        0x8 Core/Src/system_stm32f1xx.o
                0x0000000008009140                APBPrescTable
                0x0000000008009148                . = ALIGN (0x4)

.rel.dyn        0x0000000008009148        0x0
 .rel.iplt      0x0000000008009148        0x0 c:/st/stm32cubeide_1.5.1/stm32cubeide/plugins/com.st.stm32cube.ide.mcu.externaltools.gnu-tools-for-stm32.7-2018-q2-update.win32_1.5.0.202011040924/tools/bin/../lib/gcc/arm-none-eabi/7.3.1/thumb/v7-m/crtbegin.o

.ARM.extab      0x0000000008009148        0x0
                0x0000000008009148                . = ALIGN (0x4)
 *(.ARM.extab* .gnu.linkonce.armextab.*)
                0x0000000008009148                . = ALIGN (0x4)

.ARM            0x0000000008009148        0x0
                0x0000000008009148                . = ALIGN (0x4)
                0x0000000008009148                __exidx_start = .
 *(.ARM.exidx*)
                0x0000000008009148                __exidx_end = .
                0x0000000008009148                . = ALIGN (0x4)

.preinit_array  0x0000000008009148        0x0
                0x0000000008009148                . = ALIGN (0x4)
                0x0000000008009148                PROVIDE (__preinit_array_start = .)
 *(.preinit_array*)
                0x0000000008009148                PROVIDE (__preinit_array_end = .)
                0x0000000008009148                . = ALIGN (0x4)

.init_array     0x0000000008009148        0x4
                0x0000000008009148                . = ALIGN (0x4)
                0x0000000008009148                PROVIDE (__init_array_start = .)
 *(SORT_BY_NAME(.init_array.*))
 *(.init_array*)
 .init_array    0x0000000008009148        0x4 c:/st/stm32cubeide_1.5.1/stm32cubeide/plugins/com.st.stm32cube.ide.mcu.externaltools.gnu-tools-for-stm32.7-2018-q2-update.win32_1.5.0.202011040924/tools/bin/../lib/gcc/arm-none-eabi/7.3.1/thumb/v7-m/crtbegin.o
                0x000000000800914c                PROVIDE (__init_array_end = .)
                0x000000000800914c                . = ALIGN (0x4)

.fini_array     0x000000000800914c        0x4
                0x000000000800914c                . = ALIGN (0x4)
                [!provide]                        PROVIDE (__fini_array_start = .)
 *(SORT_BY_NAME(.fini_array.*))
 *(.fini_array*)
 .fini_array    0x000000000800914c        0x4 c:/st/stm32cubeide_1.5.1/stm32cubeide/plugins/com.st.stm32cube.ide.mcu.externaltools.gnu-tools-for-stm32.7-2018-q2-update.win32_1.5.0.202011040924/tools/bin/../lib/gcc/arm-none-eabi/7.3.1/thumb/v7-m/crtbegin.o
                [!provide]                        PROVIDE (__fini_array_end = .)
                0x0000000008009150                . = ALIGN (0x4)
                0x0000000008009150                _sidata = LOADADDR (.data)

.data           0x0000000020000000       0x10 load address 0x0000000008009150
                0x0000000020000000                . = ALIGN (0x4)
                0x0000000020000000                _sdata = .
 *(.data)
 *(.data*)
 .data.SystemCoreClock
                0x0000000020000000        0x4 Core/Src/system_stm32f1xx.o
                0x0000000020000000                SystemCoreClock
 .data.uwTickPrio
                0x0000000020000004        0x4 Drivers/STM32F1xx_HAL_Driver/Src/stm32f1xx_hal.o
                0x0000000020000004                uwTickPrio
 .data.uwTickFreq
                0x0000000020000008        0x1 Drivers/STM32F1xx_HAL_Driver/Src/stm32f1xx_hal.o
                0x0000000020000008                uwTickFreq
 *fill*         0x0000000020000009        0x3 
 .data.uxCriticalNesting
                0x000000002000000c        0x4 Middlewares/Third_Party/FreeRTOS/Source/portable/GCC/ARM_CM3/port.o
 *(.RamFunc)
 *(.RamFunc*)
                0x0000000020000010                . = ALIGN (0x4)
                0x0000000020000010                _edata = .

.igot.plt       0x0000000020000010        0x0 load address 0x0000000008009160
 .igot.plt      0x0000000020000010        0x0 c:/st/stm32cubeide_1.5.1/stm32cubeide/plugins/com.st.stm32cube.ide.mcu.externaltools.gnu-tools-for-stm32.7-2018-q2-update.win32_1.5.0.202011040924/tools/bin/../lib/gcc/arm-none-eabi/7.3.1/thumb/v7-m/crtbegin.o
                0x0000000020000010                . = ALIGN (0x4)

.bss            0x0000000020000010     0x293c load address 0x0000000008009160
                0x0000000020000010                _sbss = .
                0x0000000020000010                __bss_start__ = _sbss
 *(.bss)
 .bss           0x0000000020000010       0x1c c:/st/stm32cubeide_1.5.1/stm32cubeide/plugins/com.st.stm32cube.ide.mcu.externaltools.gnu-tools-for-stm32.7-2018-q2-update.win32_1.5.0.202011040924/tools/bin/../lib/gcc/arm-none-eabi/7.3.1/thumb/v7-m/crtbegin.o
 *(.bss*)
 .bss.KernelState
                0x000000002000002c        0x4 Middlewares/Third_Party/FreeRTOS/Source/CMSIS_RTOS_V2/cmsis_os2.o
 .bss.Idle_TCB  0x0000000020000030       0x5c Middlewares/Third_Party/FreeRTOS/Source/CMSIS_RTOS_V2/cmsis_os2.o
 .bss.Idle_Stack
                0x000000002000008c      0x200 Middlewares/Third_Party/FreeRTOS/Source/CMSIS_RTOS_V2/cmsis_os2.o
 .bss.Timer_TCB
                0x000000002000028c       0x5c Middlewares/Third_Party/FreeRTOS/Source/CMSIS_RTOS_V2/cmsis_os2.o
 .bss.Timer_Stack
                0x00000000200002e8      0x400 Middlewares/Third_Party/FreeRTOS/Source/CMSIS_RTOS_V2/cmsis_os2.o
 .bss.pxCurrentTCB
                0x00000000200006e8        0x4 Middlewares/Third_Party/FreeRTOS/Source/tasks.o
                0x00000000200006e8                pxCurrentTCB
 .bss.pxReadyTasksLists
                0x00000000200006ec      0x460 Middlewares/Third_Party/FreeRTOS/Source/tasks.o
 .bss.xDelayedTaskList1
                0x0000000020000b4c       0x14 Middlewares/Third_Party/FreeRTOS/Source/tasks.o
 .bss.xDelayedTaskList2
                0x0000000020000b60       0x14 Middlewares/Third_Party/FreeRTOS/Source/tasks.o
 .bss.pxDelayedTaskList
                0x0000000020000b74        0x4 Middlewares/Third_Party/FreeRTOS/Source/tasks.o
 .bss.pxOverflowDelayedTaskList
                0x0000000020000b78        0x4 Middlewares/Third_Party/FreeRTOS/Source/tasks.o
 .bss.xPendingReadyList
                0x0000000020000b7c       0x14 Middlewares/Third_Party/FreeRTOS/Source/tasks.o
 .bss.xTasksWaitingTermination
                0x0000000020000b90       0x14 Middlewares/Third_Party/FreeRTOS/Source/tasks.o
 .bss.uxDeletedTasksWaitingCleanUp
                0x0000000020000ba4        0x4 Middlewares/Third_Party/FreeRTOS/Source/tasks.o
 .bss.xSuspendedTaskList
                0x0000000020000ba8       0x14 Middlewares/Third_Party/FreeRTOS/Source/tasks.o
 .bss.uxCurrentNumberOfTasks
                0x0000000020000bbc        0x4 Middlewares/Third_Party/FreeRTOS/Source/tasks.o
 .bss.xTickCount
                0x0000000020000bc0        0x4 Middlewares/Third_Party/FreeRTOS/Source/tasks.o
 .bss.uxTopReadyPriority
                0x0000000020000bc4        0x4 Middlewares/Third_Party/FreeRTOS/Source/tasks.o
 .bss.xSchedulerRunning
                0x0000000020000bc8        0x4 Middlewares/Third_Party/FreeRTOS/Source/tasks.o
 .bss.uxPendedTicks
                0x0000000020000bcc        0x4 Middlewares/Third_Party/FreeRTOS/Source/tasks.o
 .bss.xYieldPending
                0x0000000020000bd0        0x4 Middlewares/Third_Party/FreeRTOS/Source/tasks.o
 .bss.xNumOfOverflows
                0x0000000020000bd4        0x4 Middlewares/Third_Party/FreeRTOS/Source/tasks.o
 .bss.uxTaskNumber
                0x0000000020000bd8        0x4 Middlewares/Third_Party/FreeRTOS/Source/tasks.o
 .bss.xNextTaskUnblockTime
                0x0000000020000bdc        0x4 Middlewares/Third_Party/FreeRTOS/Source/tasks.o
 .bss.xIdleTaskHandle
                0x0000000020000be0        0x4 Middlewares/Third_Party/FreeRTOS/Source/tasks.o
 .bss.uxSchedulerSuspended
                0x0000000020000be4        0x4 Middlewares/Third_Party/FreeRTOS/Source/tasks.o
 .bss.xActiveTimerList1
                0x0000000020000be8       0x14 Middlewares/Third_Party/FreeRTOS/Source/timers.o
 .bss.xActiveTimerList2
                0x0000000020000bfc       0x14 Middlewares/Third_Party/FreeRTOS/Source/timers.o
 .bss.pxCurrentTimerList
                0x0000000020000c10        0x4 Middlewares/Third_Party/FreeRTOS/Source/timers.o
 .bss.pxOverflowTimerList
                0x0000000020000c14        0x4 Middlewares/Third_Party/FreeRTOS/Source/timers.o
 .bss.xTimerQueue
                0x0000000020000c18        0x4 Middlewares/Third_Party/FreeRTOS/Source/timers.o
 .bss.xTimerTaskHandle
                0x0000000020000c1c        0x4 Middlewares/Third_Party/FreeRTOS/Source/timers.o
 .bss.xLastTime.5452
                0x0000000020000c20        0x4 Middlewares/Third_Party/FreeRTOS/Source/timers.o
 .bss.ucStaticTimerQueueStorage.5503
                0x0000000020000c24       0xa0 Middlewares/Third_Party/FreeRTOS/Source/timers.o
 .bss.xStaticTimerQueue.5502
                0x0000000020000cc4       0x50 Middlewares/Third_Party/FreeRTOS/Source/timers.o
 .bss.ucMaxSysCallPriority
                0x0000000020000d14        0x1 Middlewares/Third_Party/FreeRTOS/Source/portable/GCC/ARM_CM3/port.o
 *fill*         0x0000000020000d15        0x3 
 .bss.ulMaxPRIGROUPValue
                0x0000000020000d18        0x4 Middlewares/Third_Party/FreeRTOS/Source/portable/GCC/ARM_CM3/port.o
 .bss.ucHeap    0x0000000020000d1c     0x1770 Middlewares/Third_Party/FreeRTOS/Source/portable/MemMang/heap_4.o
 .bss.xStart    0x000000002000248c        0x8 Middlewares/Third_Party/FreeRTOS/Source/portable/MemMang/heap_4.o
 .bss.pxEnd     0x0000000020002494        0x4 Middlewares/Third_Party/FreeRTOS/Source/portable/MemMang/heap_4.o
 .bss.xFreeBytesRemaining
                0x0000000020002498        0x4 Middlewares/Third_Party/FreeRTOS/Source/portable/MemMang/heap_4.o
 .bss.xMinimumEverFreeBytesRemaining
                0x000000002000249c        0x4 Middlewares/Third_Party/FreeRTOS/Source/portable/MemMang/heap_4.o
 .bss.xBlockAllocatedBit
                0x00000000200024a0        0x4 Middlewares/Third_Party/FreeRTOS/Source/portable/MemMang/heap_4.o
 *(COMMON)
 COMMON         0x00000000200024a4       0x80 Core/Src/Letters.o
                0x00000000200024a4                huart3
                0x00000000200024e4                huart1
 COMMON         0x0000000020002524      0x39a Core/Src/main.o
                0x0000000020002524                uartBufferRX
                0x0000000020002558                SolenoidQueueHandle
                0x000000002000255c                FlowQueueHandle
                0x0000000020002560                XbeeTaskHandle
                0x0000000020002564                UserQueueHandle
                0x0000000020002568                fairways
                0x00000000200027a8                WebsiteTaskHandle
                0x00000000200027ac                Flow2QueueHandle
                0x00000000200027b0                hadc1
                0x00000000200027e0                WeatherTaskHandle
                0x00000000200027e4                WebsiteQueueHandle
                0x00000000200027e8                UserTaskHandle
                0x00000000200027ec                htim1
                0x0000000020002834                FlowTaskHandle
                0x0000000020002838                WeatherQueueHandle
                0x000000002000283c                htim2
                0x0000000020002884                ProcessingTaskHandle
                0x0000000020002888                SolenoidTaskHandle
                0x000000002000288c                uartBufferTX
 *fill*         0x00000000200028be        0x2 
 COMMON         0x00000000200028c0       0x48 Core/Src/stm32f1xx_hal_timebase_tim.o
                0x00000000200028c0                htim4
 COMMON         0x0000000020002908        0x4 Drivers/STM32F1xx_HAL_Driver/Src/stm32f1xx_hal.o
                0x0000000020002908                uwTick
 COMMON         0x000000002000290c       0x40 Middlewares/Third_Party/FreeRTOS/Source/queue.o
                0x000000002000290c                xQueueRegistry
                0x000000002000294c                . = ALIGN (0x4)
                0x000000002000294c                _ebss = .
                0x000000002000294c                __bss_end__ = _ebss

._user_heap_stack
                0x000000002000294c      0x604 load address 0x0000000008009160
                0x0000000020002950                . = ALIGN (0x8)
 *fill*         0x000000002000294c        0x4 
                [!provide]                        PROVIDE (end = .)
                0x0000000020002950                PROVIDE (_end = .)
                0x0000000020002b50                . = (. + _Min_Heap_Size)
 *fill*         0x0000000020002950      0x200 
                0x0000000020002f50                . = (. + _Min_Stack_Size)
 *fill*         0x0000000020002b50      0x400 
                0x0000000020002f50                . = ALIGN (0x8)

/DISCARD/
 libc.a(*)
 libm.a(*)
 libgcc.a(*)

.ARM.attributes
                0x0000000000000000       0x29
 *(.ARM.attributes)
 .ARM.attributes
                0x0000000000000000       0x1d c:/st/stm32cubeide_1.5.1/stm32cubeide/plugins/com.st.stm32cube.ide.mcu.externaltools.gnu-tools-for-stm32.7-2018-q2-update.win32_1.5.0.202011040924/tools/bin/../lib/gcc/arm-none-eabi/7.3.1/thumb/v7-m/crti.o
 .ARM.attributes
                0x000000000000001d       0x2d c:/st/stm32cubeide_1.5.1/stm32cubeide/plugins/com.st.stm32cube.ide.mcu.externaltools.gnu-tools-for-stm32.7-2018-q2-update.win32_1.5.0.202011040924/tools/bin/../lib/gcc/arm-none-eabi/7.3.1/thumb/v7-m/crtbegin.o
 .ARM.attributes
                0x000000000000004a       0x33 Core/Src/Letters.o
 .ARM.attributes
                0x000000000000007d       0x33 Core/Src/main.o
 .ARM.attributes
                0x00000000000000b0       0x33 Core/Src/sensorObjects.o
 .ARM.attributes
                0x00000000000000e3       0x33 Core/Src/stm32f1xx_hal_msp.o
 .ARM.attributes
                0x0000000000000116       0x33 Core/Src/stm32f1xx_hal_timebase_tim.o
 .ARM.attributes
                0x0000000000000149       0x33 Core/Src/stm32f1xx_it.o
 .ARM.attributes
                0x000000000000017c       0x33 Core/Src/system_stm32f1xx.o
 .ARM.attributes
                0x00000000000001af       0x21 Core/Startup/startup_stm32f103rbtx.o
 .ARM.attributes
                0x00000000000001d0       0x33 Drivers/STM32F1xx_HAL_Driver/Src/stm32f1xx_hal.o
 .ARM.attributes
                0x0000000000000203       0x33 Drivers/STM32F1xx_HAL_Driver/Src/stm32f1xx_hal_adc.o
 .ARM.attributes
                0x0000000000000236       0x33 Drivers/STM32F1xx_HAL_Driver/Src/stm32f1xx_hal_cortex.o
 .ARM.attributes
                0x0000000000000269       0x33 Drivers/STM32F1xx_HAL_Driver/Src/stm32f1xx_hal_gpio.o
 .ARM.attributes
                0x000000000000029c       0x33 Drivers/STM32F1xx_HAL_Driver/Src/stm32f1xx_hal_rcc.o
 .ARM.attributes
                0x00000000000002cf       0x33 Drivers/STM32F1xx_HAL_Driver/Src/stm32f1xx_hal_rcc_ex.o
 .ARM.attributes
                0x0000000000000302       0x33 Drivers/STM32F1xx_HAL_Driver/Src/stm32f1xx_hal_tim.o
 .ARM.attributes
                0x0000000000000335       0x33 Drivers/STM32F1xx_HAL_Driver/Src/stm32f1xx_hal_tim_ex.o
 .ARM.attributes
                0x0000000000000368       0x33 Drivers/STM32F1xx_HAL_Driver/Src/stm32f1xx_hal_uart.o
 .ARM.attributes
                0x000000000000039b       0x33 Middlewares/Third_Party/FreeRTOS/Source/CMSIS_RTOS_V2/cmsis_os2.o
 .ARM.attributes
                0x00000000000003ce       0x33 Middlewares/Third_Party/FreeRTOS/Source/list.o
 .ARM.attributes
                0x0000000000000401       0x33 Middlewares/Third_Party/FreeRTOS/Source/queue.o
 .ARM.attributes
                0x0000000000000434       0x33 Middlewares/Third_Party/FreeRTOS/Source/tasks.o
 .ARM.attributes
                0x0000000000000467       0x33 Middlewares/Third_Party/FreeRTOS/Source/timers.o
 .ARM.attributes
                0x000000000000049a       0x33 Middlewares/Third_Party/FreeRTOS/Source/portable/GCC/ARM_CM3/port.o
 .ARM.attributes
                0x00000000000004cd       0x33 Middlewares/Third_Party/FreeRTOS/Source/portable/MemMang/heap_4.o
 .ARM.attributes
                0x0000000000000500       0x2d c:/st/stm32cubeide_1.5.1/stm32cubeide/plugins/com.st.stm32cube.ide.mcu.externaltools.gnu-tools-for-stm32.7-2018-q2-update.win32_1.5.0.202011040924/tools/bin/../lib/gcc/arm-none-eabi/7.3.1/../../../../arm-none-eabi/lib/thumb/v7-m\libc_nano.a(lib_a-init.o)
 .ARM.attributes
                0x000000000000052d       0x2d c:/st/stm32cubeide_1.5.1/stm32cubeide/plugins/com.st.stm32cube.ide.mcu.externaltools.gnu-tools-for-stm32.7-2018-q2-update.win32_1.5.0.202011040924/tools/bin/../lib/gcc/arm-none-eabi/7.3.1/../../../../arm-none-eabi/lib/thumb/v7-m\libc_nano.a(lib_a-memcpy-stub.o)
 .ARM.attributes
                0x000000000000055a       0x2d c:/st/stm32cubeide_1.5.1/stm32cubeide/plugins/com.st.stm32cube.ide.mcu.externaltools.gnu-tools-for-stm32.7-2018-q2-update.win32_1.5.0.202011040924/tools/bin/../lib/gcc/arm-none-eabi/7.3.1/../../../../arm-none-eabi/lib/thumb/v7-m\libc_nano.a(lib_a-memset.o)
 .ARM.attributes
                0x0000000000000587       0x1d c:/st/stm32cubeide_1.5.1/stm32cubeide/plugins/com.st.stm32cube.ide.mcu.externaltools.gnu-tools-for-stm32.7-2018-q2-update.win32_1.5.0.202011040924/tools/bin/../lib/gcc/arm-none-eabi/7.3.1/thumb/v7-m/crtn.o
OUTPUT(User Interface.elf elf32-littlearm)

.debug_info     0x0000000000000000    0x19346
 .debug_info    0x0000000000000000      0x644 Core/Src/Letters.o
 .debug_info    0x0000000000000644     0x1bd5 Core/Src/main.o
 .debug_info    0x0000000000002219      0xa56 Core/Src/sensorObjects.o
 .debug_info    0x0000000000002c6f      0xfee Core/Src/stm32f1xx_hal_msp.o
 .debug_info    0x0000000000003c5d      0x993 Core/Src/stm32f1xx_hal_timebase_tim.o
 .debug_info    0x00000000000045f0      0x94f Core/Src/stm32f1xx_it.o
 .debug_info    0x0000000000004f3f      0x29a Core/Src/system_stm32f1xx.o
 .debug_info    0x00000000000051d9       0x22 Core/Startup/startup_stm32f103rbtx.o
 .debug_info    0x00000000000051fb      0x714 Drivers/STM32F1xx_HAL_Driver/Src/stm32f1xx_hal.o
 .debug_info    0x000000000000590f      0xc6c Drivers/STM32F1xx_HAL_Driver/Src/stm32f1xx_hal_adc.o
 .debug_info    0x000000000000657b      0xb51 Drivers/STM32F1xx_HAL_Driver/Src/stm32f1xx_hal_cortex.o
 .debug_info    0x00000000000070cc      0x69b Drivers/STM32F1xx_HAL_Driver/Src/stm32f1xx_hal_gpio.o
 .debug_info    0x0000000000007767      0x80f Drivers/STM32F1xx_HAL_Driver/Src/stm32f1xx_hal_rcc.o
 .debug_info    0x0000000000007f76      0x444 Drivers/STM32F1xx_HAL_Driver/Src/stm32f1xx_hal_rcc_ex.o
 .debug_info    0x00000000000083ba     0x27ef Drivers/STM32F1xx_HAL_Driver/Src/stm32f1xx_hal_tim.o
 .debug_info    0x000000000000aba9     0x136f Drivers/STM32F1xx_HAL_Driver/Src/stm32f1xx_hal_tim_ex.o
 .debug_info    0x000000000000bf18     0x121b Drivers/STM32F1xx_HAL_Driver/Src/stm32f1xx_hal_uart.o
 .debug_info    0x000000000000d133     0x403a Middlewares/Third_Party/FreeRTOS/Source/CMSIS_RTOS_V2/cmsis_os2.o
 .debug_info    0x000000000001116d      0xac5 Middlewares/Third_Party/FreeRTOS/Source/list.o
 .debug_info    0x0000000000011c32     0x22e8 Middlewares/Third_Party/FreeRTOS/Source/queue.o
 .debug_info    0x0000000000013f1a     0x294f Middlewares/Third_Party/FreeRTOS/Source/tasks.o
 .debug_info    0x0000000000016869     0x1a21 Middlewares/Third_Party/FreeRTOS/Source/timers.o
 .debug_info    0x000000000001828a      0x4d2 Middlewares/Third_Party/FreeRTOS/Source/portable/GCC/ARM_CM3/port.o
 .debug_info    0x000000000001875c      0xbea Middlewares/Third_Party/FreeRTOS/Source/portable/MemMang/heap_4.o

.debug_abbrev   0x0000000000000000     0x327a
 .debug_abbrev  0x0000000000000000      0x153 Core/Src/Letters.o
 .debug_abbrev  0x0000000000000153      0x26b Core/Src/main.o
 .debug_abbrev  0x00000000000003be      0x247 Core/Src/sensorObjects.o
 .debug_abbrev  0x0000000000000605      0x209 Core/Src/stm32f1xx_hal_msp.o
 .debug_abbrev  0x000000000000080e      0x19d Core/Src/stm32f1xx_hal_timebase_tim.o
 .debug_abbrev  0x00000000000009ab      0x16b Core/Src/stm32f1xx_it.o
 .debug_abbrev  0x0000000000000b16      0x134 Core/Src/system_stm32f1xx.o
 .debug_abbrev  0x0000000000000c4a       0x12 Core/Startup/startup_stm32f103rbtx.o
 .debug_abbrev  0x0000000000000c5c      0x1c7 Drivers/STM32F1xx_HAL_Driver/Src/stm32f1xx_hal.o
 .debug_abbrev  0x0000000000000e23      0x1d5 Drivers/STM32F1xx_HAL_Driver/Src/stm32f1xx_hal_adc.o
 .debug_abbrev  0x0000000000000ff8      0x2d5 Drivers/STM32F1xx_HAL_Driver/Src/stm32f1xx_hal_cortex.o
 .debug_abbrev  0x00000000000012cd      0x1c0 Drivers/STM32F1xx_HAL_Driver/Src/stm32f1xx_hal_gpio.o
 .debug_abbrev  0x000000000000148d      0x243 Drivers/STM32F1xx_HAL_Driver/Src/stm32f1xx_hal_rcc.o
 .debug_abbrev  0x00000000000016d0      0x175 Drivers/STM32F1xx_HAL_Driver/Src/stm32f1xx_hal_rcc_ex.o
 .debug_abbrev  0x0000000000001845      0x230 Drivers/STM32F1xx_HAL_Driver/Src/stm32f1xx_hal_tim.o
 .debug_abbrev  0x0000000000001a75      0x236 Drivers/STM32F1xx_HAL_Driver/Src/stm32f1xx_hal_tim_ex.o
 .debug_abbrev  0x0000000000001cab      0x242 Drivers/STM32F1xx_HAL_Driver/Src/stm32f1xx_hal_uart.o
 .debug_abbrev  0x0000000000001eed      0x3a0 Middlewares/Third_Party/FreeRTOS/Source/CMSIS_RTOS_V2/cmsis_os2.o
 .debug_abbrev  0x000000000000228d      0x1cf Middlewares/Third_Party/FreeRTOS/Source/list.o
 .debug_abbrev  0x000000000000245c      0x354 Middlewares/Third_Party/FreeRTOS/Source/queue.o
 .debug_abbrev  0x00000000000027b0      0x350 Middlewares/Third_Party/FreeRTOS/Source/tasks.o
 .debug_abbrev  0x0000000000002b00      0x2d7 Middlewares/Third_Party/FreeRTOS/Source/timers.o
 .debug_abbrev  0x0000000000002dd7      0x205 Middlewares/Third_Party/FreeRTOS/Source/portable/GCC/ARM_CM3/port.o
 .debug_abbrev  0x0000000000002fdc      0x29e Middlewares/Third_Party/FreeRTOS/Source/portable/MemMang/heap_4.o

.debug_aranges  0x0000000000000000     0x1510
 .debug_aranges
                0x0000000000000000       0x20 Core/Src/Letters.o
 .debug_aranges
                0x0000000000000020      0x110 Core/Src/main.o
 .debug_aranges
                0x0000000000000130       0x68 Core/Src/sensorObjects.o
 .debug_aranges
                0x0000000000000198       0x50 Core/Src/stm32f1xx_hal_msp.o
 .debug_aranges
                0x00000000000001e8       0x30 Core/Src/stm32f1xx_hal_timebase_tim.o
 .debug_aranges
                0x0000000000000218       0x58 Core/Src/stm32f1xx_it.o
 .debug_aranges
                0x0000000000000270       0x28 Core/Src/system_stm32f1xx.o
 .debug_aranges
                0x0000000000000298       0x28 Core/Startup/startup_stm32f103rbtx.o
 .debug_aranges
                0x00000000000002c0       0xe0 Drivers/STM32F1xx_HAL_Driver/Src/stm32f1xx_hal.o
 .debug_aranges
                0x00000000000003a0       0xf0 Drivers/STM32F1xx_HAL_Driver/Src/stm32f1xx_hal_adc.o
 .debug_aranges
                0x0000000000000490      0x100 Drivers/STM32F1xx_HAL_Driver/Src/stm32f1xx_hal_cortex.o
 .debug_aranges
                0x0000000000000590       0x58 Drivers/STM32F1xx_HAL_Driver/Src/stm32f1xx_hal_gpio.o
 .debug_aranges
                0x00000000000005e8       0x90 Drivers/STM32F1xx_HAL_Driver/Src/stm32f1xx_hal_rcc.o
 .debug_aranges
                0x0000000000000678       0x30 Drivers/STM32F1xx_HAL_Driver/Src/stm32f1xx_hal_rcc_ex.o
 .debug_aranges
                0x00000000000006a8      0x3d0 Drivers/STM32F1xx_HAL_Driver/Src/stm32f1xx_hal_tim.o
 .debug_aranges
                0x0000000000000a78      0x168 Drivers/STM32F1xx_HAL_Driver/Src/stm32f1xx_hal_tim_ex.o
 .debug_aranges
                0x0000000000000be0      0x1d0 Drivers/STM32F1xx_HAL_Driver/Src/stm32f1xx_hal_uart.o
 .debug_aranges
                0x0000000000000db0      0x228 Middlewares/Third_Party/FreeRTOS/Source/CMSIS_RTOS_V2/cmsis_os2.o
 .debug_aranges
                0x0000000000000fd8       0x40 Middlewares/Third_Party/FreeRTOS/Source/list.o
 .debug_aranges
                0x0000000000001018      0x158 Middlewares/Third_Party/FreeRTOS/Source/queue.o
 .debug_aranges
                0x0000000000001170      0x1f8 Middlewares/Third_Party/FreeRTOS/Source/tasks.o
 .debug_aranges
                0x0000000000001368       0xe0 Middlewares/Third_Party/FreeRTOS/Source/timers.o
 .debug_aranges
                0x0000000000001448       0x78 Middlewares/Third_Party/FreeRTOS/Source/portable/GCC/ARM_CM3/port.o
 .debug_aranges
                0x00000000000014c0       0x50 Middlewares/Third_Party/FreeRTOS/Source/portable/MemMang/heap_4.o

.debug_ranges   0x0000000000000000     0x1398
 .debug_ranges  0x0000000000000000       0x10 Core/Src/Letters.o
 .debug_ranges  0x0000000000000010      0x100 Core/Src/main.o
 .debug_ranges  0x0000000000000110       0x58 Core/Src/sensorObjects.o
 .debug_ranges  0x0000000000000168       0x40 Core/Src/stm32f1xx_hal_msp.o
 .debug_ranges  0x00000000000001a8       0x20 Core/Src/stm32f1xx_hal_timebase_tim.o
 .debug_ranges  0x00000000000001c8       0x48 Core/Src/stm32f1xx_it.o
 .debug_ranges  0x0000000000000210       0x18 Core/Src/system_stm32f1xx.o
 .debug_ranges  0x0000000000000228       0x20 Core/Startup/startup_stm32f103rbtx.o
 .debug_ranges  0x0000000000000248       0xd0 Drivers/STM32F1xx_HAL_Driver/Src/stm32f1xx_hal.o
 .debug_ranges  0x0000000000000318       0xe0 Drivers/STM32F1xx_HAL_Driver/Src/stm32f1xx_hal_adc.o
 .debug_ranges  0x00000000000003f8       0xf0 Drivers/STM32F1xx_HAL_Driver/Src/stm32f1xx_hal_cortex.o
 .debug_ranges  0x00000000000004e8       0x48 Drivers/STM32F1xx_HAL_Driver/Src/stm32f1xx_hal_gpio.o
 .debug_ranges  0x0000000000000530       0x80 Drivers/STM32F1xx_HAL_Driver/Src/stm32f1xx_hal_rcc.o
 .debug_ranges  0x00000000000005b0       0x20 Drivers/STM32F1xx_HAL_Driver/Src/stm32f1xx_hal_rcc_ex.o
 .debug_ranges  0x00000000000005d0      0x3c0 Drivers/STM32F1xx_HAL_Driver/Src/stm32f1xx_hal_tim.o
 .debug_ranges  0x0000000000000990      0x158 Drivers/STM32F1xx_HAL_Driver/Src/stm32f1xx_hal_tim_ex.o
 .debug_ranges  0x0000000000000ae8      0x1c0 Drivers/STM32F1xx_HAL_Driver/Src/stm32f1xx_hal_uart.o
 .debug_ranges  0x0000000000000ca8      0x218 Middlewares/Third_Party/FreeRTOS/Source/CMSIS_RTOS_V2/cmsis_os2.o
 .debug_ranges  0x0000000000000ec0       0x30 Middlewares/Third_Party/FreeRTOS/Source/list.o
 .debug_ranges  0x0000000000000ef0      0x148 Middlewares/Third_Party/FreeRTOS/Source/queue.o
 .debug_ranges  0x0000000000001038      0x1e8 Middlewares/Third_Party/FreeRTOS/Source/tasks.o
 .debug_ranges  0x0000000000001220       0xd0 Middlewares/Third_Party/FreeRTOS/Source/timers.o
 .debug_ranges  0x00000000000012f0       0x68 Middlewares/Third_Party/FreeRTOS/Source/portable/GCC/ARM_CM3/port.o
 .debug_ranges  0x0000000000001358       0x40 Middlewares/Third_Party/FreeRTOS/Source/portable/MemMang/heap_4.o

.debug_macro    0x0000000000000000    0x18d0e
 .debug_macro   0x0000000000000000      0x1d0 Core/Src/Letters.o
 .debug_macro   0x00000000000001d0      0xa5a Core/Src/Letters.o
 .debug_macro   0x0000000000000c2a      0x221 Core/Src/Letters.o
 .debug_macro   0x0000000000000e4b       0x2e Core/Src/Letters.o
 .debug_macro   0x0000000000000e79       0x22 Core/Src/Letters.o
 .debug_macro   0x0000000000000e9b       0x22 Core/Src/Letters.o
 .debug_macro   0x0000000000000ebd       0x8e Core/Src/Letters.o
 .debug_macro   0x0000000000000f4b       0x51 Core/Src/Letters.o
 .debug_macro   0x0000000000000f9c       0xef Core/Src/Letters.o
 .debug_macro   0x000000000000108b       0x6a Core/Src/Letters.o
 .debug_macro   0x00000000000010f5      0x1df Core/Src/Letters.o
 .debug_macro   0x00000000000012d4       0x1c Core/Src/Letters.o
 .debug_macro   0x00000000000012f0       0x22 Core/Src/Letters.o
 .debug_macro   0x0000000000001312       0xc3 Core/Src/Letters.o
 .debug_macro   0x00000000000013d5      0xd23 Core/Src/Letters.o
 .debug_macro   0x00000000000020f8     0xe097 Core/Src/Letters.o
 .debug_macro   0x000000000001018f       0x43 Core/Src/Letters.o
 .debug_macro   0x00000000000101d2     0x3468 Core/Src/Letters.o
 .debug_macro   0x000000000001363a      0x174 Core/Src/Letters.o
 .debug_macro   0x00000000000137ae       0x5c Core/Src/Letters.o
 .debug_macro   0x000000000001380a      0x5be Core/Src/Letters.o
 .debug_macro   0x0000000000013dc8      0x289 Core/Src/Letters.o
 .debug_macro   0x0000000000014051      0x1cb Core/Src/Letters.o
 .debug_macro   0x000000000001421c      0x114 Core/Src/Letters.o
 .debug_macro   0x0000000000014330      0x1b2 Core/Src/Letters.o
 .debug_macro   0x00000000000144e2       0x27 Core/Src/Letters.o
 .debug_macro   0x0000000000014509      0x136 Core/Src/Letters.o
 .debug_macro   0x000000000001463f      0x1bc Core/Src/Letters.o
 .debug_macro   0x00000000000147fb       0x34 Core/Src/Letters.o
 .debug_macro   0x000000000001482f       0x3c Core/Src/Letters.o
 .debug_macro   0x000000000001486b       0x57 Core/Src/Letters.o
 .debug_macro   0x00000000000148c2      0x46a Core/Src/Letters.o
 .debug_macro   0x0000000000014d2c      0x1b5 Core/Src/Letters.o
 .debug_macro   0x0000000000014ee1       0x88 Core/Src/Letters.o
 .debug_macro   0x0000000000014f69      0x241 Core/Src/Letters.o
 .debug_macro   0x00000000000151aa      0x141 Core/Src/Letters.o
 .debug_macro   0x00000000000152eb      0x8d1 Core/Src/Letters.o
 .debug_macro   0x0000000000015bbc      0x26b Core/Src/Letters.o
 .debug_macro   0x0000000000015e27       0x83 Core/Src/Letters.o
 .debug_macro   0x0000000000015eaa       0x5e Core/Src/Letters.o
 .debug_macro   0x0000000000015f08      0x257 Core/Src/main.o
 .debug_macro   0x000000000001615f       0x5b Core/Src/main.o
 .debug_macro   0x00000000000161ba       0x74 Core/Src/main.o
 .debug_macro   0x000000000001622e      0x122 Core/Src/main.o
 .debug_macro   0x0000000000016350       0xdd Core/Src/main.o
 .debug_macro   0x000000000001642d      0x1d6 Core/Src/sensorObjects.o
 .debug_macro   0x0000000000016603      0x1c6 Core/Src/stm32f1xx_hal_msp.o
 .debug_macro   0x00000000000167c9      0x1b7 Core/Src/stm32f1xx_hal_timebase_tim.o
 .debug_macro   0x0000000000016980      0x1d0 Core/Src/stm32f1xx_it.o
 .debug_macro   0x0000000000016b50      0x1b7 Core/Src/system_stm32f1xx.o
 .debug_macro   0x0000000000016d07      0x1db Drivers/STM32F1xx_HAL_Driver/Src/stm32f1xx_hal.o
 .debug_macro   0x0000000000016ee2      0x1d4 Drivers/STM32F1xx_HAL_Driver/Src/stm32f1xx_hal_adc.o
 .debug_macro   0x00000000000170b6      0x1b7 Drivers/STM32F1xx_HAL_Driver/Src/stm32f1xx_hal_cortex.o
 .debug_macro   0x000000000001726d      0x222 Drivers/STM32F1xx_HAL_Driver/Src/stm32f1xx_hal_gpio.o
 .debug_macro   0x000000000001748f      0x1c9 Drivers/STM32F1xx_HAL_Driver/Src/stm32f1xx_hal_rcc.o
 .debug_macro   0x0000000000017658      0x1b7 Drivers/STM32F1xx_HAL_Driver/Src/stm32f1xx_hal_rcc_ex.o
 .debug_macro   0x000000000001780f      0x1b8 Drivers/STM32F1xx_HAL_Driver/Src/stm32f1xx_hal_tim.o
 .debug_macro   0x00000000000179c7      0x1b7 Drivers/STM32F1xx_HAL_Driver/Src/stm32f1xx_hal_tim_ex.o
 .debug_macro   0x0000000000017b7e      0x1b8 Drivers/STM32F1xx_HAL_Driver/Src/stm32f1xx_hal_uart.o
 .debug_macro   0x0000000000017d36      0x23a Middlewares/Third_Party/FreeRTOS/Source/CMSIS_RTOS_V2/cmsis_os2.o
 .debug_macro   0x0000000000017f70       0x10 Middlewares/Third_Party/FreeRTOS/Source/CMSIS_RTOS_V2/cmsis_os2.o
 .debug_macro   0x0000000000017f80       0x20 Middlewares/Third_Party/FreeRTOS/Source/CMSIS_RTOS_V2/cmsis_os2.o
 .debug_macro   0x0000000000017fa0       0x10 Middlewares/Third_Party/FreeRTOS/Source/CMSIS_RTOS_V2/cmsis_os2.o
 .debug_macro   0x0000000000017fb0       0xb7 Middlewares/Third_Party/FreeRTOS/Source/CMSIS_RTOS_V2/cmsis_os2.o
 .debug_macro   0x0000000000018067       0x91 Middlewares/Third_Party/FreeRTOS/Source/CMSIS_RTOS_V2/cmsis_os2.o
 .debug_macro   0x00000000000180f8       0x8d Middlewares/Third_Party/FreeRTOS/Source/CMSIS_RTOS_V2/cmsis_os2.o
 .debug_macro   0x0000000000018185       0x9a Middlewares/Third_Party/FreeRTOS/Source/CMSIS_RTOS_V2/cmsis_os2.o
 .debug_macro   0x000000000001821f      0x17a Middlewares/Third_Party/FreeRTOS/Source/list.o
 .debug_macro   0x0000000000018399      0x205 Middlewares/Third_Party/FreeRTOS/Source/queue.o
 .debug_macro   0x000000000001859e       0x16 Middlewares/Third_Party/FreeRTOS/Source/queue.o
 .debug_macro   0x00000000000185b4      0x27a Middlewares/Third_Party/FreeRTOS/Source/tasks.o
 .debug_macro   0x000000000001882e       0x10 Middlewares/Third_Party/FreeRTOS/Source/tasks.o
 .debug_macro   0x000000000001883e      0x1bd Middlewares/Third_Party/FreeRTOS/Source/timers.o
 .debug_macro   0x00000000000189fb      0x172 Middlewares/Third_Party/FreeRTOS/Source/portable/GCC/ARM_CM3/port.o
 .debug_macro   0x0000000000018b6d      0x1a1 Middlewares/Third_Party/FreeRTOS/Source/portable/MemMang/heap_4.o

.debug_line     0x0000000000000000    0x117f1
 .debug_line    0x0000000000000000      0x8da Core/Src/Letters.o
 .debug_line    0x00000000000008da      0xee1 Core/Src/main.o
 .debug_line    0x00000000000017bb      0x87f Core/Src/sensorObjects.o
 .debug_line    0x000000000000203a      0x753 Core/Src/stm32f1xx_hal_msp.o
 .debug_line    0x000000000000278d      0x6dc Core/Src/stm32f1xx_hal_timebase_tim.o
 .debug_line    0x0000000000002e69      0x740 Core/Src/stm32f1xx_it.o
 .debug_line    0x00000000000035a9      0x6d0 Core/Src/system_stm32f1xx.o
 .debug_line    0x0000000000003c79       0x84 Core/Startup/startup_stm32f103rbtx.o
 .debug_line    0x0000000000003cfd      0x883 Drivers/STM32F1xx_HAL_Driver/Src/stm32f1xx_hal.o
 .debug_line    0x0000000000004580      0xbd4 Drivers/STM32F1xx_HAL_Driver/Src/stm32f1xx_hal_adc.o
 .debug_line    0x0000000000005154      0x95a Drivers/STM32F1xx_HAL_Driver/Src/stm32f1xx_hal_cortex.o
 .debug_line    0x0000000000005aae      0x87f Drivers/STM32F1xx_HAL_Driver/Src/stm32f1xx_hal_gpio.o
 .debug_line    0x000000000000632d      0x943 Drivers/STM32F1xx_HAL_Driver/Src/stm32f1xx_hal_rcc.o
 .debug_line    0x0000000000006c70      0x761 Drivers/STM32F1xx_HAL_Driver/Src/stm32f1xx_hal_rcc_ex.o
 .debug_line    0x00000000000073d1     0x1fdc Drivers/STM32F1xx_HAL_Driver/Src/stm32f1xx_hal_tim.o
 .debug_line    0x00000000000093ad     0x12ea Drivers/STM32F1xx_HAL_Driver/Src/stm32f1xx_hal_tim_ex.o
 .debug_line    0x000000000000a697      0xfc1 Drivers/STM32F1xx_HAL_Driver/Src/stm32f1xx_hal_uart.o
 .debug_line    0x000000000000b658     0x1e26 Middlewares/Third_Party/FreeRTOS/Source/CMSIS_RTOS_V2/cmsis_os2.o
 .debug_line    0x000000000000d47e      0x66b Middlewares/Third_Party/FreeRTOS/Source/list.o
 .debug_line    0x000000000000dae9     0x10f6 Middlewares/Third_Party/FreeRTOS/Source/queue.o
 .debug_line    0x000000000000ebdf     0x1442 Middlewares/Third_Party/FreeRTOS/Source/tasks.o
 .debug_line    0x0000000000010021      0xa22 Middlewares/Third_Party/FreeRTOS/Source/timers.o
 .debug_line    0x0000000000010a43      0x65d Middlewares/Third_Party/FreeRTOS/Source/portable/GCC/ARM_CM3/port.o
 .debug_line    0x00000000000110a0      0x751 Middlewares/Third_Party/FreeRTOS/Source/portable/MemMang/heap_4.o

.debug_str      0x0000000000000000    0x97f6f
 .debug_str     0x0000000000000000    0x879e9 Core/Src/Letters.o
                                      0x87d7a (size before relaxing)
 .debug_str     0x00000000000879e9     0x490d Core/Src/main.o
                                      0x8c7f6 (size before relaxing)
 .debug_str     0x000000000008c2f6      0x1cb Core/Src/sensorObjects.o
                                      0x87f99 (size before relaxing)
 .debug_str     0x000000000008c4c1       0xe1 Core/Src/stm32f1xx_hal_msp.o
                                      0x8857f (size before relaxing)
 .debug_str     0x000000000008c5a2       0xaa Core/Src/stm32f1xx_hal_timebase_tim.o
                                      0x88136 (size before relaxing)
 .debug_str     0x000000000008c64c       0xb7 Core/Src/stm32f1xx_it.o
                                      0x880d0 (size before relaxing)
 .debug_str     0x000000000008c703       0x52 Core/Src/system_stm32f1xx.o
                                      0x878d8 (size before relaxing)
 .debug_str     0x000000000008c755       0x36 Core/Startup/startup_stm32f103rbtx.o
                                         0x8e (size before relaxing)
 .debug_str     0x000000000008c78b      0x2af Drivers/STM32F1xx_HAL_Driver/Src/stm32f1xx_hal.o
                                      0x87f69 (size before relaxing)
 .debug_str     0x000000000008ca3a      0x357 Drivers/STM32F1xx_HAL_Driver/Src/stm32f1xx_hal_adc.o
                                      0x87f68 (size before relaxing)
 .debug_str     0x000000000008cd91      0x2f7 Drivers/STM32F1xx_HAL_Driver/Src/stm32f1xx_hal_cortex.o
                                      0x87f71 (size before relaxing)
 .debug_str     0x000000000008d088      0x31f Drivers/STM32F1xx_HAL_Driver/Src/stm32f1xx_hal_gpio.o
                                      0x87c9c (size before relaxing)
 .debug_str     0x000000000008d3a7      0x245 Drivers/STM32F1xx_HAL_Driver/Src/stm32f1xx_hal_rcc.o
                                      0x87cd5 (size before relaxing)
 .debug_str     0x000000000008d5ec       0xb9 Drivers/STM32F1xx_HAL_Driver/Src/stm32f1xx_hal_rcc_ex.o
                                      0x87a62 (size before relaxing)
 .debug_str     0x000000000008d6a5      0xdc0 Drivers/STM32F1xx_HAL_Driver/Src/stm32f1xx_hal_tim.o
                                      0x88ca7 (size before relaxing)
 .debug_str     0x000000000008e465      0x517 Drivers/STM32F1xx_HAL_Driver/Src/stm32f1xx_hal_tim_ex.o
                                      0x88481 (size before relaxing)
 .debug_str     0x000000000008e97c      0x52d Drivers/STM32F1xx_HAL_Driver/Src/stm32f1xx_hal_uart.o
                                      0x881db (size before relaxing)
 .debug_str     0x000000000008eea9     0x63ec Middlewares/Third_Party/FreeRTOS/Source/CMSIS_RTOS_V2/cmsis_os2.o
                                       0xdd8d (size before relaxing)
 .debug_str     0x0000000000095295      0x225 Middlewares/Third_Party/FreeRTOS/Source/list.o
                                       0xa3ea (size before relaxing)
 .debug_str     0x00000000000954ba      0x8fd Middlewares/Third_Party/FreeRTOS/Source/queue.o
                                       0xbc10 (size before relaxing)
 .debug_str     0x0000000000095db7     0x12f3 Middlewares/Third_Party/FreeRTOS/Source/tasks.o
                                       0xc826 (size before relaxing)
 .debug_str     0x00000000000970aa      0x586 Middlewares/Third_Party/FreeRTOS/Source/timers.o
                                       0xc132 (size before relaxing)
 .debug_str     0x0000000000097630      0x6ee Middlewares/Third_Party/FreeRTOS/Source/portable/GCC/ARM_CM3/port.o
                                       0x7fce (size before relaxing)
 .debug_str     0x0000000000097d1e      0x251 Middlewares/Third_Party/FreeRTOS/Source/portable/MemMang/heap_4.o
                                       0xab0d (size before relaxing)

.comment        0x0000000000000000       0x7b
 .comment       0x0000000000000000       0x7b Core/Src/Letters.o
                                         0x7c (size before relaxing)
 .comment       0x000000000000007b       0x7c Core/Src/main.o
 .comment       0x000000000000007b       0x7c Core/Src/sensorObjects.o
 .comment       0x000000000000007b       0x7c Core/Src/stm32f1xx_hal_msp.o
 .comment       0x000000000000007b       0x7c Core/Src/stm32f1xx_hal_timebase_tim.o
 .comment       0x000000000000007b       0x7c Core/Src/stm32f1xx_it.o
 .comment       0x000000000000007b       0x7c Core/Src/system_stm32f1xx.o
 .comment       0x000000000000007b       0x7c Drivers/STM32F1xx_HAL_Driver/Src/stm32f1xx_hal.o
 .comment       0x000000000000007b       0x7c Drivers/STM32F1xx_HAL_Driver/Src/stm32f1xx_hal_adc.o
 .comment       0x000000000000007b       0x7c Drivers/STM32F1xx_HAL_Driver/Src/stm32f1xx_hal_cortex.o
 .comment       0x000000000000007b       0x7c Drivers/STM32F1xx_HAL_Driver/Src/stm32f1xx_hal_gpio.o
 .comment       0x000000000000007b       0x7c Drivers/STM32F1xx_HAL_Driver/Src/stm32f1xx_hal_rcc.o
 .comment       0x000000000000007b       0x7c Drivers/STM32F1xx_HAL_Driver/Src/stm32f1xx_hal_rcc_ex.o
 .comment       0x000000000000007b       0x7c Drivers/STM32F1xx_HAL_Driver/Src/stm32f1xx_hal_tim.o
 .comment       0x000000000000007b       0x7c Drivers/STM32F1xx_HAL_Driver/Src/stm32f1xx_hal_tim_ex.o
 .comment       0x000000000000007b       0x7c Drivers/STM32F1xx_HAL_Driver/Src/stm32f1xx_hal_uart.o
 .comment       0x000000000000007b       0x7c Middlewares/Third_Party/FreeRTOS/Source/CMSIS_RTOS_V2/cmsis_os2.o
 .comment       0x000000000000007b       0x7c Middlewares/Third_Party/FreeRTOS/Source/list.o
 .comment       0x000000000000007b       0x7c Middlewares/Third_Party/FreeRTOS/Source/queue.o
 .comment       0x000000000000007b       0x7c Middlewares/Third_Party/FreeRTOS/Source/tasks.o
 .comment       0x000000000000007b       0x7c Middlewares/Third_Party/FreeRTOS/Source/timers.o
 .comment       0x000000000000007b       0x7c Middlewares/Third_Party/FreeRTOS/Source/portable/GCC/ARM_CM3/port.o
 .comment       0x000000000000007b       0x7c Middlewares/Third_Party/FreeRTOS/Source/portable/MemMang/heap_4.o

.debug_frame    0x0000000000000000     0x5774
 .debug_frame   0x0000000000000000       0x38 Core/Src/Letters.o
 .debug_frame   0x0000000000000038      0x3c8 Core/Src/main.o
 .debug_frame   0x0000000000000400      0x188 Core/Src/sensorObjects.o
 .debug_frame   0x0000000000000588      0x114 Core/Src/stm32f1xx_hal_msp.o
 .debug_frame   0x000000000000069c       0x74 Core/Src/stm32f1xx_hal_timebase_tim.o
 .debug_frame   0x0000000000000710       0xe0 Core/Src/stm32f1xx_it.o
 .debug_frame   0x00000000000007f0       0x58 Core/Src/system_stm32f1xx.o
 .debug_frame   0x0000000000000848      0x334 Drivers/STM32F1xx_HAL_Driver/Src/stm32f1xx_hal.o
 .debug_frame   0x0000000000000b7c      0x40c Drivers/STM32F1xx_HAL_Driver/Src/stm32f1xx_hal_adc.o
 .debug_frame   0x0000000000000f88      0x428 Drivers/STM32F1xx_HAL_Driver/Src/stm32f1xx_hal_cortex.o
 .debug_frame   0x00000000000013b0      0x14c Drivers/STM32F1xx_HAL_Driver/Src/stm32f1xx_hal_gpio.o
 .debug_frame   0x00000000000014fc      0x21c Drivers/STM32F1xx_HAL_Driver/Src/stm32f1xx_hal_rcc.o
 .debug_frame   0x0000000000001718       0x84 Drivers/STM32F1xx_HAL_Driver/Src/stm32f1xx_hal_rcc_ex.o
 .debug_frame   0x000000000000179c     0x11b8 Drivers/STM32F1xx_HAL_Driver/Src/stm32f1xx_hal_tim.o
 .debug_frame   0x0000000000002954      0x638 Drivers/STM32F1xx_HAL_Driver/Src/stm32f1xx_hal_tim_ex.o
 .debug_frame   0x0000000000002f8c      0x834 Drivers/STM32F1xx_HAL_Driver/Src/stm32f1xx_hal_uart.o
 .debug_frame   0x00000000000037c0      0x980 Middlewares/Third_Party/FreeRTOS/Source/CMSIS_RTOS_V2/cmsis_os2.o
 .debug_frame   0x0000000000004140       0xd8 Middlewares/Third_Party/FreeRTOS/Source/list.o
 .debug_frame   0x0000000000004218      0x5ec Middlewares/Third_Party/FreeRTOS/Source/queue.o
 .debug_frame   0x0000000000004804      0x8a8 Middlewares/Third_Party/FreeRTOS/Source/tasks.o
 .debug_frame   0x00000000000050ac      0x3b4 Middlewares/Third_Party/FreeRTOS/Source/timers.o
 .debug_frame   0x0000000000005460      0x198 Middlewares/Third_Party/FreeRTOS/Source/portable/GCC/ARM_CM3/port.o
 .debug_frame   0x00000000000055f8      0x108 Middlewares/Third_Party/FreeRTOS/Source/portable/MemMang/heap_4.o
 .debug_frame   0x0000000000005700       0x2c c:/st/stm32cubeide_1.5.1/stm32cubeide/plugins/com.st.stm32cube.ide.mcu.externaltools.gnu-tools-for-stm32.7-2018-q2-update.win32_1.5.0.202011040924/tools/bin/../lib/gcc/arm-none-eabi/7.3.1/../../../../arm-none-eabi/lib/thumb/v7-m\libc_nano.a(lib_a-init.o)
 .debug_frame   0x000000000000572c       0x28 c:/st/stm32cubeide_1.5.1/stm32cubeide/plugins/com.st.stm32cube.ide.mcu.externaltools.gnu-tools-for-stm32.7-2018-q2-update.win32_1.5.0.202011040924/tools/bin/../lib/gcc/arm-none-eabi/7.3.1/../../../../arm-none-eabi/lib/thumb/v7-m\libc_nano.a(lib_a-memcpy-stub.o)
 .debug_frame   0x0000000000005754       0x20 c:/st/stm32cubeide_1.5.1/stm32cubeide/plugins/com.st.stm32cube.ide.mcu.externaltools.gnu-tools-for-stm32.7-2018-q2-update.win32_1.5.0.202011040924/tools/bin/../lib/gcc/arm-none-eabi/7.3.1/../../../../arm-none-eabi/lib/thumb/v7-m\libc_nano.a(lib_a-memset.o)
