main.c:180:5:main	8	static
main.c:302:6:SystemClock_Config	88	static
main.c:347:13:MX_ADC1_Init	24	static
main.c:392:13:MX_TIM1_Init	32	static
main.c:438:13:MX_TIM2_Init	32	static
main.c:483:13:MX_USART1_UART_Init	8	static
main.c:516:13:MX_USART3_UART_Init	8	static
main.c:549:13:MX_GPIO_Init	40	static
main.c:645:6:commandToLCD	8	static
main.c:703:6:printPassword	8	static
main.c:718:6:line1	8	static
main.c:736:6:line2	8	static
main.c:754:6:clear	8	static
main.c:772:6:correct	8	static
main.c:785:5:getVal	16	static
main.c:930:6:wrongPass	8	static
main.c:949:6:green	8	static
main.c:966:6:timer	8	static
main.c:988:6:quit	8	static
main.c:1010:6:onOffTime	8	static
main.c:1032:6:onOff	8	static
main.c:1049:6:error	8	static
main.c:1090:6:StartXbeeTask	16	static
main.c:1111:6:StartUserTask	24	static
main.c:1307:6:StartSolenoidTask	64	static
main.c:1467:6:StartWeatherTask	104	static
main.c:1534:6:StartFlowTask	112	static
main.c:1689:6:StartProcessingTask	40	static
main.c:1739:6:StartWebsiteTask	72	static
main.c:1769:6:HAL_TIM_PeriodElapsedCallback	16	static
main.c:1786:6:Error_Handler	4	static,ignoring_inline_asm
