main.c:183:5:main	8	static
main.c:305:6:SystemClock_Config	88	static
main.c:350:13:MX_ADC1_Init	24	static
main.c:395:13:MX_TIM1_Init	32	static
main.c:441:13:MX_TIM2_Init	32	static
main.c:486:13:MX_USART1_UART_Init	8	static
main.c:519:13:MX_USART3_UART_Init	8	static
main.c:552:13:MX_GPIO_Init	40	static
main.c:648:6:commandToLCD	8	static
main.c:706:6:printPassword	8	static
main.c:721:6:line1	8	static
main.c:739:6:line2	8	static
main.c:757:6:clear	8	static
main.c:775:6:correct	8	static
main.c:788:5:getVal	16	static
main.c:934:6:wrongPass	8	static
main.c:953:6:green	8	static
main.c:970:6:timer	8	static
main.c:992:6:quit	8	static
main.c:1015:6:onOffTime	8	static
main.c:1037:6:onOff	8	static
main.c:1054:6:error	8	static
main.c:1095:6:StartXbeeTask	16	static
main.c:1114:6:StartUserTask	40	static
main.c:1273:6:StartSolenoidTask	56	static
main.c:1393:6:StartWeatherTask	120	static
main.c:1460:6:StartFlowTask	112	static
main.c:1606:6:StartProcessingTask	32	static
main.c:1664:6:StartWebsiteTask	72	static
main.c:1694:6:HAL_TIM_PeriodElapsedCallback	16	static
main.c:1711:6:Error_Handler	4	static,ignoring_inline_asm
