main.c:169:5:main	8	static
main.c:282:6:SystemClock_Config	72	static
main.c:320:13:MX_TIM2_Init	32	static
main.c:365:13:MX_USART3_UART_Init	8	static
main.c:398:13:MX_GPIO_Init	40	static
main.c:494:6:commandToLCD	8	static
main.c:552:6:printPassword	8	static
main.c:567:6:line1	8	static
main.c:585:6:line2	8	static
main.c:603:6:clear	8	static
main.c:621:6:correct	8	static
main.c:634:5:getVal	16	static
main.c:778:6:wrongPass	8	static
main.c:797:5:green	16	static
main.c:817:5:timer	16	static
main.c:843:5:quit	16	static
main.c:870:5:onOffTime	16	static
main.c:896:5:onOff	16	static
main.c:916:6:error	8	static
main.c:960:6:StartXbeeTask	16	static
main.c:981:6:StartUserTask	48	static
main.c:1145:6:StartSolenoidTask	16	static
main.c:1203:6:StartWeatherTask	16	static
main.c:1234:6:StartFlowTask	16	static
main.c:1293:6:StartProcessingTask	16	static
main.c:1328:6:HAL_TIM_PeriodElapsedCallback	16	static
main.c:1345:6:Error_Handler	4	static,ignoring_inline_asm
