main.c:176:5:main	8	static
main.c:290:6:SystemClock_Config	72	static
main.c:328:13:MX_TIM2_Init	32	static
main.c:373:13:MX_USART2_UART_Init	8	static
main.c:406:13:MX_USART3_UART_Init	8	static
main.c:439:13:MX_GPIO_Init	40	static
main.c:529:6:commandToLCD	8	static
main.c:587:6:printPassword	8	static
main.c:602:6:line1	8	static
main.c:620:6:line2	8	static
main.c:638:6:clear	8	static
main.c:656:6:correct	8	static
main.c:669:6:getVal	16	static
main.c:812:6:wrongPass	8	static
main.c:831:6:green	8	static
main.c:849:6:timer	8	static
main.c:872:6:quit	8	static
main.c:898:6:onOffTime	8	static
main.c:922:6:onOff	8	static
main.c:940:6:error	8	static
main.c:971:6:setSolenoids	16	static
main.c:1007:6:flow	56	static
main.c:1061:6:uartTransmit	16	static
main.c:1069:6:HAL_UART_RxCpltCallback	16	static
main.c:1103:6:StartXbeeTask	16	static
main.c:1125:6:StartUserTask	16	static
main.c:1277:6:StartSolenoidTask	16	static
main.c:1295:6:StartWeatherTask	24	static
main.c:1326:6:StartFlowTask	16	static
main.c:1345:6:StartProcessingTask	16	static
main.c:1364:6:HAL_TIM_PeriodElapsedCallback	16	static
main.c:1381:6:Error_Handler	4	static,ignoring_inline_asm
