main.c:186:5:main	8	static
main.c:308:6:SystemClock_Config	88	static
main.c:353:13:MX_ADC1_Init	24	static
main.c:398:13:MX_TIM1_Init	32	static
main.c:444:13:MX_TIM2_Init	32	static
main.c:489:13:MX_USART1_UART_Init	8	static
main.c:522:13:MX_USART3_UART_Init	8	static
main.c:555:13:MX_GPIO_Init	40	static
main.c:651:6:commandToLCD	8	static
main.c:709:6:printPassword	8	static
main.c:724:6:line1	8	static
main.c:742:6:line2	8	static
main.c:760:6:clear	8	static
main.c:778:6:correct	8	static
main.c:791:5:getVal	16	static
main.c:937:6:wrongPass	8	static
main.c:956:6:green	8	static
main.c:973:6:timer	8	static
main.c:995:6:quit	8	static
main.c:1018:6:onOffTime	8	static
main.c:1040:6:onOff	8	static
main.c:1057:6:error	8	static
main.c:1098:6:StartXbeeTask	16	static
main.c:1117:6:StartUserTask	40	static
main.c:1276:6:StartSolenoidTask	56	static
main.c:1396:6:StartWeatherTask	120	static
main.c:1463:6:StartFlowTask	112	static
main.c:1609:6:StartProcessingTask	24	static
main.c:1688:6:StartWebsiteTask	16	static
main.c:1721:6:HAL_TIM_PeriodElapsedCallback	16	static
main.c:1738:6:Error_Handler	4	static,ignoring_inline_asm
