main.c:162:5:main	8	static
main.c:276:6:SystemClock_Config	72	static
main.c:314:13:MX_TIM2_Init	32	static
main.c:359:13:MX_USART1_UART_Init	8	static
main.c:392:13:MX_USART3_UART_Init	8	static
main.c:425:13:MX_GPIO_Init	40	static
main.c:521:6:commandToLCD	8	static
main.c:579:6:printPassword	8	static
main.c:594:6:line1	8	static
main.c:612:6:line2	8	static
main.c:630:6:clear	8	static
main.c:648:6:correct	8	static
main.c:661:5:getVal	16	static
main.c:806:6:wrongPass	8	static
main.c:825:6:green	8	static
main.c:842:6:timer	8	static
main.c:864:6:quit	8	static
main.c:886:6:onOffTime	8	static
main.c:908:6:onOff	8	static
main.c:925:6:error	8	static
main.c:966:6:StartXbeeTask	16	static
main.c:1036:6:StartUserTask	40	static
main.c:1186:6:StartSolenoidTask	16	static
main.c:1238:6:StartWeatherTask	16	static
main.c:1269:6:StartFlowTask	16	static
main.c:1327:6:StartProcessingTask	16	static
main.c:1346:6:HAL_TIM_PeriodElapsedCallback	16	static
main.c:1363:6:Error_Handler	4	static,ignoring_inline_asm
