main.c:179:5:main	8	static
main.c:294:6:SystemClock_Config	88	static
main.c:339:13:MX_ADC1_Init	24	static
main.c:384:13:MX_TIM2_Init	32	static
main.c:429:13:MX_USART1_UART_Init	8	static
main.c:462:13:MX_USART3_UART_Init	8	static
main.c:495:13:MX_GPIO_Init	40	static
main.c:591:6:commandToLCD	8	static
main.c:649:6:printPassword	8	static
main.c:664:6:line1	8	static
main.c:682:6:line2	8	static
main.c:700:6:clear	8	static
main.c:718:6:correct	8	static
main.c:731:6:getVal	16	static
main.c:874:6:wrongPass	8	static
main.c:893:6:green	8	static
main.c:911:6:timer	8	static
main.c:934:6:quit	8	static
main.c:960:6:onOffTime	8	static
main.c:984:6:onOff	8	static
main.c:1002:6:error	8	static
main.c:1035:6:uartTransmit	16	static
main.c:1043:6:HAL_UART_RxCpltCallback	16	static
main.c:1078:6:StartXbeeTask	16	static
main.c:1121:6:StartUserTask	40	static
main.c:1307:6:StartSolenoidTask	16	static
main.c:1359:6:StartWeatherTask	16	static
main.c:1390:6:StartFlowTask	16	static
main.c:1448:6:StartProcessingTask	16	static
main.c:1467:6:HAL_TIM_PeriodElapsedCallback	16	static
main.c:1484:6:Error_Handler	4	static,ignoring_inline_asm
