main.c:172:5:main	8	static
main.c:285:6:SystemClock_Config	72	static
main.c:323:13:MX_TIM2_Init	32	static
main.c:368:13:MX_USART3_UART_Init	8	static
main.c:401:13:MX_GPIO_Init	40	static
main.c:497:6:commandToLCD	8	static
main.c:555:6:printPassword	8	static
main.c:570:6:line1	8	static
main.c:588:6:line2	8	static
main.c:606:6:clear	8	static
main.c:624:6:correct	8	static
main.c:637:6:getVal	16	static
main.c:780:6:wrongPass	8	static
main.c:799:6:green	8	static
main.c:817:6:timer	8	static
main.c:840:6:quit	8	static
main.c:866:6:onOffTime	8	static
main.c:890:6:onOff	8	static
main.c:909:6:setSolenoids	16	static
main.c:945:6:flow	56	static
main.c:992:6:uartInterruptInit	16	static
main.c:1000:6:uartTransmit	16	static
main.c:1008:6:HAL_UART_RxCpltCallback	16	static
main.c:1042:6:StartXbeeTask	16	static
main.c:1064:6:StartUserTask	16	static
main.c:1165:6:StartSolenoidTask	16	static
main.c:1183:6:StartWeatherTask	32	static
main.c:1213:6:StartFlowTask	16	static
main.c:1232:6:StartProcessingTask	16	static
main.c:1251:6:HAL_TIM_PeriodElapsedCallback	16	static
main.c:1268:6:Error_Handler	4	static,ignoring_inline_asm
