main.c:180:5:main	8	static
main.c:299:6:SystemClock_Config	88	static
main.c:344:13:MX_ADC1_Init	24	static
main.c:389:13:MX_TIM1_Init	32	static
main.c:435:13:MX_TIM2_Init	32	static
main.c:480:13:MX_USART1_UART_Init	8	static
main.c:513:13:MX_USART3_UART_Init	8	static
main.c:546:13:MX_GPIO_Init	40	static
main.c:642:6:commandToLCD	8	static
main.c:700:6:printPassword	8	static
main.c:715:6:line1	8	static
main.c:733:6:line2	8	static
main.c:751:6:clear	8	static
main.c:769:6:correct	8	static
main.c:782:5:getVal	16	static
main.c:936:6:calcRain	40	static
main.c:957:6:wrongPass	8	static
main.c:976:6:green	8	static
main.c:993:6:timer	8	static
main.c:1015:6:quit	8	static
main.c:1038:6:onOffTime	8	static
main.c:1060:6:onOff	8	static
main.c:1077:6:error	8	static
main.c:1118:6:StartXbeeTask	24	static
main.c:1194:6:StartUserTask	40	static
main.c:1353:6:StartSolenoidTask	56	static
main.c:1491:6:StartWeatherTask	120	static
main.c:1559:6:StartFlowTask	112	static
main.c:1705:6:StartWebsiteTask	72	static
main.c:1731:6:HAL_TIM_PeriodElapsedCallback	16	static
main.c:1748:6:Error_Handler	4	static,ignoring_inline_asm
