main.c:176:5:main	8	static
main.c:290:6:SystemClock_Config	72	static
main.c:328:13:MX_TIM2_Init	32	static
main.c:373:13:MX_USART1_UART_Init	8	static
main.c:406:13:MX_USART3_UART_Init	8	static
main.c:439:13:MX_GPIO_Init	40	static
main.c:535:6:commandToLCD	8	static
main.c:593:6:printPassword	8	static
main.c:608:6:line1	8	static
main.c:626:6:line2	8	static
main.c:644:6:clear	8	static
main.c:662:6:correct	8	static
main.c:675:6:getVal	16	static
main.c:818:6:wrongPass	8	static
main.c:837:6:green	8	static
main.c:855:6:timer	8	static
main.c:878:6:quit	8	static
main.c:904:6:onOffTime	8	static
main.c:928:6:onOff	8	static
main.c:946:6:error	8	static
main.c:979:6:uartTransmit	16	static
main.c:987:6:HAL_UART_RxCpltCallback	16	static
main.c:1022:6:StartXbeeTask	16	static
main.c:1065:6:StartUserTask	40	static
main.c:1246:6:StartSolenoidTask	16	static
main.c:1298:6:StartWeatherTask	16	static
main.c:1329:6:StartFlowTask	16	static
main.c:1387:6:StartProcessingTask	16	static
main.c:1406:6:HAL_TIM_PeriodElapsedCallback	16	static
main.c:1423:6:Error_Handler	4	static,ignoring_inline_asm
