main.c:178:5:main	8	static
main.c:293:6:SystemClock_Config	72	static
main.c:331:13:MX_TIM2_Init	32	static
main.c:376:13:MX_USART1_UART_Init	8	static
main.c:409:13:MX_USART2_UART_Init	8	static
main.c:442:13:MX_USART3_UART_Init	8	static
main.c:475:13:MX_GPIO_Init	40	static
main.c:565:6:commandToLCD	8	static
main.c:623:6:printPassword	8	static
main.c:638:6:line1	8	static
main.c:656:6:line2	8	static
main.c:674:6:clear	8	static
main.c:692:6:correct	8	static
main.c:705:6:getVal	16	static
main.c:848:6:wrongPass	8	static
main.c:867:6:green	8	static
main.c:885:6:timer	8	static
main.c:908:6:quit	8	static
main.c:934:6:onOffTime	8	static
main.c:958:6:onOff	8	static
main.c:976:6:error	8	static
main.c:1009:6:uartTransmit	16	static
main.c:1017:6:HAL_UART_RxCpltCallback	16	static
main.c:1052:6:StartXbeeTask	16	static
main.c:1095:6:StartUserTask	16	static
main.c:1269:6:StartSolenoidTask	16	static
main.c:1320:6:StartWeatherTask	24	static
main.c:1351:6:StartFlowTask	16	static
main.c:1409:6:StartProcessingTask	16	static
main.c:1428:6:HAL_TIM_PeriodElapsedCallback	16	static
main.c:1445:6:Error_Handler	4	static,ignoring_inline_asm
