11:48:26 **** Build of configuration Debug for project User Interface ****
make -j12 all 
arm-none-eabi-gcc "../Drivers/STM32F1xx_HAL_Driver/Src/stm32f1xx_hal.c" -mcpu=cortex-m3 -std=gnu11 -g3 -DUSE_HAL_DRIVER -DSTM32F103xB -DDEBUG -c -I../Core/Inc -I../Drivers/STM32F1xx_HAL_Driver/Inc -I../Drivers/STM32F1xx_HAL_Driver/Inc/Legacy -I../Drivers/CMSIS/Device/ST/STM32F1xx/Include -I../Drivers/CMSIS/Include -O0 -ffunction-sections -fdata-sections -Wall -fstack-usage -MMD -MP -MF"Drivers/STM32F1xx_HAL_Driver/Src/stm32f1xx_hal.d" -MT"Drivers/STM32F1xx_HAL_Driver/Src/stm32f1xx_hal.o" --specs=nano.specs -mfloat-abi=soft -mthumb -o "Drivers/STM32F1xx_HAL_Driver/Src/stm32f1xx_hal.o"
arm-none-eabi-gcc "../Drivers/STM32F1xx_HAL_Driver/Src/stm32f1xx_hal_cortex.c" -mcpu=cortex-m3 -std=gnu11 -g3 -DUSE_HAL_DRIVER -DSTM32F103xB -DDEBUG -c -I../Core/Inc -I../Drivers/STM32F1xx_HAL_Driver/Inc -I../Drivers/STM32F1xx_HAL_Driver/Inc/Legacy -I../Drivers/CMSIS/Device/ST/STM32F1xx/Include -I../Drivers/CMSIS/Include -O0 -ffunction-sections -fdata-sections -Wall -fstack-usage -MMD -MP -MF"Drivers/STM32F1xx_HAL_Driver/Src/stm32f1xx_hal_cortex.d" -MT"Drivers/STM32F1xx_HAL_Driver/Src/stm32f1xx_hal_cortex.o" --specs=nano.specs -mfloat-abi=soft -mthumb -o "Drivers/STM32F1xx_HAL_Driver/Src/stm32f1xx_hal_cortex.o"
arm-none-eabi-gcc "../Drivers/STM32F1xx_HAL_Driver/Src/stm32f1xx_hal_dma.c" -mcpu=cortex-m3 -std=gnu11 -g3 -DUSE_HAL_DRIVER -DSTM32F103xB -DDEBUG -c -I../Core/Inc -I../Drivers/STM32F1xx_HAL_Driver/Inc -I../Drivers/STM32F1xx_HAL_Driver/Inc/Legacy -I../Drivers/CMSIS/Device/ST/STM32F1xx/Include -I../Drivers/CMSIS/Include -O0 -ffunction-sections -fdata-sections -Wall -fstack-usage -MMD -MP -MF"Drivers/STM32F1xx_HAL_Driver/Src/stm32f1xx_hal_dma.d" -MT"Drivers/STM32F1xx_HAL_Driver/Src/stm32f1xx_hal_dma.o" --specs=nano.specs -mfloat-abi=soft -mthumb -o "Drivers/STM32F1xx_HAL_Driver/Src/stm32f1xx_hal_dma.o"
arm-none-eabi-gcc "../Drivers/STM32F1xx_HAL_Driver/Src/stm32f1xx_hal_exti.c" -mcpu=cortex-m3 -std=gnu11 -g3 -DUSE_HAL_DRIVER -DSTM32F103xB -DDEBUG -c -I../Core/Inc -I../Drivers/STM32F1xx_HAL_Driver/Inc -I../Drivers/STM32F1xx_HAL_Driver/Inc/Legacy -I../Drivers/CMSIS/Device/ST/STM32F1xx/Include -I../Drivers/CMSIS/Include -O0 -ffunction-sections -fdata-sections -Wall -fstack-usage -MMD -MP -MF"Drivers/STM32F1xx_HAL_Driver/Src/stm32f1xx_hal_exti.d" -MT"Drivers/STM32F1xx_HAL_Driver/Src/stm32f1xx_hal_exti.o" --specs=nano.specs -mfloat-abi=soft -mthumb -o "Drivers/STM32F1xx_HAL_Driver/Src/stm32f1xx_hal_exti.o"
arm-none-eabi-gcc "../Drivers/STM32F1xx_HAL_Driver/Src/stm32f1xx_hal_flash.c" -mcpu=cortex-m3 -std=gnu11 -g3 -DUSE_HAL_DRIVER -DSTM32F103xB -DDEBUG -c -I../Core/Inc -I../Drivers/STM32F1xx_HAL_Driver/Inc -I../Drivers/STM32F1xx_HAL_Driver/Inc/Legacy -I../Drivers/CMSIS/Device/ST/STM32F1xx/Include -I../Drivers/CMSIS/Include -O0 -ffunction-sections -fdata-sections -Wall -fstack-usage -MMD -MP -MF"Drivers/STM32F1xx_HAL_Driver/Src/stm32f1xx_hal_flash.d" -MT"Drivers/STM32F1xx_HAL_Driver/Src/stm32f1xx_hal_flash.o" --specs=nano.specs -mfloat-abi=soft -mthumb -o "Drivers/STM32F1xx_HAL_Driver/Src/stm32f1xx_hal_flash.o"
arm-none-eabi-gcc "../Drivers/STM32F1xx_HAL_Driver/Src/stm32f1xx_hal_flash_ex.c" -mcpu=cortex-m3 -std=gnu11 -g3 -DUSE_HAL_DRIVER -DSTM32F103xB -DDEBUG -c -I../Core/Inc -I../Drivers/STM32F1xx_HAL_Driver/Inc -I../Drivers/STM32F1xx_HAL_Driver/Inc/Legacy -I../Drivers/CMSIS/Device/ST/STM32F1xx/Include -I../Drivers/CMSIS/Include -O0 -ffunction-sections -fdata-sections -Wall -fstack-usage -MMD -MP -MF"Drivers/STM32F1xx_HAL_Driver/Src/stm32f1xx_hal_flash_ex.d" -MT"Drivers/STM32F1xx_HAL_Driver/Src/stm32f1xx_hal_flash_ex.o" --specs=nano.specs -mfloat-abi=soft -mthumb -o "Drivers/STM32F1xx_HAL_Driver/Src/stm32f1xx_hal_flash_ex.o"
arm-none-eabi-gcc "../Drivers/STM32F1xx_HAL_Driver/Src/stm32f1xx_hal_gpio.c" -mcpu=cortex-m3 -std=gnu11 -g3 -DUSE_HAL_DRIVER -DSTM32F103xB -DDEBUG -c -I../Core/Inc -I../Drivers/STM32F1xx_HAL_Driver/Inc -I../Drivers/STM32F1xx_HAL_Driver/Inc/Legacy -I../Drivers/CMSIS/Device/ST/STM32F1xx/Include -I../Drivers/CMSIS/Include -O0 -ffunction-sections -fdata-sections -Wall -fstack-usage -MMD -MP -MF"Drivers/STM32F1xx_HAL_Driver/Src/stm32f1xx_hal_gpio.d" -MT"Drivers/STM32F1xx_HAL_Driver/Src/stm32f1xx_hal_gpio.o" --specs=nano.specs -mfloat-abi=soft -mthumb -o "Drivers/STM32F1xx_HAL_Driver/Src/stm32f1xx_hal_gpio.o"
arm-none-eabi-gcc "../Drivers/STM32F1xx_HAL_Driver/Src/stm32f1xx_hal_gpio_ex.c" -mcpu=cortex-m3 -std=gnu11 -g3 -DUSE_HAL_DRIVER -DSTM32F103xB -DDEBUG -c -I../Core/Inc -I../Drivers/STM32F1xx_HAL_Driver/Inc -I../Drivers/STM32F1xx_HAL_Driver/Inc/Legacy -I../Drivers/CMSIS/Device/ST/STM32F1xx/Include -I../Drivers/CMSIS/Include -O0 -ffunction-sections -fdata-sections -Wall -fstack-usage -MMD -MP -MF"Drivers/STM32F1xx_HAL_Driver/Src/stm32f1xx_hal_gpio_ex.d" -MT"Drivers/STM32F1xx_HAL_Driver/Src/stm32f1xx_hal_gpio_ex.o" --specs=nano.specs -mfloat-abi=soft -mthumb -o "Drivers/STM32F1xx_HAL_Driver/Src/stm32f1xx_hal_gpio_ex.o"
arm-none-eabi-gcc "../Drivers/STM32F1xx_HAL_Driver/Src/stm32f1xx_hal_pwr.c" -mcpu=cortex-m3 -std=gnu11 -g3 -DUSE_HAL_DRIVER -DSTM32F103xB -DDEBUG -c -I../Core/Inc -I../Drivers/STM32F1xx_HAL_Driver/Inc -I../Drivers/STM32F1xx_HAL_Driver/Inc/Legacy -I../Drivers/CMSIS/Device/ST/STM32F1xx/Include -I../Drivers/CMSIS/Include -O0 -ffunction-sections -fdata-sections -Wall -fstack-usage -MMD -MP -MF"Drivers/STM32F1xx_HAL_Driver/Src/stm32f1xx_hal_pwr.d" -MT"Drivers/STM32F1xx_HAL_Driver/Src/stm32f1xx_hal_pwr.o" --specs=nano.specs -mfloat-abi=soft -mthumb -o "Drivers/STM32F1xx_HAL_Driver/Src/stm32f1xx_hal_pwr.o"
arm-none-eabi-gcc "../Drivers/STM32F1xx_HAL_Driver/Src/stm32f1xx_hal_rcc.c" -mcpu=cortex-m3 -std=gnu11 -g3 -DUSE_HAL_DRIVER -DSTM32F103xB -DDEBUG -c -I../Core/Inc -I../Drivers/STM32F1xx_HAL_Driver/Inc -I../Drivers/STM32F1xx_HAL_Driver/Inc/Legacy -I../Drivers/CMSIS/Device/ST/STM32F1xx/Include -I../Drivers/CMSIS/Include -O0 -ffunction-sections -fdata-sections -Wall -fstack-usage -MMD -MP -MF"Drivers/STM32F1xx_HAL_Driver/Src/stm32f1xx_hal_rcc.d" -MT"Drivers/STM32F1xx_HAL_Driver/Src/stm32f1xx_hal_rcc.o" --specs=nano.specs -mfloat-abi=soft -mthumb -o "Drivers/STM32F1xx_HAL_Driver/Src/stm32f1xx_hal_rcc.o"
arm-none-eabi-gcc "../Drivers/STM32F1xx_HAL_Driver/Src/stm32f1xx_hal_rcc_ex.c" -mcpu=cortex-m3 -std=gnu11 -g3 -DUSE_HAL_DRIVER -DSTM32F103xB -DDEBUG -c -I../Core/Inc -I../Drivers/STM32F1xx_HAL_Driver/Inc -I../Drivers/STM32F1xx_HAL_Driver/Inc/Legacy -I../Drivers/CMSIS/Device/ST/STM32F1xx/Include -I../Drivers/CMSIS/Include -O0 -ffunction-sections -fdata-sections -Wall -fstack-usage -MMD -MP -MF"Drivers/STM32F1xx_HAL_Driver/Src/stm32f1xx_hal_rcc_ex.d" -MT"Drivers/STM32F1xx_HAL_Driver/Src/stm32f1xx_hal_rcc_ex.o" --specs=nano.specs -mfloat-abi=soft -mthumb -o "Drivers/STM32F1xx_HAL_Driver/Src/stm32f1xx_hal_rcc_ex.o"
arm-none-eabi-gcc "../Drivers/STM32F1xx_HAL_Driver/Src/stm32f1xx_hal_tim.c" -mcpu=cortex-m3 -std=gnu11 -g3 -DUSE_HAL_DRIVER -DSTM32F103xB -DDEBUG -c -I../Core/Inc -I../Drivers/STM32F1xx_HAL_Driver/Inc -I../Drivers/STM32F1xx_HAL_Driver/Inc/Legacy -I../Drivers/CMSIS/Device/ST/STM32F1xx/Include -I../Drivers/CMSIS/Include -O0 -ffunction-sections -fdata-sections -Wall -fstack-usage -MMD -MP -MF"Drivers/STM32F1xx_HAL_Driver/Src/stm32f1xx_hal_tim.d" -MT"Drivers/STM32F1xx_HAL_Driver/Src/stm32f1xx_hal_tim.o" --specs=nano.specs -mfloat-abi=soft -mthumb -o "Drivers/STM32F1xx_HAL_Driver/Src/stm32f1xx_hal_tim.o"
arm-none-eabi-gcc "../Drivers/STM32F1xx_HAL_Driver/Src/stm32f1xx_hal_tim_ex.c" -mcpu=cortex-m3 -std=gnu11 -g3 -DUSE_HAL_DRIVER -DSTM32F103xB -DDEBUG -c -I../Core/Inc -I../Drivers/STM32F1xx_HAL_Driver/Inc -I../Drivers/STM32F1xx_HAL_Driver/Inc/Legacy -I../Drivers/CMSIS/Device/ST/STM32F1xx/Include -I../Drivers/CMSIS/Include -O0 -ffunction-sections -fdata-sections -Wall -fstack-usage -MMD -MP -MF"Drivers/STM32F1xx_HAL_Driver/Src/stm32f1xx_hal_tim_ex.d" -MT"Drivers/STM32F1xx_HAL_Driver/Src/stm32f1xx_hal_tim_ex.o" --specs=nano.specs -mfloat-abi=soft -mthumb -o "Drivers/STM32F1xx_HAL_Driver/Src/stm32f1xx_hal_tim_ex.o"
arm-none-eabi-gcc "../Drivers/STM32F1xx_HAL_Driver/Src/stm32f1xx_hal_uart.c" -mcpu=cortex-m3 -std=gnu11 -g3 -DUSE_HAL_DRIVER -DSTM32F103xB -DDEBUG -c -I../Core/Inc -I../Drivers/STM32F1xx_HAL_Driver/Inc -I../Drivers/STM32F1xx_HAL_Driver/Inc/Legacy -I../Drivers/CMSIS/Device/ST/STM32F1xx/Include -I../Drivers/CMSIS/Include -O0 -ffunction-sections -fdata-sections -Wall -fstack-usage -MMD -MP -MF"Drivers/STM32F1xx_HAL_Driver/Src/stm32f1xx_hal_uart.d" -MT"Drivers/STM32F1xx_HAL_Driver/Src/stm32f1xx_hal_uart.o" --specs=nano.specs -mfloat-abi=soft -mthumb -o "Drivers/STM32F1xx_HAL_Driver/Src/stm32f1xx_hal_uart.o"
arm-none-eabi-gcc -mcpu=cortex-m3 -g3 -c -x assembler-with-cpp -MMD -MP -MF"Core/Startup/startup_stm32f103rbtx.d" -MT"Core/Startup/startup_stm32f103rbtx.o" --specs=nano.specs -mfloat-abi=soft -mthumb -o "Core/Startup/startup_stm32f103rbtx.o" "../Core/Startup/startup_stm32f103rbtx.s"
arm-none-eabi-gcc "../Core/Src/main.c" -mcpu=cortex-m3 -std=gnu11 -g3 -DUSE_HAL_DRIVER -DSTM32F103xB -DDEBUG -c -I../Core/Inc -I../Drivers/STM32F1xx_HAL_Driver/Inc -I../Drivers/STM32F1xx_HAL_Driver/Inc/Legacy -I../Drivers/CMSIS/Device/ST/STM32F1xx/Include -I../Drivers/CMSIS/Include -O0 -ffunction-sections -fdata-sections -Wall -fstack-usage -MMD -MP -MF"Core/Src/main.d" -MT"Core/Src/main.o" --specs=nano.specs -mfloat-abi=soft -mthumb -o "Core/Src/main.o"
arm-none-eabi-gcc "../Core/Src/stm32f1xx_hal_msp.c" -mcpu=cortex-m3 -std=gnu11 -g3 -DUSE_HAL_DRIVER -DSTM32F103xB -DDEBUG -c -I../Core/Inc -I../Drivers/STM32F1xx_HAL_Driver/Inc -I../Drivers/STM32F1xx_HAL_Driver/Inc/Legacy -I../Drivers/CMSIS/Device/ST/STM32F1xx/Include -I../Drivers/CMSIS/Include -O0 -ffunction-sections -fdata-sections -Wall -fstack-usage -MMD -MP -MF"Core/Src/stm32f1xx_hal_msp.d" -MT"Core/Src/stm32f1xx_hal_msp.o" --specs=nano.specs -mfloat-abi=soft -mthumb -o "Core/Src/stm32f1xx_hal_msp.o"
arm-none-eabi-gcc "../Core/Src/stm32f1xx_it.c" -mcpu=cortex-m3 -std=gnu11 -g3 -DUSE_HAL_DRIVER -DSTM32F103xB -DDEBUG -c -I../Core/Inc -I../Drivers/STM32F1xx_HAL_Driver/Inc -I../Drivers/STM32F1xx_HAL_Driver/Inc/Legacy -I../Drivers/CMSIS/Device/ST/STM32F1xx/Include -I../Drivers/CMSIS/Include -O0 -ffunction-sections -fdata-sections -Wall -fstack-usage -MMD -MP -MF"Core/Src/stm32f1xx_it.d" -MT"Core/Src/stm32f1xx_it.o" --specs=nano.specs -mfloat-abi=soft -mthumb -o "Core/Src/stm32f1xx_it.o"
arm-none-eabi-gcc "../Core/Src/syscalls.c" -mcpu=cortex-m3 -std=gnu11 -g3 -DUSE_HAL_DRIVER -DSTM32F103xB -DDEBUG -c -I../Core/Inc -I../Drivers/STM32F1xx_HAL_Driver/Inc -I../Drivers/STM32F1xx_HAL_Driver/Inc/Legacy -I../Drivers/CMSIS/Device/ST/STM32F1xx/Include -I../Drivers/CMSIS/Include -O0 -ffunction-sections -fdata-sections -Wall -fstack-usage -MMD -MP -MF"Core/Src/syscalls.d" -MT"Core/Src/syscalls.o" --specs=nano.specs -mfloat-abi=soft -mthumb -o "Core/Src/syscalls.o"
arm-none-eabi-gcc "../Core/Src/sysmem.c" -mcpu=cortex-m3 -std=gnu11 -g3 -DUSE_HAL_DRIVER -DSTM32F103xB -DDEBUG -c -I../Core/Inc -I../Drivers/STM32F1xx_HAL_Driver/Inc -I../Drivers/STM32F1xx_HAL_Driver/Inc/Legacy -I../Drivers/CMSIS/Device/ST/STM32F1xx/Include -I../Drivers/CMSIS/Include -O0 -ffunction-sections -fdata-sections -Wall -fstack-usage -MMD -MP -MF"Core/Src/sysmem.d" -MT"Core/Src/sysmem.o" --specs=nano.specs -mfloat-abi=soft -mthumb -o "Core/Src/sysmem.o"
arm-none-eabi-gcc "../Core/Src/system_stm32f1xx.c" -mcpu=cortex-m3 -std=gnu11 -g3 -DUSE_HAL_DRIVER -DSTM32F103xB -DDEBUG -c -I../Core/Inc -I../Drivers/STM32F1xx_HAL_Driver/Inc -I../Drivers/STM32F1xx_HAL_Driver/Inc/Legacy -I../Drivers/CMSIS/Device/ST/STM32F1xx/Include -I../Drivers/CMSIS/Include -O0 -ffunction-sections -fdata-sections -Wall -fstack-usage -MMD -MP -MF"Core/Src/system_stm32f1xx.d" -MT"Core/Src/system_stm32f1xx.o" --specs=nano.specs -mfloat-abi=soft -mthumb -o "Core/Src/system_stm32f1xx.o"
../Core/Src/main.c:55:1: warning: data definition has no type or storage class
 intx=0;
 ^~~~
../Core/Src/main.c:55:1: warning: type defaults to 'int' in declaration of 'intx' [-Wimplicit-int]
../Core/Src/main.c: In function 'main':
../Core/Src/main.c:106:10: error: 'x' undeclared (first use in this function)
   while (x==0)
          ^
../Core/Src/main.c:106:10: note: each undeclared identifier is reported only once for each function it appears in
../Core/Src/main.c:124:4: warning: implicit declaration of function 'delay' [-Wimplicit-function-declaration]
    delay(80000);
    ^~~~~
make: *** [Core/Src/subdir.mk:33: Core/Src/main.o] Error 1
make: *** Waiting for unfinished jobs....
"make -j12 all" terminated with exit code 2. Build might be incomplete.
11:48:57 **** Incremental Build of configuration Debug for project User Interface ****
make -j12 all 
arm-none-eabi-gcc "../Core/Src/main.c" -mcpu=cortex-m3 -std=gnu11 -g3 -DUSE_HAL_DRIVER -DSTM32F103xB -DDEBUG -c -I../Core/Inc -I../Drivers/STM32F1xx_HAL_Driver/Inc -I../Drivers/STM32F1xx_HAL_Driver/Inc/Legacy -I../Drivers/CMSIS/Device/ST/STM32F1xx/Include -I../Drivers/CMSIS/Include -O0 -ffunction-sections -fdata-sections -Wall -fstack-usage -MMD -MP -MF"Core/Src/main.d" -MT"Core/Src/main.o" --specs=nano.specs -mfloat-abi=soft -mthumb -o "Core/Src/main.o"
../Core/Src/main.c: In function 'main':
../Core/Src/main.c:124:4: warning: implicit declaration of function 'delay' [-Wimplicit-function-declaration]
    delay(80000);
    ^~~~~
arm-none-eabi-gcc -o "User Interface.elf" @"objects.list"   -mcpu=cortex-m3 -T"C:\Users\anima\Desktop\ENEL417\Main Microcontroller\User Interface\User Interface\STM32F103RBTX_FLASH.ld" --specs=nosys.specs -Wl,-Map="User Interface.map" -Wl,--gc-sections -static --specs=nano.specs -mfloat-abi=soft -mthumb -Wl,--start-group -lc -lm -Wl,--end-group
Core/Src/main.o: In function `main':
C:/Users/anima/Desktop/ENEL417/Main Microcontroller/User Interface/User Interface/Debug/../Core/Src/main.c:124: undefined reference to `delay'
C:/Users/anima/Desktop/ENEL417/Main Microcontroller/User Interface/User Interface/Debug/../Core/Src/main.c:140: undefined reference to `delay'
C:/Users/anima/Desktop/ENEL417/Main Microcontroller/User Interface/User Interface/Debug/../Core/Src/main.c:156: undefined reference to `delay'
C:/Users/anima/Desktop/ENEL417/Main Microcontroller/User Interface/User Interface/Debug/../Core/Src/main.c:172: undefined reference to `delay'
C:/Users/anima/Desktop/ENEL417/Main Microcontroller/User Interface/User Interface/Debug/../Core/Src/main.c:188: undefined reference to `delay'
Core/Src/main.o:C:/Users/anima/Desktop/ENEL417/Main Microcontroller/User Interface/User Interface/Debug/../Core/Src/main.c:204: more undefined references to `delay' follow
collect2.exe: error: ld returned 1 exit status
make: *** [makefile:58: User Interface.elf] Error 1
"make -j12 all" terminated with exit code 2. Build might be incomplete.
11:50:01 **** Incremental Build of configuration Debug for project User Interface ****
make -j12 all 
arm-none-eabi-gcc "../Core/Src/main.c" -mcpu=cortex-m3 -std=gnu11 -g3 -DUSE_HAL_DRIVER -DSTM32F103xB -DDEBUG -c -I../Core/Inc -I../Drivers/STM32F1xx_HAL_Driver/Inc -I../Drivers/STM32F1xx_HAL_Driver/Inc/Legacy -I../Drivers/CMSIS/Device/ST/STM32F1xx/Include -I../Drivers/CMSIS/Include -O0 -ffunction-sections -fdata-sections -Wall -fstack-usage -MMD -MP -MF"Core/Src/main.d" -MT"Core/Src/main.o" --specs=nano.specs -mfloat-abi=soft -mthumb -o "Core/Src/main.o"
arm-none-eabi-gcc -o "User Interface.elf" @"objects.list"   -mcpu=cortex-m3 -T"C:\Users\anima\Desktop\ENEL417\Main Microcontroller\User Interface\User Interface\STM32F103RBTX_FLASH.ld" --specs=nosys.specs -Wl,-Map="User Interface.map" -Wl,--gc-sections -static --specs=nano.specs -mfloat-abi=soft -mthumb -Wl,--start-group -lc -lm -Wl,--end-group
Finished building target: User Interface.elf
 
arm-none-eabi-size   User\ Interface.elf 
arm-none-eabi-objdump -h -S  User\ Interface.elf  > "User Interface.list"
arm-none-eabi-objcopy  -O binary  User\ Interface.elf  "User Interface.bin"
   text	   data	    bss	    dec	    hex	filename
   7888	     20	   1636	   9544	   2548	User Interface.elf
Finished building: default.size.stdout
 
Finished building: User Interface.bin
 
Finished building: User Interface.list
 
11:50:12 **** Incremental Build of configuration Debug for project User Interface ****
make -j12 all 
arm-none-eabi-size   User\ Interface.elf 
   text	   data	    bss	    dec	    hex	filename
   7888	     20	   1636	   9544	   2548	User Interface.elf
Finished building: default.size.stdout
 
11:58:03 **** Incremental Build of configuration Debug for project User Interface ****
make -j12 all 
arm-none-eabi-gcc "../Core/Src/main.c" -mcpu=cortex-m3 -std=gnu11 -g3 -DUSE_HAL_DRIVER -DSTM32F103xB -DDEBUG -c -I../Core/Inc -I../Drivers/STM32F1xx_HAL_Driver/Inc -I../Drivers/STM32F1xx_HAL_Driver/Inc/Legacy -I../Drivers/CMSIS/Device/ST/STM32F1xx/Include -I../Drivers/CMSIS/Include -O0 -ffunction-sections -fdata-sections -Wall -fstack-usage -MMD -MP -MF"Core/Src/main.d" -MT"Core/Src/main.o" --specs=nano.specs -mfloat-abi=soft -mthumb -o "Core/Src/main.o"
arm-none-eabi-gcc -o "User Interface.elf" @"objects.list"   -mcpu=cortex-m3 -T"C:\Users\anima\Desktop\ENEL417\Main Microcontroller\User Interface\User Interface\STM32F103RBTX_FLASH.ld" --specs=nosys.specs -Wl,-Map="User Interface.map" -Wl,--gc-sections -static --specs=nano.specs -mfloat-abi=soft -mthumb -Wl,--start-group -lc -lm -Wl,--end-group
Finished building target: User Interface.elf
 
arm-none-eabi-objdump -h -S  User\ Interface.elf  > "User Interface.list"
arm-none-eabi-objcopy  -O binary  User\ Interface.elf  "User Interface.bin"
arm-none-eabi-size   User\ Interface.elf 
   text	   data	    bss	    dec	    hex	filename
   7904	     20	   1636	   9560	   2558	User Interface.elf
Finished building: default.size.stdout
 
Finished building: User Interface.bin
Finished building: User Interface.list
 
 
12:03:52 **** Incremental Build of configuration Debug for project User Interface ****
make -j12 all 
arm-none-eabi-gcc "../Core/Src/main.c" -mcpu=cortex-m3 -std=gnu11 -g3 -DUSE_HAL_DRIVER -DSTM32F103xB -DDEBUG -c -I../Core/Inc -I../Drivers/STM32F1xx_HAL_Driver/Inc -I../Drivers/STM32F1xx_HAL_Driver/Inc/Legacy -I../Drivers/CMSIS/Device/ST/STM32F1xx/Include -I../Drivers/CMSIS/Include -O0 -ffunction-sections -fdata-sections -Wall -fstack-usage -MMD -MP -MF"Core/Src/main.d" -MT"Core/Src/main.o" --specs=nano.specs -mfloat-abi=soft -mthumb -o "Core/Src/main.o"
arm-none-eabi-gcc -o "User Interface.elf" @"objects.list"   -mcpu=cortex-m3 -T"C:\Users\anima\Desktop\ENEL417\Main Microcontroller\User Interface\User Interface\STM32F103RBTX_FLASH.ld" --specs=nosys.specs -Wl,-Map="User Interface.map" -Wl,--gc-sections -static --specs=nano.specs -mfloat-abi=soft -mthumb -Wl,--start-group -lc -lm -Wl,--end-group
Finished building target: User Interface.elf
 
arm-none-eabi-objdump -h -S  User\ Interface.elf  > "User Interface.list"
arm-none-eabi-objcopy  -O binary  User\ Interface.elf  "User Interface.bin"
arm-none-eabi-size   User\ Interface.elf 
   text	   data	    bss	    dec	    hex	filename
   7840	     20	   1636	   9496	   2518	User Interface.elf
Finished building: default.size.stdout
 
Finished building: User Interface.bin
Finished building: User Interface.list
 
 
12:09:03 **** Incremental Build of configuration Debug for project User Interface ****
make -j12 all 
arm-none-eabi-size   User\ Interface.elf 
   text	   data	    bss	    dec	    hex	filename
   7840	     20	   1636	   9496	   2518	User Interface.elf
Finished building: default.size.stdout
 
12:18:05 **** Incremental Build of configuration Debug for project User Interface ****
make -j12 all 
arm-none-eabi-gcc "../Core/Src/main.c" -mcpu=cortex-m3 -std=gnu11 -g3 -DUSE_HAL_DRIVER -DSTM32F103xB -DDEBUG -c -I../Core/Inc -I../Drivers/STM32F1xx_HAL_Driver/Inc -I../Drivers/STM32F1xx_HAL_Driver/Inc/Legacy -I../Drivers/CMSIS/Device/ST/STM32F1xx/Include -I../Drivers/CMSIS/Include -O0 -ffunction-sections -fdata-sections -Wall -fstack-usage -MMD -MP -MF"Core/Src/main.d" -MT"Core/Src/main.o" --specs=nano.specs -mfloat-abi=soft -mthumb -o "Core/Src/main.o"
arm-none-eabi-gcc -o "User Interface.elf" @"objects.list"   -mcpu=cortex-m3 -T"C:\Users\anima\Desktop\ENEL417\Main Microcontroller\User Interface\User Interface\STM32F103RBTX_FLASH.ld" --specs=nosys.specs -Wl,-Map="User Interface.map" -Wl,--gc-sections -static --specs=nano.specs -mfloat-abi=soft -mthumb -Wl,--start-group -lc -lm -Wl,--end-group
Finished building target: User Interface.elf
 
arm-none-eabi-objdump -h -S  User\ Interface.elf  > "User Interface.list"
arm-none-eabi-objcopy  -O binary  User\ Interface.elf  "User Interface.bin"
arm-none-eabi-size   User\ Interface.elf 
   text	   data	    bss	    dec	    hex	filename
   7864	     20	   1636	   9520	   2530	User Interface.elf
Finished building: default.size.stdout
 
Finished building: User Interface.bin
Finished building: User Interface.list
 
 
12:18:28 **** Incremental Build of configuration Debug for project User Interface ****
make -j12 all 
arm-none-eabi-size   User\ Interface.elf 
   text	   data	    bss	    dec	    hex	filename
   7864	     20	   1636	   9520	   2530	User Interface.elf
Finished building: default.size.stdout
 
12:26:20 **** Incremental Build of configuration Debug for project User Interface ****
make -j12 all 
arm-none-eabi-gcc "../Core/Src/main.c" -mcpu=cortex-m3 -std=gnu11 -g3 -DUSE_HAL_DRIVER -DSTM32F103xB -DDEBUG -c -I../Core/Inc -I../Drivers/STM32F1xx_HAL_Driver/Inc -I../Drivers/STM32F1xx_HAL_Driver/Inc/Legacy -I../Drivers/CMSIS/Device/ST/STM32F1xx/Include -I../Drivers/CMSIS/Include -O0 -ffunction-sections -fdata-sections -Wall -fstack-usage -MMD -MP -MF"Core/Src/main.d" -MT"Core/Src/main.o" --specs=nano.specs -mfloat-abi=soft -mthumb -o "Core/Src/main.o"
arm-none-eabi-gcc -o "User Interface.elf" @"objects.list"   -mcpu=cortex-m3 -T"C:\Users\anima\Desktop\ENEL417\Main Microcontroller\User Interface\User Interface\STM32F103RBTX_FLASH.ld" --specs=nosys.specs -Wl,-Map="User Interface.map" -Wl,--gc-sections -static --specs=nano.specs -mfloat-abi=soft -mthumb -Wl,--start-group -lc -lm -Wl,--end-group
Finished building target: User Interface.elf
 
arm-none-eabi-objdump -h -S  User\ Interface.elf  > "User Interface.list"
arm-none-eabi-objcopy  -O binary  User\ Interface.elf  "User Interface.bin"
arm-none-eabi-size   User\ Interface.elf 
   text	   data	    bss	    dec	    hex	filename
   7844	     20	   1636	   9500	   251c	User Interface.elf
Finished building: default.size.stdout
 
Finished building: User Interface.bin
Finished building: User Interface.list
 
 
14:19:35 **** Incremental Build of configuration Debug for project User Interface ****
make -j12 all 
arm-none-eabi-gcc "../Core/Src/main.c" -mcpu=cortex-m3 -std=gnu11 -g3 -DUSE_HAL_DRIVER -DSTM32F103xB -DDEBUG -c -I../Core/Inc -I../Drivers/STM32F1xx_HAL_Driver/Inc -I../Drivers/STM32F1xx_HAL_Driver/Inc/Legacy -I../Drivers/CMSIS/Device/ST/STM32F1xx/Include -I../Drivers/CMSIS/Include -O0 -ffunction-sections -fdata-sections -Wall -fstack-usage -MMD -MP -MF"Core/Src/main.d" -MT"Core/Src/main.o" --specs=nano.specs -mfloat-abi=soft -mthumb -o "Core/Src/main.o"
arm-none-eabi-gcc -o "User Interface.elf" @"objects.list"   -mcpu=cortex-m3 -T"C:\Users\anima\Desktop\ENEL417\Main Microcontroller\User Interface\User Interface\STM32F103RBTX_FLASH.ld" --specs=nosys.specs -Wl,-Map="User Interface.map" -Wl,--gc-sections -static --specs=nano.specs -mfloat-abi=soft -mthumb -Wl,--start-group -lc -lm -Wl,--end-group
Finished building target: User Interface.elf
 
arm-none-eabi-objdump -h -S  User\ Interface.elf  > "User Interface.list"
arm-none-eabi-objcopy  -O binary  User\ Interface.elf  "User Interface.bin"
arm-none-eabi-size   User\ Interface.elf 
   text	   data	    bss	    dec	    hex	filename
   8004	     20	   1636	   9660	   25bc	User Interface.elf
Finished building: default.size.stdout
 
Finished building: User Interface.bin
Finished building: User Interface.list
 
 
14:27:23 **** Incremental Build of configuration Debug for project User Interface ****
make -j12 all 
arm-none-eabi-size   User\ Interface.elf 
   text	   data	    bss	    dec	    hex	filename
   8004	     20	   1636	   9660	   25bc	User Interface.elf
Finished building: default.size.stdout
 
14:28:16 **** Incremental Build of configuration Debug for project User Interface ****
make -j12 all 
arm-none-eabi-size   User\ Interface.elf 
   text	   data	    bss	    dec	    hex	filename
   8004	     20	   1636	   9660	   25bc	User Interface.elf
Finished building: default.size.stdout
 
15:17:51 **** Incremental Build of configuration Debug for project User Interface ****
make -j12 all 
arm-none-eabi-gcc "../Core/Src/main.c" -mcpu=cortex-m3 -std=gnu11 -g3 -DUSE_HAL_DRIVER -DSTM32F103xB -DDEBUG -c -I../Core/Inc -I../Drivers/STM32F1xx_HAL_Driver/Inc -I../Drivers/STM32F1xx_HAL_Driver/Inc/Legacy -I../Drivers/CMSIS/Device/ST/STM32F1xx/Include -I../Drivers/CMSIS/Include -O0 -ffunction-sections -fdata-sections -Wall -fstack-usage -MMD -MP -MF"Core/Src/main.d" -MT"Core/Src/main.o" --specs=nano.specs -mfloat-abi=soft -mthumb -o "Core/Src/main.o"
../Core/Src/main.c: In function 'commandToLCD':
../Core/Src/main.c:436:2: warning: implicit declaration of function 'Hal_Delay'; did you mean 'HAL_Delay'? [-Wimplicit-function-declaration]
  Hal_Delay(5);
  ^~~~~~~~~
  HAL_Delay
arm-none-eabi-gcc -o "User Interface.elf" @"objects.list"   -mcpu=cortex-m3 -T"C:\Users\anima\Desktop\ENEL417\Main Microcontroller\User Interface\User Interface\STM32F103RBTX_FLASH.ld" --specs=nosys.specs -Wl,-Map="User Interface.map" -Wl,--gc-sections -static --specs=nano.specs -mfloat-abi=soft -mthumb -Wl,--start-group -lc -lm -Wl,--end-group
Core/Src/main.o: In function `commandToLCD':
C:/Users/anima/Desktop/ENEL417/Main Microcontroller/User Interface/User Interface/Debug/../Core/Src/main.c:436: undefined reference to `Hal_Delay'
C:/Users/anima/Desktop/ENEL417/Main Microcontroller/User Interface/User Interface/Debug/../Core/Src/main.c:447: undefined reference to `Hal_Delay'
collect2.exe: error: ld returned 1 exit status
make: *** [makefile:58: User Interface.elf] Error 1
"make -j12 all" terminated with exit code 2. Build might be incomplete.
15:18:14 **** Incremental Build of configuration Debug for project User Interface ****
make -j12 all 
arm-none-eabi-gcc "../Core/Src/main.c" -mcpu=cortex-m3 -std=gnu11 -g3 -DUSE_HAL_DRIVER -DSTM32F103xB -DDEBUG -c -I../Core/Inc -I../Drivers/STM32F1xx_HAL_Driver/Inc -I../Drivers/STM32F1xx_HAL_Driver/Inc/Legacy -I../Drivers/CMSIS/Device/ST/STM32F1xx/Include -I../Drivers/CMSIS/Include -O0 -ffunction-sections -fdata-sections -Wall -fstack-usage -MMD -MP -MF"Core/Src/main.d" -MT"Core/Src/main.o" --specs=nano.specs -mfloat-abi=soft -mthumb -o "Core/Src/main.o"
arm-none-eabi-gcc -o "User Interface.elf" @"objects.list"   -mcpu=cortex-m3 -T"C:\Users\anima\Desktop\ENEL417\Main Microcontroller\User Interface\User Interface\STM32F103RBTX_FLASH.ld" --specs=nosys.specs -Wl,-Map="User Interface.map" -Wl,--gc-sections -static --specs=nano.specs -mfloat-abi=soft -mthumb -Wl,--start-group -lc -lm -Wl,--end-group
Finished building target: User Interface.elf
 
arm-none-eabi-objdump -h -S  User\ Interface.elf  > "User Interface.list"
arm-none-eabi-objcopy  -O binary  User\ Interface.elf  "User Interface.bin"
arm-none-eabi-size   User\ Interface.elf 
   text	   data	    bss	    dec	    hex	filename
   8496	     20	   1636	  10152	   27a8	User Interface.elf
Finished building: default.size.stdout
 
Finished building: User Interface.bin
Finished building: User Interface.list
 
 
15:21:41 **** Incremental Build of configuration Debug for project User Interface ****
make -j12 all 
arm-none-eabi-gcc "../Core/Src/main.c" -mcpu=cortex-m3 -std=gnu11 -g3 -DUSE_HAL_DRIVER -DSTM32F103xB -DDEBUG -c -I../Core/Inc -I../Drivers/STM32F1xx_HAL_Driver/Inc -I../Drivers/STM32F1xx_HAL_Driver/Inc/Legacy -I../Drivers/CMSIS/Device/ST/STM32F1xx/Include -I../Drivers/CMSIS/Include -O0 -ffunction-sections -fdata-sections -Wall -fstack-usage -MMD -MP -MF"Core/Src/main.d" -MT"Core/Src/main.o" --specs=nano.specs -mfloat-abi=soft -mthumb -o "Core/Src/main.o"
arm-none-eabi-gcc -o "User Interface.elf" @"objects.list"   -mcpu=cortex-m3 -T"C:\Users\anima\Desktop\ENEL417\Main Microcontroller\User Interface\User Interface\STM32F103RBTX_FLASH.ld" --specs=nosys.specs -Wl,-Map="User Interface.map" -Wl,--gc-sections -static --specs=nano.specs -mfloat-abi=soft -mthumb -Wl,--start-group -lc -lm -Wl,--end-group
Finished building target: User Interface.elf
 
arm-none-eabi-objdump -h -S  User\ Interface.elf  > "User Interface.list"
arm-none-eabi-objcopy  -O binary  User\ Interface.elf  "User Interface.bin"
arm-none-eabi-size   User\ Interface.elf 
   text	   data	    bss	    dec	    hex	filename
   8496	     20	   1636	  10152	   27a8	User Interface.elf
Finished building: default.size.stdout
 
Finished building: User Interface.bin
Finished building: User Interface.list
 
 
15:43:59 **** Incremental Build of configuration Debug for project User Interface ****
make -j12 all 
arm-none-eabi-gcc "../Core/Src/main.c" -mcpu=cortex-m3 -std=gnu11 -g3 -DUSE_HAL_DRIVER -DSTM32F103xB -DDEBUG -c -I../Core/Inc -I../Drivers/STM32F1xx_HAL_Driver/Inc -I../Drivers/STM32F1xx_HAL_Driver/Inc/Legacy -I../Drivers/CMSIS/Device/ST/STM32F1xx/Include -I../Drivers/CMSIS/Include -O0 -ffunction-sections -fdata-sections -Wall -fstack-usage -MMD -MP -MF"Core/Src/main.d" -MT"Core/Src/main.o" --specs=nano.specs -mfloat-abi=soft -mthumb -o "Core/Src/main.o"
arm-none-eabi-gcc -o "User Interface.elf" @"objects.list"   -mcpu=cortex-m3 -T"C:\Users\anima\Desktop\ENEL417\Main Microcontroller\User Interface\User Interface\STM32F103RBTX_FLASH.ld" --specs=nosys.specs -Wl,-Map="User Interface.map" -Wl,--gc-sections -static --specs=nano.specs -mfloat-abi=soft -mthumb -Wl,--start-group -lc -lm -Wl,--end-group
Finished building target: User Interface.elf
 
arm-none-eabi-objdump -h -S  User\ Interface.elf  > "User Interface.list"
arm-none-eabi-objcopy  -O binary  User\ Interface.elf  "User Interface.bin"
arm-none-eabi-size   User\ Interface.elf 
   text	   data	    bss	    dec	    hex	filename
   8424	     20	   1636	  10080	   2760	User Interface.elf
Finished building: default.size.stdout
Finished building: User Interface.bin
 
Finished building: User Interface.list
 
 
15:44:39 **** Incremental Build of configuration Debug for project User Interface ****
make -j12 all 
arm-none-eabi-gcc "../Core/Src/main.c" -mcpu=cortex-m3 -std=gnu11 -g3 -DUSE_HAL_DRIVER -DSTM32F103xB -DDEBUG -c -I../Core/Inc -I../Drivers/STM32F1xx_HAL_Driver/Inc -I../Drivers/STM32F1xx_HAL_Driver/Inc/Legacy -I../Drivers/CMSIS/Device/ST/STM32F1xx/Include -I../Drivers/CMSIS/Include -O0 -ffunction-sections -fdata-sections -Wall -fstack-usage -MMD -MP -MF"Core/Src/main.d" -MT"Core/Src/main.o" --specs=nano.specs -mfloat-abi=soft -mthumb -o "Core/Src/main.o"
arm-none-eabi-gcc -o "User Interface.elf" @"objects.list"   -mcpu=cortex-m3 -T"C:\Users\anima\Desktop\ENEL417\Main Microcontroller\User Interface\User Interface\STM32F103RBTX_FLASH.ld" --specs=nosys.specs -Wl,-Map="User Interface.map" -Wl,--gc-sections -static --specs=nano.specs -mfloat-abi=soft -mthumb -Wl,--start-group -lc -lm -Wl,--end-group
Finished building target: User Interface.elf
 
arm-none-eabi-objdump -h -S  User\ Interface.elf  > "User Interface.list"
arm-none-eabi-objcopy  -O binary  User\ Interface.elf  "User Interface.bin"
arm-none-eabi-size   User\ Interface.elf 
   text	   data	    bss	    dec	    hex	filename
   8376	     20	   1636	  10032	   2730	User Interface.elf
Finished building: default.size.stdout
 
Finished building: User Interface.bin
Finished building: User Interface.list
 
 
15:50:57 **** Incremental Build of configuration Debug for project User Interface ****
make -j12 all 
arm-none-eabi-gcc "../Drivers/STM32F1xx_HAL_Driver/Src/stm32f1xx_hal.c" -mcpu=cortex-m3 -std=gnu11 -g3 -DUSE_HAL_DRIVER -DSTM32F103xB -DDEBUG -c -I../Core/Inc -I../Drivers/STM32F1xx_HAL_Driver/Inc -I../Drivers/STM32F1xx_HAL_Driver/Inc/Legacy -I../Drivers/CMSIS/Device/ST/STM32F1xx/Include -I../Drivers/CMSIS/Include -O0 -ffunction-sections -fdata-sections -Wall -fstack-usage -MMD -MP -MF"Drivers/STM32F1xx_HAL_Driver/Src/stm32f1xx_hal.d" -MT"Drivers/STM32F1xx_HAL_Driver/Src/stm32f1xx_hal.o" --specs=nano.specs -mfloat-abi=soft -mthumb -o "Drivers/STM32F1xx_HAL_Driver/Src/stm32f1xx_hal.o"
arm-none-eabi-gcc "../Drivers/STM32F1xx_HAL_Driver/Src/stm32f1xx_hal_cortex.c" -mcpu=cortex-m3 -std=gnu11 -g3 -DUSE_HAL_DRIVER -DSTM32F103xB -DDEBUG -c -I../Core/Inc -I../Drivers/STM32F1xx_HAL_Driver/Inc -I../Drivers/STM32F1xx_HAL_Driver/Inc/Legacy -I../Drivers/CMSIS/Device/ST/STM32F1xx/Include -I../Drivers/CMSIS/Include -O0 -ffunction-sections -fdata-sections -Wall -fstack-usage -MMD -MP -MF"Drivers/STM32F1xx_HAL_Driver/Src/stm32f1xx_hal_cortex.d" -MT"Drivers/STM32F1xx_HAL_Driver/Src/stm32f1xx_hal_cortex.o" --specs=nano.specs -mfloat-abi=soft -mthumb -o "Drivers/STM32F1xx_HAL_Driver/Src/stm32f1xx_hal_cortex.o"
arm-none-eabi-gcc "../Drivers/STM32F1xx_HAL_Driver/Src/stm32f1xx_hal_dma.c" -mcpu=cortex-m3 -std=gnu11 -g3 -DUSE_HAL_DRIVER -DSTM32F103xB -DDEBUG -c -I../Core/Inc -I../Drivers/STM32F1xx_HAL_Driver/Inc -I../Drivers/STM32F1xx_HAL_Driver/Inc/Legacy -I../Drivers/CMSIS/Device/ST/STM32F1xx/Include -I../Drivers/CMSIS/Include -O0 -ffunction-sections -fdata-sections -Wall -fstack-usage -MMD -MP -MF"Drivers/STM32F1xx_HAL_Driver/Src/stm32f1xx_hal_dma.d" -MT"Drivers/STM32F1xx_HAL_Driver/Src/stm32f1xx_hal_dma.o" --specs=nano.specs -mfloat-abi=soft -mthumb -o "Drivers/STM32F1xx_HAL_Driver/Src/stm32f1xx_hal_dma.o"
arm-none-eabi-gcc "../Drivers/STM32F1xx_HAL_Driver/Src/stm32f1xx_hal_exti.c" -mcpu=cortex-m3 -std=gnu11 -g3 -DUSE_HAL_DRIVER -DSTM32F103xB -DDEBUG -c -I../Core/Inc -I../Drivers/STM32F1xx_HAL_Driver/Inc -I../Drivers/STM32F1xx_HAL_Driver/Inc/Legacy -I../Drivers/CMSIS/Device/ST/STM32F1xx/Include -I../Drivers/CMSIS/Include -O0 -ffunction-sections -fdata-sections -Wall -fstack-usage -MMD -MP -MF"Drivers/STM32F1xx_HAL_Driver/Src/stm32f1xx_hal_exti.d" -MT"Drivers/STM32F1xx_HAL_Driver/Src/stm32f1xx_hal_exti.o" --specs=nano.specs -mfloat-abi=soft -mthumb -o "Drivers/STM32F1xx_HAL_Driver/Src/stm32f1xx_hal_exti.o"
arm-none-eabi-gcc "../Drivers/STM32F1xx_HAL_Driver/Src/stm32f1xx_hal_flash.c" -mcpu=cortex-m3 -std=gnu11 -g3 -DUSE_HAL_DRIVER -DSTM32F103xB -DDEBUG -c -I../Core/Inc -I../Drivers/STM32F1xx_HAL_Driver/Inc -I../Drivers/STM32F1xx_HAL_Driver/Inc/Legacy -I../Drivers/CMSIS/Device/ST/STM32F1xx/Include -I../Drivers/CMSIS/Include -O0 -ffunction-sections -fdata-sections -Wall -fstack-usage -MMD -MP -MF"Drivers/STM32F1xx_HAL_Driver/Src/stm32f1xx_hal_flash.d" -MT"Drivers/STM32F1xx_HAL_Driver/Src/stm32f1xx_hal_flash.o" --specs=nano.specs -mfloat-abi=soft -mthumb -o "Drivers/STM32F1xx_HAL_Driver/Src/stm32f1xx_hal_flash.o"
arm-none-eabi-gcc "../Drivers/STM32F1xx_HAL_Driver/Src/stm32f1xx_hal_flash_ex.c" -mcpu=cortex-m3 -std=gnu11 -g3 -DUSE_HAL_DRIVER -DSTM32F103xB -DDEBUG -c -I../Core/Inc -I../Drivers/STM32F1xx_HAL_Driver/Inc -I../Drivers/STM32F1xx_HAL_Driver/Inc/Legacy -I../Drivers/CMSIS/Device/ST/STM32F1xx/Include -I../Drivers/CMSIS/Include -O0 -ffunction-sections -fdata-sections -Wall -fstack-usage -MMD -MP -MF"Drivers/STM32F1xx_HAL_Driver/Src/stm32f1xx_hal_flash_ex.d" -MT"Drivers/STM32F1xx_HAL_Driver/Src/stm32f1xx_hal_flash_ex.o" --specs=nano.specs -mfloat-abi=soft -mthumb -o "Drivers/STM32F1xx_HAL_Driver/Src/stm32f1xx_hal_flash_ex.o"
arm-none-eabi-gcc "../Drivers/STM32F1xx_HAL_Driver/Src/stm32f1xx_hal_gpio.c" -mcpu=cortex-m3 -std=gnu11 -g3 -DUSE_HAL_DRIVER -DSTM32F103xB -DDEBUG -c -I../Core/Inc -I../Drivers/STM32F1xx_HAL_Driver/Inc -I../Drivers/STM32F1xx_HAL_Driver/Inc/Legacy -I../Drivers/CMSIS/Device/ST/STM32F1xx/Include -I../Drivers/CMSIS/Include -O0 -ffunction-sections -fdata-sections -Wall -fstack-usage -MMD -MP -MF"Drivers/STM32F1xx_HAL_Driver/Src/stm32f1xx_hal_gpio.d" -MT"Drivers/STM32F1xx_HAL_Driver/Src/stm32f1xx_hal_gpio.o" --specs=nano.specs -mfloat-abi=soft -mthumb -o "Drivers/STM32F1xx_HAL_Driver/Src/stm32f1xx_hal_gpio.o"
arm-none-eabi-gcc "../Drivers/STM32F1xx_HAL_Driver/Src/stm32f1xx_hal_gpio_ex.c" -mcpu=cortex-m3 -std=gnu11 -g3 -DUSE_HAL_DRIVER -DSTM32F103xB -DDEBUG -c -I../Core/Inc -I../Drivers/STM32F1xx_HAL_Driver/Inc -I../Drivers/STM32F1xx_HAL_Driver/Inc/Legacy -I../Drivers/CMSIS/Device/ST/STM32F1xx/Include -I../Drivers/CMSIS/Include -O0 -ffunction-sections -fdata-sections -Wall -fstack-usage -MMD -MP -MF"Drivers/STM32F1xx_HAL_Driver/Src/stm32f1xx_hal_gpio_ex.d" -MT"Drivers/STM32F1xx_HAL_Driver/Src/stm32f1xx_hal_gpio_ex.o" --specs=nano.specs -mfloat-abi=soft -mthumb -o "Drivers/STM32F1xx_HAL_Driver/Src/stm32f1xx_hal_gpio_ex.o"
arm-none-eabi-gcc "../Drivers/STM32F1xx_HAL_Driver/Src/stm32f1xx_hal_pwr.c" -mcpu=cortex-m3 -std=gnu11 -g3 -DUSE_HAL_DRIVER -DSTM32F103xB -DDEBUG -c -I../Core/Inc -I../Drivers/STM32F1xx_HAL_Driver/Inc -I../Drivers/STM32F1xx_HAL_Driver/Inc/Legacy -I../Drivers/CMSIS/Device/ST/STM32F1xx/Include -I../Drivers/CMSIS/Include -O0 -ffunction-sections -fdata-sections -Wall -fstack-usage -MMD -MP -MF"Drivers/STM32F1xx_HAL_Driver/Src/stm32f1xx_hal_pwr.d" -MT"Drivers/STM32F1xx_HAL_Driver/Src/stm32f1xx_hal_pwr.o" --specs=nano.specs -mfloat-abi=soft -mthumb -o "Drivers/STM32F1xx_HAL_Driver/Src/stm32f1xx_hal_pwr.o"
arm-none-eabi-gcc "../Drivers/STM32F1xx_HAL_Driver/Src/stm32f1xx_hal_rcc.c" -mcpu=cortex-m3 -std=gnu11 -g3 -DUSE_HAL_DRIVER -DSTM32F103xB -DDEBUG -c -I../Core/Inc -I../Drivers/STM32F1xx_HAL_Driver/Inc -I../Drivers/STM32F1xx_HAL_Driver/Inc/Legacy -I../Drivers/CMSIS/Device/ST/STM32F1xx/Include -I../Drivers/CMSIS/Include -O0 -ffunction-sections -fdata-sections -Wall -fstack-usage -MMD -MP -MF"Drivers/STM32F1xx_HAL_Driver/Src/stm32f1xx_hal_rcc.d" -MT"Drivers/STM32F1xx_HAL_Driver/Src/stm32f1xx_hal_rcc.o" --specs=nano.specs -mfloat-abi=soft -mthumb -o "Drivers/STM32F1xx_HAL_Driver/Src/stm32f1xx_hal_rcc.o"
arm-none-eabi-gcc "../Drivers/STM32F1xx_HAL_Driver/Src/stm32f1xx_hal_rcc_ex.c" -mcpu=cortex-m3 -std=gnu11 -g3 -DUSE_HAL_DRIVER -DSTM32F103xB -DDEBUG -c -I../Core/Inc -I../Drivers/STM32F1xx_HAL_Driver/Inc -I../Drivers/STM32F1xx_HAL_Driver/Inc/Legacy -I../Drivers/CMSIS/Device/ST/STM32F1xx/Include -I../Drivers/CMSIS/Include -O0 -ffunction-sections -fdata-sections -Wall -fstack-usage -MMD -MP -MF"Drivers/STM32F1xx_HAL_Driver/Src/stm32f1xx_hal_rcc_ex.d" -MT"Drivers/STM32F1xx_HAL_Driver/Src/stm32f1xx_hal_rcc_ex.o" --specs=nano.specs -mfloat-abi=soft -mthumb -o "Drivers/STM32F1xx_HAL_Driver/Src/stm32f1xx_hal_rcc_ex.o"
arm-none-eabi-gcc "../Drivers/STM32F1xx_HAL_Driver/Src/stm32f1xx_hal_tim.c" -mcpu=cortex-m3 -std=gnu11 -g3 -DUSE_HAL_DRIVER -DSTM32F103xB -DDEBUG -c -I../Core/Inc -I../Drivers/STM32F1xx_HAL_Driver/Inc -I../Drivers/STM32F1xx_HAL_Driver/Inc/Legacy -I../Drivers/CMSIS/Device/ST/STM32F1xx/Include -I../Drivers/CMSIS/Include -O0 -ffunction-sections -fdata-sections -Wall -fstack-usage -MMD -MP -MF"Drivers/STM32F1xx_HAL_Driver/Src/stm32f1xx_hal_tim.d" -MT"Drivers/STM32F1xx_HAL_Driver/Src/stm32f1xx_hal_tim.o" --specs=nano.specs -mfloat-abi=soft -mthumb -o "Drivers/STM32F1xx_HAL_Driver/Src/stm32f1xx_hal_tim.o"
arm-none-eabi-gcc "../Drivers/STM32F1xx_HAL_Driver/Src/stm32f1xx_hal_tim_ex.c" -mcpu=cortex-m3 -std=gnu11 -g3 -DUSE_HAL_DRIVER -DSTM32F103xB -DDEBUG -c -I../Core/Inc -I../Drivers/STM32F1xx_HAL_Driver/Inc -I../Drivers/STM32F1xx_HAL_Driver/Inc/Legacy -I../Drivers/CMSIS/Device/ST/STM32F1xx/Include -I../Drivers/CMSIS/Include -O0 -ffunction-sections -fdata-sections -Wall -fstack-usage -MMD -MP -MF"Drivers/STM32F1xx_HAL_Driver/Src/stm32f1xx_hal_tim_ex.d" -MT"Drivers/STM32F1xx_HAL_Driver/Src/stm32f1xx_hal_tim_ex.o" --specs=nano.specs -mfloat-abi=soft -mthumb -o "Drivers/STM32F1xx_HAL_Driver/Src/stm32f1xx_hal_tim_ex.o"
arm-none-eabi-gcc "../Drivers/STM32F1xx_HAL_Driver/Src/stm32f1xx_hal_uart.c" -mcpu=cortex-m3 -std=gnu11 -g3 -DUSE_HAL_DRIVER -DSTM32F103xB -DDEBUG -c -I../Core/Inc -I../Drivers/STM32F1xx_HAL_Driver/Inc -I../Drivers/STM32F1xx_HAL_Driver/Inc/Legacy -I../Drivers/CMSIS/Device/ST/STM32F1xx/Include -I../Drivers/CMSIS/Include -O0 -ffunction-sections -fdata-sections -Wall -fstack-usage -MMD -MP -MF"Drivers/STM32F1xx_HAL_Driver/Src/stm32f1xx_hal_uart.d" -MT"Drivers/STM32F1xx_HAL_Driver/Src/stm32f1xx_hal_uart.o" --specs=nano.specs -mfloat-abi=soft -mthumb -o "Drivers/STM32F1xx_HAL_Driver/Src/stm32f1xx_hal_uart.o"
arm-none-eabi-gcc "../Core/Src/main.c" -mcpu=cortex-m3 -std=gnu11 -g3 -DUSE_HAL_DRIVER -DSTM32F103xB -DDEBUG -c -I../Core/Inc -I../Drivers/STM32F1xx_HAL_Driver/Inc -I../Drivers/STM32F1xx_HAL_Driver/Inc/Legacy -I../Drivers/CMSIS/Device/ST/STM32F1xx/Include -I../Drivers/CMSIS/Include -O0 -ffunction-sections -fdata-sections -Wall -fstack-usage -MMD -MP -MF"Core/Src/main.d" -MT"Core/Src/main.o" --specs=nano.specs -mfloat-abi=soft -mthumb -o "Core/Src/main.o"
arm-none-eabi-gcc "../Core/Src/stm32f1xx_hal_msp.c" -mcpu=cortex-m3 -std=gnu11 -g3 -DUSE_HAL_DRIVER -DSTM32F103xB -DDEBUG -c -I../Core/Inc -I../Drivers/STM32F1xx_HAL_Driver/Inc -I../Drivers/STM32F1xx_HAL_Driver/Inc/Legacy -I../Drivers/CMSIS/Device/ST/STM32F1xx/Include -I../Drivers/CMSIS/Include -O0 -ffunction-sections -fdata-sections -Wall -fstack-usage -MMD -MP -MF"Core/Src/stm32f1xx_hal_msp.d" -MT"Core/Src/stm32f1xx_hal_msp.o" --specs=nano.specs -mfloat-abi=soft -mthumb -o "Core/Src/stm32f1xx_hal_msp.o"
arm-none-eabi-gcc "../Core/Src/stm32f1xx_it.c" -mcpu=cortex-m3 -std=gnu11 -g3 -DUSE_HAL_DRIVER -DSTM32F103xB -DDEBUG -c -I../Core/Inc -I../Drivers/STM32F1xx_HAL_Driver/Inc -I../Drivers/STM32F1xx_HAL_Driver/Inc/Legacy -I../Drivers/CMSIS/Device/ST/STM32F1xx/Include -I../Drivers/CMSIS/Include -O0 -ffunction-sections -fdata-sections -Wall -fstack-usage -MMD -MP -MF"Core/Src/stm32f1xx_it.d" -MT"Core/Src/stm32f1xx_it.o" --specs=nano.specs -mfloat-abi=soft -mthumb -o "Core/Src/stm32f1xx_it.o"
arm-none-eabi-gcc "../Core/Src/system_stm32f1xx.c" -mcpu=cortex-m3 -std=gnu11 -g3 -DUSE_HAL_DRIVER -DSTM32F103xB -DDEBUG -c -I../Core/Inc -I../Drivers/STM32F1xx_HAL_Driver/Inc -I../Drivers/STM32F1xx_HAL_Driver/Inc/Legacy -I../Drivers/CMSIS/Device/ST/STM32F1xx/Include -I../Drivers/CMSIS/Include -O0 -ffunction-sections -fdata-sections -Wall -fstack-usage -MMD -MP -MF"Core/Src/system_stm32f1xx.d" -MT"Core/Src/system_stm32f1xx.o" --specs=nano.specs -mfloat-abi=soft -mthumb -o "Core/Src/system_stm32f1xx.o"
arm-none-eabi-gcc -o "User Interface.elf" @"objects.list"   -mcpu=cortex-m3 -T"C:\Users\anima\Desktop\ENEL417\Main Microcontroller\User Interface\User Interface\STM32F103RBTX_FLASH.ld" --specs=nosys.specs -Wl,-Map="User Interface.map" -Wl,--gc-sections -static --specs=nano.specs -mfloat-abi=soft -mthumb -Wl,--start-group -lc -lm -Wl,--end-group
Finished building target: User Interface.elf
 
arm-none-eabi-objdump -h -S  User\ Interface.elf  > "User Interface.list"
arm-none-eabi-objcopy  -O binary  User\ Interface.elf  "User Interface.bin"
arm-none-eabi-size   User\ Interface.elf 
   text	   data	    bss	    dec	    hex	filename
   8376	     20	   1636	  10032	   2730	User Interface.elf
Finished building: default.size.stdout
 
Finished building: User Interface.bin
Finished building: User Interface.list
 
 
15:52:02 **** Incremental Build of configuration Debug for project User Interface ****
make -j12 all 
arm-none-eabi-gcc "../Core/Src/main.c" -mcpu=cortex-m3 -std=gnu11 -g3 -DUSE_HAL_DRIVER -DSTM32F103xB -DDEBUG -c -I../Core/Inc -I../Drivers/STM32F1xx_HAL_Driver/Inc -I../Drivers/STM32F1xx_HAL_Driver/Inc/Legacy -I../Drivers/CMSIS/Device/ST/STM32F1xx/Include -I../Drivers/CMSIS/Include -O0 -ffunction-sections -fdata-sections -Wall -fstack-usage -MMD -MP -MF"Core/Src/main.d" -MT"Core/Src/main.o" --specs=nano.specs -mfloat-abi=soft -mthumb -o "Core/Src/main.o"
arm-none-eabi-gcc -o "User Interface.elf" @"objects.list"   -mcpu=cortex-m3 -T"C:\Users\anima\Desktop\ENEL417\Main Microcontroller\User Interface\User Interface\STM32F103RBTX_FLASH.ld" --specs=nosys.specs -Wl,-Map="User Interface.map" -Wl,--gc-sections -static --specs=nano.specs -mfloat-abi=soft -mthumb -Wl,--start-group -lc -lm -Wl,--end-group
Finished building target: User Interface.elf
 
arm-none-eabi-objdump -h -S  User\ Interface.elf  > "User Interface.list"
arm-none-eabi-objcopy  -O binary  User\ Interface.elf  "User Interface.bin"
arm-none-eabi-size   User\ Interface.elf 
   text	   data	    bss	    dec	    hex	filename
   8484	     20	   1636	  10140	   279c	User Interface.elf
Finished building: default.size.stdout
 
Finished building: User Interface.bin
Finished building: User Interface.list
 
 
15:52:43 **** Incremental Build of configuration Debug for project User Interface ****
make -j12 all 
arm-none-eabi-size   User\ Interface.elf 
   text	   data	    bss	    dec	    hex	filename
   8484	     20	   1636	  10140	   279c	User Interface.elf
Finished building: default.size.stdout
 
15:53:09 **** Incremental Build of configuration Debug for project User Interface ****
make -j12 all 
arm-none-eabi-size   User\ Interface.elf 
   text	   data	    bss	    dec	    hex	filename
   8484	     20	   1636	  10140	   279c	User Interface.elf
Finished building: default.size.stdout
 
15:53:59 **** Incremental Build of configuration Debug for project User Interface ****
make -j12 all 
arm-none-eabi-size   User\ Interface.elf 
   text	   data	    bss	    dec	    hex	filename
   8484	     20	   1636	  10140	   279c	User Interface.elf
Finished building: default.size.stdout
 
15:59:27 **** Incremental Build of configuration Debug for project User Interface ****
make -j12 all 
arm-none-eabi-gcc "../Core/Src/main.c" -mcpu=cortex-m3 -std=gnu11 -g3 -DUSE_HAL_DRIVER -DSTM32F103xB -DDEBUG -c -I../Core/Inc -I../Drivers/STM32F1xx_HAL_Driver/Inc -I../Drivers/STM32F1xx_HAL_Driver/Inc/Legacy -I../Drivers/CMSIS/Device/ST/STM32F1xx/Include -I../Drivers/CMSIS/Include -O0 -ffunction-sections -fdata-sections -Wall -fstack-usage -MMD -MP -MF"Core/Src/main.d" -MT"Core/Src/main.o" --specs=nano.specs -mfloat-abi=soft -mthumb -o "Core/Src/main.o"
arm-none-eabi-gcc -o "User Interface.elf" @"objects.list"   -mcpu=cortex-m3 -T"C:\Users\anima\Desktop\ENEL417\Main Microcontroller\User Interface\User Interface\STM32F103RBTX_FLASH.ld" --specs=nosys.specs -Wl,-Map="User Interface.map" -Wl,--gc-sections -static --specs=nano.specs -mfloat-abi=soft -mthumb -Wl,--start-group -lc -lm -Wl,--end-group
Finished building target: User Interface.elf
 
arm-none-eabi-objdump -h -S  User\ Interface.elf  > "User Interface.list"
arm-none-eabi-objcopy  -O binary  User\ Interface.elf  "User Interface.bin"
arm-none-eabi-size   User\ Interface.elf 
   text	   data	    bss	    dec	    hex	filename
   8016	     20	   1636	   9672	   25c8	User Interface.elf
Finished building: default.size.stdout
 
Finished building: User Interface.bin
Finished building: User Interface.list
 
 
16:54:54 **** Incremental Build of configuration Debug for project User Interface ****
make -j12 all 
arm-none-eabi-gcc "../Core/Src/main.c" -mcpu=cortex-m3 -std=gnu11 -g3 -DUSE_HAL_DRIVER -DSTM32F103xB -DDEBUG -c -I../Core/Inc -I../Drivers/STM32F1xx_HAL_Driver/Inc -I../Drivers/STM32F1xx_HAL_Driver/Inc/Legacy -I../Drivers/CMSIS/Device/ST/STM32F1xx/Include -I../Drivers/CMSIS/Include -O0 -ffunction-sections -fdata-sections -Wall -fstack-usage -MMD -MP -MF"Core/Src/main.d" -MT"Core/Src/main.o" --specs=nano.specs -mfloat-abi=soft -mthumb -o "Core/Src/main.o"
../Core/Src/main.c: In function 'main':
../Core/Src/main.c:264:30: warning: unused variable 'L' [-Wunused-variable]
    int A,B,C,D,E,F,G,H,I,J,K,L;
                              ^
../Core/Src/main.c:264:28: warning: unused variable 'K' [-Wunused-variable]
    int A,B,C,D,E,F,G,H,I,J,K,L;
                            ^
../Core/Src/main.c:264:26: warning: unused variable 'J' [-Wunused-variable]
    int A,B,C,D,E,F,G,H,I,J,K,L;
                          ^
../Core/Src/main.c:264:24: warning: unused variable 'I' [-Wunused-variable]
    int A,B,C,D,E,F,G,H,I,J,K,L;
                        ^
../Core/Src/main.c:264:22: warning: unused variable 'H' [-Wunused-variable]
    int A,B,C,D,E,F,G,H,I,J,K,L;
                      ^
../Core/Src/main.c:264:20: warning: unused variable 'G' [-Wunused-variable]
    int A,B,C,D,E,F,G,H,I,J,K,L;
                    ^
../Core/Src/main.c:264:18: warning: unused variable 'F' [-Wunused-variable]
    int A,B,C,D,E,F,G,H,I,J,K,L;
                  ^
../Core/Src/main.c:264:16: warning: unused variable 'E' [-Wunused-variable]
    int A,B,C,D,E,F,G,H,I,J,K,L;
                ^
../Core/Src/main.c:264:14: warning: unused variable 'D' [-Wunused-variable]
    int A,B,C,D,E,F,G,H,I,J,K,L;
              ^
../Core/Src/main.c:264:12: warning: unused variable 'C' [-Wunused-variable]
    int A,B,C,D,E,F,G,H,I,J,K,L;
            ^
../Core/Src/main.c:264:10: warning: unused variable 'B' [-Wunused-variable]
    int A,B,C,D,E,F,G,H,I,J,K,L;
          ^
../Core/Src/main.c:264:8: warning: unused variable 'A' [-Wunused-variable]
    int A,B,C,D,E,F,G,H,I,J,K,L;
        ^
arm-none-eabi-gcc -o "User Interface.elf" @"objects.list"   -mcpu=cortex-m3 -T"C:\Users\anima\Desktop\ENEL417\Main Microcontroller\User Interface\User Interface\STM32F103RBTX_FLASH.ld" --specs=nosys.specs -Wl,-Map="User Interface.map" -Wl,--gc-sections -static --specs=nano.specs -mfloat-abi=soft -mthumb -Wl,--start-group -lc -lm -Wl,--end-group
Finished building target: User Interface.elf
 
arm-none-eabi-objdump -h -S  User\ Interface.elf  > "User Interface.list"
arm-none-eabi-objcopy  -O binary  User\ Interface.elf  "User Interface.bin"
arm-none-eabi-size   User\ Interface.elf 
   text	   data	    bss	    dec	    hex	filename
   8140	     20	   1636	   9796	   2644	User Interface.elf
Finished building: default.size.stdout
 
Finished building: User Interface.bin
Finished building: User Interface.list
 
 
16:55:38 **** Incremental Build of configuration Debug for project User Interface ****
make -j12 all 
arm-none-eabi-gcc "../Core/Src/main.c" -mcpu=cortex-m3 -std=gnu11 -g3 -DUSE_HAL_DRIVER -DSTM32F103xB -DDEBUG -c -I../Core/Inc -I../Drivers/STM32F1xx_HAL_Driver/Inc -I../Drivers/STM32F1xx_HAL_Driver/Inc/Legacy -I../Drivers/CMSIS/Device/ST/STM32F1xx/Include -I../Drivers/CMSIS/Include -O0 -ffunction-sections -fdata-sections -Wall -fstack-usage -MMD -MP -MF"Core/Src/main.d" -MT"Core/Src/main.o" --specs=nano.specs -mfloat-abi=soft -mthumb -o "Core/Src/main.o"
../Core/Src/main.c: In function 'main':
../Core/Src/main.c:264:30: warning: unused variable 'L' [-Wunused-variable]
    int A,B,C,D,E,F,G,H,I,J,K,L;
                              ^
../Core/Src/main.c:264:28: warning: unused variable 'K' [-Wunused-variable]
    int A,B,C,D,E,F,G,H,I,J,K,L;
                            ^
../Core/Src/main.c:264:26: warning: unused variable 'J' [-Wunused-variable]
    int A,B,C,D,E,F,G,H,I,J,K,L;
                          ^
../Core/Src/main.c:264:24: warning: unused variable 'I' [-Wunused-variable]
    int A,B,C,D,E,F,G,H,I,J,K,L;
                        ^
../Core/Src/main.c:264:22: warning: unused variable 'H' [-Wunused-variable]
    int A,B,C,D,E,F,G,H,I,J,K,L;
                      ^
../Core/Src/main.c:264:20: warning: unused variable 'G' [-Wunused-variable]
    int A,B,C,D,E,F,G,H,I,J,K,L;
                    ^
../Core/Src/main.c:264:18: warning: unused variable 'F' [-Wunused-variable]
    int A,B,C,D,E,F,G,H,I,J,K,L;
                  ^
../Core/Src/main.c:264:16: warning: unused variable 'E' [-Wunused-variable]
    int A,B,C,D,E,F,G,H,I,J,K,L;
                ^
../Core/Src/main.c:264:14: warning: unused variable 'D' [-Wunused-variable]
    int A,B,C,D,E,F,G,H,I,J,K,L;
              ^
../Core/Src/main.c:264:12: warning: unused variable 'C' [-Wunused-variable]
    int A,B,C,D,E,F,G,H,I,J,K,L;
            ^
../Core/Src/main.c:264:10: warning: unused variable 'B' [-Wunused-variable]
    int A,B,C,D,E,F,G,H,I,J,K,L;
          ^
../Core/Src/main.c:264:8: warning: unused variable 'A' [-Wunused-variable]
    int A,B,C,D,E,F,G,H,I,J,K,L;
        ^
arm-none-eabi-gcc -o "User Interface.elf" @"objects.list"   -mcpu=cortex-m3 -T"C:\Users\anima\Desktop\ENEL417\Main Microcontroller\User Interface\User Interface\STM32F103RBTX_FLASH.ld" --specs=nosys.specs -Wl,-Map="User Interface.map" -Wl,--gc-sections -static --specs=nano.specs -mfloat-abi=soft -mthumb -Wl,--start-group -lc -lm -Wl,--end-group
Finished building target: User Interface.elf
 
arm-none-eabi-objdump -h -S  User\ Interface.elf  > "User Interface.list"
arm-none-eabi-objcopy  -O binary  User\ Interface.elf  "User Interface.bin"
arm-none-eabi-size   User\ Interface.elf 
   text	   data	    bss	    dec	    hex	filename
   8136	     20	   1636	   9792	   2640	User Interface.elf
Finished building: default.size.stdout
 
Finished building: User Interface.bin
Finished building: User Interface.list
 
 
16:57:39 **** Incremental Build of configuration Debug for project User Interface ****
make -j12 all 
arm-none-eabi-gcc "../Core/Src/main.c" -mcpu=cortex-m3 -std=gnu11 -g3 -DUSE_HAL_DRIVER -DSTM32F103xB -DDEBUG -c -I../Core/Inc -I../Drivers/STM32F1xx_HAL_Driver/Inc -I../Drivers/STM32F1xx_HAL_Driver/Inc/Legacy -I../Drivers/CMSIS/Device/ST/STM32F1xx/Include -I../Drivers/CMSIS/Include -O0 -ffunction-sections -fdata-sections -Wall -fstack-usage -MMD -MP -MF"Core/Src/main.d" -MT"Core/Src/main.o" --specs=nano.specs -mfloat-abi=soft -mthumb -o "Core/Src/main.o"
arm-none-eabi-gcc -o "User Interface.elf" @"objects.list"   -mcpu=cortex-m3 -T"C:\Users\anima\Desktop\ENEL417\Main Microcontroller\User Interface\User Interface\STM32F103RBTX_FLASH.ld" --specs=nosys.specs -Wl,-Map="User Interface.map" -Wl,--gc-sections -static --specs=nano.specs -mfloat-abi=soft -mthumb -Wl,--start-group -lc -lm -Wl,--end-group
Finished building target: User Interface.elf
 
arm-none-eabi-objdump -h -S  User\ Interface.elf  > "User Interface.list"
arm-none-eabi-objcopy  -O binary  User\ Interface.elf  "User Interface.bin"
arm-none-eabi-size   User\ Interface.elf 
   text	   data	    bss	    dec	    hex	filename
   7896	     20	   1636	   9552	   2550	User Interface.elf
Finished building: default.size.stdout
 
Finished building: User Interface.bin
Finished building: User Interface.list
 
 
16:58:06 **** Incremental Build of configuration Debug for project User Interface ****
make -j12 all 
arm-none-eabi-size   User\ Interface.elf 
   text	   data	    bss	    dec	    hex	filename
   7896	     20	   1636	   9552	   2550	User Interface.elf
Finished building: default.size.stdout
 
16:58:42 **** Incremental Build of configuration Debug for project User Interface ****
make -j12 all 
arm-none-eabi-gcc "../Core/Src/main.c" -mcpu=cortex-m3 -std=gnu11 -g3 -DUSE_HAL_DRIVER -DSTM32F103xB -DDEBUG -c -I../Core/Inc -I../Drivers/STM32F1xx_HAL_Driver/Inc -I../Drivers/STM32F1xx_HAL_Driver/Inc/Legacy -I../Drivers/CMSIS/Device/ST/STM32F1xx/Include -I../Drivers/CMSIS/Include -O0 -ffunction-sections -fdata-sections -Wall -fstack-usage -MMD -MP -MF"Core/Src/main.d" -MT"Core/Src/main.o" --specs=nano.specs -mfloat-abi=soft -mthumb -o "Core/Src/main.o"
arm-none-eabi-gcc -o "User Interface.elf" @"objects.list"   -mcpu=cortex-m3 -T"C:\Users\anima\Desktop\ENEL417\Main Microcontroller\User Interface\User Interface\STM32F103RBTX_FLASH.ld" --specs=nosys.specs -Wl,-Map="User Interface.map" -Wl,--gc-sections -static --specs=nano.specs -mfloat-abi=soft -mthumb -Wl,--start-group -lc -lm -Wl,--end-group
Finished building target: User Interface.elf
 
arm-none-eabi-objdump -h -S  User\ Interface.elf  > "User Interface.list"
arm-none-eabi-objcopy  -O binary  User\ Interface.elf  "User Interface.bin"
arm-none-eabi-size   User\ Interface.elf 
   text	   data	    bss	    dec	    hex	filename
   7908	     20	   1636	   9564	   255c	User Interface.elf
Finished building: default.size.stdout
 
Finished building: User Interface.bin
Finished building: User Interface.list
 
 
16:59:08 **** Incremental Build of configuration Debug for project User Interface ****
make -j12 all 
arm-none-eabi-gcc "../Core/Src/main.c" -mcpu=cortex-m3 -std=gnu11 -g3 -DUSE_HAL_DRIVER -DSTM32F103xB -DDEBUG -c -I../Core/Inc -I../Drivers/STM32F1xx_HAL_Driver/Inc -I../Drivers/STM32F1xx_HAL_Driver/Inc/Legacy -I../Drivers/CMSIS/Device/ST/STM32F1xx/Include -I../Drivers/CMSIS/Include -O0 -ffunction-sections -fdata-sections -Wall -fstack-usage -MMD -MP -MF"Core/Src/main.d" -MT"Core/Src/main.o" --specs=nano.specs -mfloat-abi=soft -mthumb -o "Core/Src/main.o"
arm-none-eabi-gcc -o "User Interface.elf" @"objects.list"   -mcpu=cortex-m3 -T"C:\Users\anima\Desktop\ENEL417\Main Microcontroller\User Interface\User Interface\STM32F103RBTX_FLASH.ld" --specs=nosys.specs -Wl,-Map="User Interface.map" -Wl,--gc-sections -static --specs=nano.specs -mfloat-abi=soft -mthumb -Wl,--start-group -lc -lm -Wl,--end-group
Finished building target: User Interface.elf
 
arm-none-eabi-objdump -h -S  User\ Interface.elf  > "User Interface.list"
arm-none-eabi-objcopy  -O binary  User\ Interface.elf  "User Interface.bin"
arm-none-eabi-size   User\ Interface.elf 
   text	   data	    bss	    dec	    hex	filename
   7872	     20	   1636	   9528	   2538	User Interface.elf
Finished building: default.size.stdout
 
Finished building: User Interface.bin
Finished building: User Interface.list
 
 
17:16:48 **** Incremental Build of configuration Debug for project User Interface ****
make -j12 all 
arm-none-eabi-gcc "../Core/Src/main.c" -mcpu=cortex-m3 -std=gnu11 -g3 -DUSE_HAL_DRIVER -DSTM32F103xB -DDEBUG -c -I../Core/Inc -I../Drivers/STM32F1xx_HAL_Driver/Inc -I../Drivers/STM32F1xx_HAL_Driver/Inc/Legacy -I../Drivers/CMSIS/Device/ST/STM32F1xx/Include -I../Drivers/CMSIS/Include -O0 -ffunction-sections -fdata-sections -Wall -fstack-usage -MMD -MP -MF"Core/Src/main.d" -MT"Core/Src/main.o" --specs=nano.specs -mfloat-abi=soft -mthumb -o "Core/Src/main.o"
arm-none-eabi-gcc -o "User Interface.elf" @"objects.list"   -mcpu=cortex-m3 -T"C:\Users\anima\Desktop\ENEL417\Main Microcontroller\User Interface\User Interface\STM32F103RBTX_FLASH.ld" --specs=nosys.specs -Wl,-Map="User Interface.map" -Wl,--gc-sections -static --specs=nano.specs -mfloat-abi=soft -mthumb -Wl,--start-group -lc -lm -Wl,--end-group
Finished building target: User Interface.elf
 
arm-none-eabi-objdump -h -S  User\ Interface.elf  > "User Interface.list"
arm-none-eabi-objcopy  -O binary  User\ Interface.elf  "User Interface.bin"
arm-none-eabi-size   User\ Interface.elf 
   text	   data	    bss	    dec	    hex	filename
   9292	     20	   1636	  10948	   2ac4	User Interface.elf
Finished building: default.size.stdout
 
Finished building: User Interface.list
Finished building: User Interface.bin
 
 
17:30:06 **** Incremental Build of configuration Debug for project User Interface ****
make -j12 all 
arm-none-eabi-gcc "../Core/Src/main.c" -mcpu=cortex-m3 -std=gnu11 -g3 -DUSE_HAL_DRIVER -DSTM32F103xB -DDEBUG -c -I../Core/Inc -I../Drivers/STM32F1xx_HAL_Driver/Inc -I../Drivers/STM32F1xx_HAL_Driver/Inc/Legacy -I../Drivers/CMSIS/Device/ST/STM32F1xx/Include -I../Drivers/CMSIS/Include -O0 -ffunction-sections -fdata-sections -Wall -fstack-usage -MMD -MP -MF"Core/Src/main.d" -MT"Core/Src/main.o" --specs=nano.specs -mfloat-abi=soft -mthumb -o "Core/Src/main.o"
arm-none-eabi-gcc -o "User Interface.elf" @"objects.list"   -mcpu=cortex-m3 -T"C:\Users\anima\Desktop\ENEL417\Main Microcontroller\User Interface\User Interface\STM32F103RBTX_FLASH.ld" --specs=nosys.specs -Wl,-Map="User Interface.map" -Wl,--gc-sections -static --specs=nano.specs -mfloat-abi=soft -mthumb -Wl,--start-group -lc -lm -Wl,--end-group
Finished building target: User Interface.elf
 
arm-none-eabi-objdump -h -S  User\ Interface.elf  > "User Interface.list"
arm-none-eabi-objcopy  -O binary  User\ Interface.elf  "User Interface.bin"
arm-none-eabi-size   User\ Interface.elf 
   text	   data	    bss	    dec	    hex	filename
   9332	     20	   1636	  10988	   2aec	User Interface.elf
Finished building: default.size.stdout
 
Finished building: User Interface.list
Finished building: User Interface.bin
 
 
17:37:07 **** Incremental Build of configuration Debug for project User Interface ****
make -j12 all 
arm-none-eabi-gcc "../Drivers/STM32F1xx_HAL_Driver/Src/stm32f1xx_hal.c" -mcpu=cortex-m3 -std=gnu11 -g3 -DUSE_HAL_DRIVER -DSTM32F103xB -DDEBUG -c -I../Core/Inc -I../Drivers/STM32F1xx_HAL_Driver/Inc -I../Drivers/STM32F1xx_HAL_Driver/Inc/Legacy -I../Drivers/CMSIS/Device/ST/STM32F1xx/Include -I../Drivers/CMSIS/Include -O0 -ffunction-sections -fdata-sections -Wall -fstack-usage -MMD -MP -MF"Drivers/STM32F1xx_HAL_Driver/Src/stm32f1xx_hal.d" -MT"Drivers/STM32F1xx_HAL_Driver/Src/stm32f1xx_hal.o" --specs=nano.specs -mfloat-abi=soft -mthumb -o "Drivers/STM32F1xx_HAL_Driver/Src/stm32f1xx_hal.o"
arm-none-eabi-gcc "../Drivers/STM32F1xx_HAL_Driver/Src/stm32f1xx_hal_cortex.c" -mcpu=cortex-m3 -std=gnu11 -g3 -DUSE_HAL_DRIVER -DSTM32F103xB -DDEBUG -c -I../Core/Inc -I../Drivers/STM32F1xx_HAL_Driver/Inc -I../Drivers/STM32F1xx_HAL_Driver/Inc/Legacy -I../Drivers/CMSIS/Device/ST/STM32F1xx/Include -I../Drivers/CMSIS/Include -O0 -ffunction-sections -fdata-sections -Wall -fstack-usage -MMD -MP -MF"Drivers/STM32F1xx_HAL_Driver/Src/stm32f1xx_hal_cortex.d" -MT"Drivers/STM32F1xx_HAL_Driver/Src/stm32f1xx_hal_cortex.o" --specs=nano.specs -mfloat-abi=soft -mthumb -o "Drivers/STM32F1xx_HAL_Driver/Src/stm32f1xx_hal_cortex.o"
arm-none-eabi-gcc "../Drivers/STM32F1xx_HAL_Driver/Src/stm32f1xx_hal_dma.c" -mcpu=cortex-m3 -std=gnu11 -g3 -DUSE_HAL_DRIVER -DSTM32F103xB -DDEBUG -c -I../Core/Inc -I../Drivers/STM32F1xx_HAL_Driver/Inc -I../Drivers/STM32F1xx_HAL_Driver/Inc/Legacy -I../Drivers/CMSIS/Device/ST/STM32F1xx/Include -I../Drivers/CMSIS/Include -O0 -ffunction-sections -fdata-sections -Wall -fstack-usage -MMD -MP -MF"Drivers/STM32F1xx_HAL_Driver/Src/stm32f1xx_hal_dma.d" -MT"Drivers/STM32F1xx_HAL_Driver/Src/stm32f1xx_hal_dma.o" --specs=nano.specs -mfloat-abi=soft -mthumb -o "Drivers/STM32F1xx_HAL_Driver/Src/stm32f1xx_hal_dma.o"
arm-none-eabi-gcc "../Drivers/STM32F1xx_HAL_Driver/Src/stm32f1xx_hal_exti.c" -mcpu=cortex-m3 -std=gnu11 -g3 -DUSE_HAL_DRIVER -DSTM32F103xB -DDEBUG -c -I../Core/Inc -I../Drivers/STM32F1xx_HAL_Driver/Inc -I../Drivers/STM32F1xx_HAL_Driver/Inc/Legacy -I../Drivers/CMSIS/Device/ST/STM32F1xx/Include -I../Drivers/CMSIS/Include -O0 -ffunction-sections -fdata-sections -Wall -fstack-usage -MMD -MP -MF"Drivers/STM32F1xx_HAL_Driver/Src/stm32f1xx_hal_exti.d" -MT"Drivers/STM32F1xx_HAL_Driver/Src/stm32f1xx_hal_exti.o" --specs=nano.specs -mfloat-abi=soft -mthumb -o "Drivers/STM32F1xx_HAL_Driver/Src/stm32f1xx_hal_exti.o"
arm-none-eabi-gcc "../Drivers/STM32F1xx_HAL_Driver/Src/stm32f1xx_hal_flash.c" -mcpu=cortex-m3 -std=gnu11 -g3 -DUSE_HAL_DRIVER -DSTM32F103xB -DDEBUG -c -I../Core/Inc -I../Drivers/STM32F1xx_HAL_Driver/Inc -I../Drivers/STM32F1xx_HAL_Driver/Inc/Legacy -I../Drivers/CMSIS/Device/ST/STM32F1xx/Include -I../Drivers/CMSIS/Include -O0 -ffunction-sections -fdata-sections -Wall -fstack-usage -MMD -MP -MF"Drivers/STM32F1xx_HAL_Driver/Src/stm32f1xx_hal_flash.d" -MT"Drivers/STM32F1xx_HAL_Driver/Src/stm32f1xx_hal_flash.o" --specs=nano.specs -mfloat-abi=soft -mthumb -o "Drivers/STM32F1xx_HAL_Driver/Src/stm32f1xx_hal_flash.o"
arm-none-eabi-gcc "../Drivers/STM32F1xx_HAL_Driver/Src/stm32f1xx_hal_flash_ex.c" -mcpu=cortex-m3 -std=gnu11 -g3 -DUSE_HAL_DRIVER -DSTM32F103xB -DDEBUG -c -I../Core/Inc -I../Drivers/STM32F1xx_HAL_Driver/Inc -I../Drivers/STM32F1xx_HAL_Driver/Inc/Legacy -I../Drivers/CMSIS/Device/ST/STM32F1xx/Include -I../Drivers/CMSIS/Include -O0 -ffunction-sections -fdata-sections -Wall -fstack-usage -MMD -MP -MF"Drivers/STM32F1xx_HAL_Driver/Src/stm32f1xx_hal_flash_ex.d" -MT"Drivers/STM32F1xx_HAL_Driver/Src/stm32f1xx_hal_flash_ex.o" --specs=nano.specs -mfloat-abi=soft -mthumb -o "Drivers/STM32F1xx_HAL_Driver/Src/stm32f1xx_hal_flash_ex.o"
arm-none-eabi-gcc "../Drivers/STM32F1xx_HAL_Driver/Src/stm32f1xx_hal_gpio.c" -mcpu=cortex-m3 -std=gnu11 -g3 -DUSE_HAL_DRIVER -DSTM32F103xB -DDEBUG -c -I../Core/Inc -I../Drivers/STM32F1xx_HAL_Driver/Inc -I../Drivers/STM32F1xx_HAL_Driver/Inc/Legacy -I../Drivers/CMSIS/Device/ST/STM32F1xx/Include -I../Drivers/CMSIS/Include -O0 -ffunction-sections -fdata-sections -Wall -fstack-usage -MMD -MP -MF"Drivers/STM32F1xx_HAL_Driver/Src/stm32f1xx_hal_gpio.d" -MT"Drivers/STM32F1xx_HAL_Driver/Src/stm32f1xx_hal_gpio.o" --specs=nano.specs -mfloat-abi=soft -mthumb -o "Drivers/STM32F1xx_HAL_Driver/Src/stm32f1xx_hal_gpio.o"
arm-none-eabi-gcc "../Drivers/STM32F1xx_HAL_Driver/Src/stm32f1xx_hal_gpio_ex.c" -mcpu=cortex-m3 -std=gnu11 -g3 -DUSE_HAL_DRIVER -DSTM32F103xB -DDEBUG -c -I../Core/Inc -I../Drivers/STM32F1xx_HAL_Driver/Inc -I../Drivers/STM32F1xx_HAL_Driver/Inc/Legacy -I../Drivers/CMSIS/Device/ST/STM32F1xx/Include -I../Drivers/CMSIS/Include -O0 -ffunction-sections -fdata-sections -Wall -fstack-usage -MMD -MP -MF"Drivers/STM32F1xx_HAL_Driver/Src/stm32f1xx_hal_gpio_ex.d" -MT"Drivers/STM32F1xx_HAL_Driver/Src/stm32f1xx_hal_gpio_ex.o" --specs=nano.specs -mfloat-abi=soft -mthumb -o "Drivers/STM32F1xx_HAL_Driver/Src/stm32f1xx_hal_gpio_ex.o"
arm-none-eabi-gcc "../Drivers/STM32F1xx_HAL_Driver/Src/stm32f1xx_hal_pwr.c" -mcpu=cortex-m3 -std=gnu11 -g3 -DUSE_HAL_DRIVER -DSTM32F103xB -DDEBUG -c -I../Core/Inc -I../Drivers/STM32F1xx_HAL_Driver/Inc -I../Drivers/STM32F1xx_HAL_Driver/Inc/Legacy -I../Drivers/CMSIS/Device/ST/STM32F1xx/Include -I../Drivers/CMSIS/Include -O0 -ffunction-sections -fdata-sections -Wall -fstack-usage -MMD -MP -MF"Drivers/STM32F1xx_HAL_Driver/Src/stm32f1xx_hal_pwr.d" -MT"Drivers/STM32F1xx_HAL_Driver/Src/stm32f1xx_hal_pwr.o" --specs=nano.specs -mfloat-abi=soft -mthumb -o "Drivers/STM32F1xx_HAL_Driver/Src/stm32f1xx_hal_pwr.o"
arm-none-eabi-gcc "../Drivers/STM32F1xx_HAL_Driver/Src/stm32f1xx_hal_rcc.c" -mcpu=cortex-m3 -std=gnu11 -g3 -DUSE_HAL_DRIVER -DSTM32F103xB -DDEBUG -c -I../Core/Inc -I../Drivers/STM32F1xx_HAL_Driver/Inc -I../Drivers/STM32F1xx_HAL_Driver/Inc/Legacy -I../Drivers/CMSIS/Device/ST/STM32F1xx/Include -I../Drivers/CMSIS/Include -O0 -ffunction-sections -fdata-sections -Wall -fstack-usage -MMD -MP -MF"Drivers/STM32F1xx_HAL_Driver/Src/stm32f1xx_hal_rcc.d" -MT"Drivers/STM32F1xx_HAL_Driver/Src/stm32f1xx_hal_rcc.o" --specs=nano.specs -mfloat-abi=soft -mthumb -o "Drivers/STM32F1xx_HAL_Driver/Src/stm32f1xx_hal_rcc.o"
arm-none-eabi-gcc "../Drivers/STM32F1xx_HAL_Driver/Src/stm32f1xx_hal_rcc_ex.c" -mcpu=cortex-m3 -std=gnu11 -g3 -DUSE_HAL_DRIVER -DSTM32F103xB -DDEBUG -c -I../Core/Inc -I../Drivers/STM32F1xx_HAL_Driver/Inc -I../Drivers/STM32F1xx_HAL_Driver/Inc/Legacy -I../Drivers/CMSIS/Device/ST/STM32F1xx/Include -I../Drivers/CMSIS/Include -O0 -ffunction-sections -fdata-sections -Wall -fstack-usage -MMD -MP -MF"Drivers/STM32F1xx_HAL_Driver/Src/stm32f1xx_hal_rcc_ex.d" -MT"Drivers/STM32F1xx_HAL_Driver/Src/stm32f1xx_hal_rcc_ex.o" --specs=nano.specs -mfloat-abi=soft -mthumb -o "Drivers/STM32F1xx_HAL_Driver/Src/stm32f1xx_hal_rcc_ex.o"
arm-none-eabi-gcc "../Drivers/STM32F1xx_HAL_Driver/Src/stm32f1xx_hal_tim.c" -mcpu=cortex-m3 -std=gnu11 -g3 -DUSE_HAL_DRIVER -DSTM32F103xB -DDEBUG -c -I../Core/Inc -I../Drivers/STM32F1xx_HAL_Driver/Inc -I../Drivers/STM32F1xx_HAL_Driver/Inc/Legacy -I../Drivers/CMSIS/Device/ST/STM32F1xx/Include -I../Drivers/CMSIS/Include -O0 -ffunction-sections -fdata-sections -Wall -fstack-usage -MMD -MP -MF"Drivers/STM32F1xx_HAL_Driver/Src/stm32f1xx_hal_tim.d" -MT"Drivers/STM32F1xx_HAL_Driver/Src/stm32f1xx_hal_tim.o" --specs=nano.specs -mfloat-abi=soft -mthumb -o "Drivers/STM32F1xx_HAL_Driver/Src/stm32f1xx_hal_tim.o"
arm-none-eabi-gcc "../Drivers/STM32F1xx_HAL_Driver/Src/stm32f1xx_hal_tim_ex.c" -mcpu=cortex-m3 -std=gnu11 -g3 -DUSE_HAL_DRIVER -DSTM32F103xB -DDEBUG -c -I../Core/Inc -I../Drivers/STM32F1xx_HAL_Driver/Inc -I../Drivers/STM32F1xx_HAL_Driver/Inc/Legacy -I../Drivers/CMSIS/Device/ST/STM32F1xx/Include -I../Drivers/CMSIS/Include -O0 -ffunction-sections -fdata-sections -Wall -fstack-usage -MMD -MP -MF"Drivers/STM32F1xx_HAL_Driver/Src/stm32f1xx_hal_tim_ex.d" -MT"Drivers/STM32F1xx_HAL_Driver/Src/stm32f1xx_hal_tim_ex.o" --specs=nano.specs -mfloat-abi=soft -mthumb -o "Drivers/STM32F1xx_HAL_Driver/Src/stm32f1xx_hal_tim_ex.o"
arm-none-eabi-gcc "../Drivers/STM32F1xx_HAL_Driver/Src/stm32f1xx_hal_uart.c" -mcpu=cortex-m3 -std=gnu11 -g3 -DUSE_HAL_DRIVER -DSTM32F103xB -DDEBUG -c -I../Core/Inc -I../Drivers/STM32F1xx_HAL_Driver/Inc -I../Drivers/STM32F1xx_HAL_Driver/Inc/Legacy -I../Drivers/CMSIS/Device/ST/STM32F1xx/Include -I../Drivers/CMSIS/Include -O0 -ffunction-sections -fdata-sections -Wall -fstack-usage -MMD -MP -MF"Drivers/STM32F1xx_HAL_Driver/Src/stm32f1xx_hal_uart.d" -MT"Drivers/STM32F1xx_HAL_Driver/Src/stm32f1xx_hal_uart.o" --specs=nano.specs -mfloat-abi=soft -mthumb -o "Drivers/STM32F1xx_HAL_Driver/Src/stm32f1xx_hal_uart.o"
arm-none-eabi-gcc "../Core/Src/main.c" -mcpu=cortex-m3 -std=gnu11 -g3 -DUSE_HAL_DRIVER -DSTM32F103xB -DDEBUG -c -I../Core/Inc -I../Drivers/STM32F1xx_HAL_Driver/Inc -I../Drivers/STM32F1xx_HAL_Driver/Inc/Legacy -I../Drivers/CMSIS/Device/ST/STM32F1xx/Include -I../Drivers/CMSIS/Include -O0 -ffunction-sections -fdata-sections -Wall -fstack-usage -MMD -MP -MF"Core/Src/main.d" -MT"Core/Src/main.o" --specs=nano.specs -mfloat-abi=soft -mthumb -o "Core/Src/main.o"
arm-none-eabi-gcc "../Core/Src/stm32f1xx_hal_msp.c" -mcpu=cortex-m3 -std=gnu11 -g3 -DUSE_HAL_DRIVER -DSTM32F103xB -DDEBUG -c -I../Core/Inc -I../Drivers/STM32F1xx_HAL_Driver/Inc -I../Drivers/STM32F1xx_HAL_Driver/Inc/Legacy -I../Drivers/CMSIS/Device/ST/STM32F1xx/Include -I../Drivers/CMSIS/Include -O0 -ffunction-sections -fdata-sections -Wall -fstack-usage -MMD -MP -MF"Core/Src/stm32f1xx_hal_msp.d" -MT"Core/Src/stm32f1xx_hal_msp.o" --specs=nano.specs -mfloat-abi=soft -mthumb -o "Core/Src/stm32f1xx_hal_msp.o"
arm-none-eabi-gcc "../Core/Src/stm32f1xx_it.c" -mcpu=cortex-m3 -std=gnu11 -g3 -DUSE_HAL_DRIVER -DSTM32F103xB -DDEBUG -c -I../Core/Inc -I../Drivers/STM32F1xx_HAL_Driver/Inc -I../Drivers/STM32F1xx_HAL_Driver/Inc/Legacy -I../Drivers/CMSIS/Device/ST/STM32F1xx/Include -I../Drivers/CMSIS/Include -O0 -ffunction-sections -fdata-sections -Wall -fstack-usage -MMD -MP -MF"Core/Src/stm32f1xx_it.d" -MT"Core/Src/stm32f1xx_it.o" --specs=nano.specs -mfloat-abi=soft -mthumb -o "Core/Src/stm32f1xx_it.o"
arm-none-eabi-gcc "../Core/Src/system_stm32f1xx.c" -mcpu=cortex-m3 -std=gnu11 -g3 -DUSE_HAL_DRIVER -DSTM32F103xB -DDEBUG -c -I../Core/Inc -I../Drivers/STM32F1xx_HAL_Driver/Inc -I../Drivers/STM32F1xx_HAL_Driver/Inc/Legacy -I../Drivers/CMSIS/Device/ST/STM32F1xx/Include -I../Drivers/CMSIS/Include -O0 -ffunction-sections -fdata-sections -Wall -fstack-usage -MMD -MP -MF"Core/Src/system_stm32f1xx.d" -MT"Core/Src/system_stm32f1xx.o" --specs=nano.specs -mfloat-abi=soft -mthumb -o "Core/Src/system_stm32f1xx.o"
arm-none-eabi-gcc -o "User Interface.elf" @"objects.list"   -mcpu=cortex-m3 -T"C:\Users\anima\Desktop\ENEL417\Main Microcontroller\User Interface\User Interface\STM32F103RBTX_FLASH.ld" --specs=nosys.specs -Wl,-Map="User Interface.map" -Wl,--gc-sections -static --specs=nano.specs -mfloat-abi=soft -mthumb -Wl,--start-group -lc -lm -Wl,--end-group
Finished building target: User Interface.elf
 
arm-none-eabi-objdump -h -S  User\ Interface.elf  > "User Interface.list"
arm-none-eabi-objcopy  -O binary  User\ Interface.elf  "User Interface.bin"
arm-none-eabi-size   User\ Interface.elf 
   text	   data	    bss	    dec	    hex	filename
   9332	     20	   1636	  10988	   2aec	User Interface.elf
Finished building: default.size.stdout
 
Finished building: User Interface.bin
Finished building: User Interface.list
 
 
17:47:59 **** Incremental Build of configuration Debug for project User Interface ****
make -j12 all 
arm-none-eabi-size   User\ Interface.elf 
   text	   data	    bss	    dec	    hex	filename
   9332	     20	   1636	  10988	   2aec	User Interface.elf
Finished building: default.size.stdout
 
17:52:01 **** Incremental Build of configuration Debug for project User Interface ****
make -j12 all 
arm-none-eabi-gcc "../Drivers/STM32F1xx_HAL_Driver/Src/stm32f1xx_hal.c" -mcpu=cortex-m3 -std=gnu11 -g3 -DUSE_HAL_DRIVER -DSTM32F103xB -DDEBUG -c -I../Core/Inc -I../Drivers/STM32F1xx_HAL_Driver/Inc -I../Drivers/STM32F1xx_HAL_Driver/Inc/Legacy -I../Drivers/CMSIS/Device/ST/STM32F1xx/Include -I../Drivers/CMSIS/Include -O0 -ffunction-sections -fdata-sections -Wall -fstack-usage -MMD -MP -MF"Drivers/STM32F1xx_HAL_Driver/Src/stm32f1xx_hal.d" -MT"Drivers/STM32F1xx_HAL_Driver/Src/stm32f1xx_hal.o" --specs=nano.specs -mfloat-abi=soft -mthumb -o "Drivers/STM32F1xx_HAL_Driver/Src/stm32f1xx_hal.o"
arm-none-eabi-gcc "../Drivers/STM32F1xx_HAL_Driver/Src/stm32f1xx_hal_cortex.c" -mcpu=cortex-m3 -std=gnu11 -g3 -DUSE_HAL_DRIVER -DSTM32F103xB -DDEBUG -c -I../Core/Inc -I../Drivers/STM32F1xx_HAL_Driver/Inc -I../Drivers/STM32F1xx_HAL_Driver/Inc/Legacy -I../Drivers/CMSIS/Device/ST/STM32F1xx/Include -I../Drivers/CMSIS/Include -O0 -ffunction-sections -fdata-sections -Wall -fstack-usage -MMD -MP -MF"Drivers/STM32F1xx_HAL_Driver/Src/stm32f1xx_hal_cortex.d" -MT"Drivers/STM32F1xx_HAL_Driver/Src/stm32f1xx_hal_cortex.o" --specs=nano.specs -mfloat-abi=soft -mthumb -o "Drivers/STM32F1xx_HAL_Driver/Src/stm32f1xx_hal_cortex.o"
arm-none-eabi-gcc "../Drivers/STM32F1xx_HAL_Driver/Src/stm32f1xx_hal_dma.c" -mcpu=cortex-m3 -std=gnu11 -g3 -DUSE_HAL_DRIVER -DSTM32F103xB -DDEBUG -c -I../Core/Inc -I../Drivers/STM32F1xx_HAL_Driver/Inc -I../Drivers/STM32F1xx_HAL_Driver/Inc/Legacy -I../Drivers/CMSIS/Device/ST/STM32F1xx/Include -I../Drivers/CMSIS/Include -O0 -ffunction-sections -fdata-sections -Wall -fstack-usage -MMD -MP -MF"Drivers/STM32F1xx_HAL_Driver/Src/stm32f1xx_hal_dma.d" -MT"Drivers/STM32F1xx_HAL_Driver/Src/stm32f1xx_hal_dma.o" --specs=nano.specs -mfloat-abi=soft -mthumb -o "Drivers/STM32F1xx_HAL_Driver/Src/stm32f1xx_hal_dma.o"
arm-none-eabi-gcc "../Drivers/STM32F1xx_HAL_Driver/Src/stm32f1xx_hal_exti.c" -mcpu=cortex-m3 -std=gnu11 -g3 -DUSE_HAL_DRIVER -DSTM32F103xB -DDEBUG -c -I../Core/Inc -I../Drivers/STM32F1xx_HAL_Driver/Inc -I../Drivers/STM32F1xx_HAL_Driver/Inc/Legacy -I../Drivers/CMSIS/Device/ST/STM32F1xx/Include -I../Drivers/CMSIS/Include -O0 -ffunction-sections -fdata-sections -Wall -fstack-usage -MMD -MP -MF"Drivers/STM32F1xx_HAL_Driver/Src/stm32f1xx_hal_exti.d" -MT"Drivers/STM32F1xx_HAL_Driver/Src/stm32f1xx_hal_exti.o" --specs=nano.specs -mfloat-abi=soft -mthumb -o "Drivers/STM32F1xx_HAL_Driver/Src/stm32f1xx_hal_exti.o"
arm-none-eabi-gcc "../Drivers/STM32F1xx_HAL_Driver/Src/stm32f1xx_hal_flash.c" -mcpu=cortex-m3 -std=gnu11 -g3 -DUSE_HAL_DRIVER -DSTM32F103xB -DDEBUG -c -I../Core/Inc -I../Drivers/STM32F1xx_HAL_Driver/Inc -I../Drivers/STM32F1xx_HAL_Driver/Inc/Legacy -I../Drivers/CMSIS/Device/ST/STM32F1xx/Include -I../Drivers/CMSIS/Include -O0 -ffunction-sections -fdata-sections -Wall -fstack-usage -MMD -MP -MF"Drivers/STM32F1xx_HAL_Driver/Src/stm32f1xx_hal_flash.d" -MT"Drivers/STM32F1xx_HAL_Driver/Src/stm32f1xx_hal_flash.o" --specs=nano.specs -mfloat-abi=soft -mthumb -o "Drivers/STM32F1xx_HAL_Driver/Src/stm32f1xx_hal_flash.o"
arm-none-eabi-gcc "../Drivers/STM32F1xx_HAL_Driver/Src/stm32f1xx_hal_flash_ex.c" -mcpu=cortex-m3 -std=gnu11 -g3 -DUSE_HAL_DRIVER -DSTM32F103xB -DDEBUG -c -I../Core/Inc -I../Drivers/STM32F1xx_HAL_Driver/Inc -I../Drivers/STM32F1xx_HAL_Driver/Inc/Legacy -I../Drivers/CMSIS/Device/ST/STM32F1xx/Include -I../Drivers/CMSIS/Include -O0 -ffunction-sections -fdata-sections -Wall -fstack-usage -MMD -MP -MF"Drivers/STM32F1xx_HAL_Driver/Src/stm32f1xx_hal_flash_ex.d" -MT"Drivers/STM32F1xx_HAL_Driver/Src/stm32f1xx_hal_flash_ex.o" --specs=nano.specs -mfloat-abi=soft -mthumb -o "Drivers/STM32F1xx_HAL_Driver/Src/stm32f1xx_hal_flash_ex.o"
arm-none-eabi-gcc "../Drivers/STM32F1xx_HAL_Driver/Src/stm32f1xx_hal_gpio.c" -mcpu=cortex-m3 -std=gnu11 -g3 -DUSE_HAL_DRIVER -DSTM32F103xB -DDEBUG -c -I../Core/Inc -I../Drivers/STM32F1xx_HAL_Driver/Inc -I../Drivers/STM32F1xx_HAL_Driver/Inc/Legacy -I../Drivers/CMSIS/Device/ST/STM32F1xx/Include -I../Drivers/CMSIS/Include -O0 -ffunction-sections -fdata-sections -Wall -fstack-usage -MMD -MP -MF"Drivers/STM32F1xx_HAL_Driver/Src/stm32f1xx_hal_gpio.d" -MT"Drivers/STM32F1xx_HAL_Driver/Src/stm32f1xx_hal_gpio.o" --specs=nano.specs -mfloat-abi=soft -mthumb -o "Drivers/STM32F1xx_HAL_Driver/Src/stm32f1xx_hal_gpio.o"
arm-none-eabi-gcc "../Drivers/STM32F1xx_HAL_Driver/Src/stm32f1xx_hal_gpio_ex.c" -mcpu=cortex-m3 -std=gnu11 -g3 -DUSE_HAL_DRIVER -DSTM32F103xB -DDEBUG -c -I../Core/Inc -I../Drivers/STM32F1xx_HAL_Driver/Inc -I../Drivers/STM32F1xx_HAL_Driver/Inc/Legacy -I../Drivers/CMSIS/Device/ST/STM32F1xx/Include -I../Drivers/CMSIS/Include -O0 -ffunction-sections -fdata-sections -Wall -fstack-usage -MMD -MP -MF"Drivers/STM32F1xx_HAL_Driver/Src/stm32f1xx_hal_gpio_ex.d" -MT"Drivers/STM32F1xx_HAL_Driver/Src/stm32f1xx_hal_gpio_ex.o" --specs=nano.specs -mfloat-abi=soft -mthumb -o "Drivers/STM32F1xx_HAL_Driver/Src/stm32f1xx_hal_gpio_ex.o"
arm-none-eabi-gcc "../Drivers/STM32F1xx_HAL_Driver/Src/stm32f1xx_hal_pwr.c" -mcpu=cortex-m3 -std=gnu11 -g3 -DUSE_HAL_DRIVER -DSTM32F103xB -DDEBUG -c -I../Core/Inc -I../Drivers/STM32F1xx_HAL_Driver/Inc -I../Drivers/STM32F1xx_HAL_Driver/Inc/Legacy -I../Drivers/CMSIS/Device/ST/STM32F1xx/Include -I../Drivers/CMSIS/Include -O0 -ffunction-sections -fdata-sections -Wall -fstack-usage -MMD -MP -MF"Drivers/STM32F1xx_HAL_Driver/Src/stm32f1xx_hal_pwr.d" -MT"Drivers/STM32F1xx_HAL_Driver/Src/stm32f1xx_hal_pwr.o" --specs=nano.specs -mfloat-abi=soft -mthumb -o "Drivers/STM32F1xx_HAL_Driver/Src/stm32f1xx_hal_pwr.o"
arm-none-eabi-gcc "../Drivers/STM32F1xx_HAL_Driver/Src/stm32f1xx_hal_rcc.c" -mcpu=cortex-m3 -std=gnu11 -g3 -DUSE_HAL_DRIVER -DSTM32F103xB -DDEBUG -c -I../Core/Inc -I../Drivers/STM32F1xx_HAL_Driver/Inc -I../Drivers/STM32F1xx_HAL_Driver/Inc/Legacy -I../Drivers/CMSIS/Device/ST/STM32F1xx/Include -I../Drivers/CMSIS/Include -O0 -ffunction-sections -fdata-sections -Wall -fstack-usage -MMD -MP -MF"Drivers/STM32F1xx_HAL_Driver/Src/stm32f1xx_hal_rcc.d" -MT"Drivers/STM32F1xx_HAL_Driver/Src/stm32f1xx_hal_rcc.o" --specs=nano.specs -mfloat-abi=soft -mthumb -o "Drivers/STM32F1xx_HAL_Driver/Src/stm32f1xx_hal_rcc.o"
arm-none-eabi-gcc "../Drivers/STM32F1xx_HAL_Driver/Src/stm32f1xx_hal_rcc_ex.c" -mcpu=cortex-m3 -std=gnu11 -g3 -DUSE_HAL_DRIVER -DSTM32F103xB -DDEBUG -c -I../Core/Inc -I../Drivers/STM32F1xx_HAL_Driver/Inc -I../Drivers/STM32F1xx_HAL_Driver/Inc/Legacy -I../Drivers/CMSIS/Device/ST/STM32F1xx/Include -I../Drivers/CMSIS/Include -O0 -ffunction-sections -fdata-sections -Wall -fstack-usage -MMD -MP -MF"Drivers/STM32F1xx_HAL_Driver/Src/stm32f1xx_hal_rcc_ex.d" -MT"Drivers/STM32F1xx_HAL_Driver/Src/stm32f1xx_hal_rcc_ex.o" --specs=nano.specs -mfloat-abi=soft -mthumb -o "Drivers/STM32F1xx_HAL_Driver/Src/stm32f1xx_hal_rcc_ex.o"
arm-none-eabi-gcc "../Drivers/STM32F1xx_HAL_Driver/Src/stm32f1xx_hal_tim.c" -mcpu=cortex-m3 -std=gnu11 -g3 -DUSE_HAL_DRIVER -DSTM32F103xB -DDEBUG -c -I../Core/Inc -I../Drivers/STM32F1xx_HAL_Driver/Inc -I../Drivers/STM32F1xx_HAL_Driver/Inc/Legacy -I../Drivers/CMSIS/Device/ST/STM32F1xx/Include -I../Drivers/CMSIS/Include -O0 -ffunction-sections -fdata-sections -Wall -fstack-usage -MMD -MP -MF"Drivers/STM32F1xx_HAL_Driver/Src/stm32f1xx_hal_tim.d" -MT"Drivers/STM32F1xx_HAL_Driver/Src/stm32f1xx_hal_tim.o" --specs=nano.specs -mfloat-abi=soft -mthumb -o "Drivers/STM32F1xx_HAL_Driver/Src/stm32f1xx_hal_tim.o"
arm-none-eabi-gcc "../Drivers/STM32F1xx_HAL_Driver/Src/stm32f1xx_hal_tim_ex.c" -mcpu=cortex-m3 -std=gnu11 -g3 -DUSE_HAL_DRIVER -DSTM32F103xB -DDEBUG -c -I../Core/Inc -I../Drivers/STM32F1xx_HAL_Driver/Inc -I../Drivers/STM32F1xx_HAL_Driver/Inc/Legacy -I../Drivers/CMSIS/Device/ST/STM32F1xx/Include -I../Drivers/CMSIS/Include -O0 -ffunction-sections -fdata-sections -Wall -fstack-usage -MMD -MP -MF"Drivers/STM32F1xx_HAL_Driver/Src/stm32f1xx_hal_tim_ex.d" -MT"Drivers/STM32F1xx_HAL_Driver/Src/stm32f1xx_hal_tim_ex.o" --specs=nano.specs -mfloat-abi=soft -mthumb -o "Drivers/STM32F1xx_HAL_Driver/Src/stm32f1xx_hal_tim_ex.o"
[...]
  letters(C);
  ^~~~~~~
  letter
../Core/Src/main.c:629:10: error: 'C' undeclared (first use in this function)
  letters(C);
          ^
../Core/Src/main.c:630:10: error: 'o' undeclared (first use in this function)
  letters(o);
          ^
../Core/Src/main.c:631:10: error: 'r' undeclared (first use in this function)
  letters(r);
          ^
../Core/Src/main.c:633:10: error: 'e' undeclared (first use in this function)
  letters(e);
          ^
../Core/Src/main.c:634:10: error: 'c' undeclared (first use in this function)
  letters(c);
          ^
../Core/Src/main.c:635:10: error: 't' undeclared (first use in this function)
  letters(t);
          ^
../Core/Src/main.c: In function 'wrongPass':
../Core/Src/main.c:785:10: error: 'W' undeclared (first use in this function)
  letters(W);
          ^
../Core/Src/main.c:786:10: error: 'r' undeclared (first use in this function)
  letters(r);
          ^
../Core/Src/main.c:787:10: error: 'o' undeclared (first use in this function)
  letters(o);
          ^
../Core/Src/main.c:788:10: error: 'n' undeclared (first use in this function)
  letters(n);
          ^
../Core/Src/main.c:789:10: error: 'g' undeclared (first use in this function)
  letters(g);
          ^
../Core/Src/main.c:791:9: error: 'P' undeclared (first use in this function)
  letter(P);
         ^
../Core/Src/main.c:792:9: error: 'a' undeclared (first use in this function)
  letter(a);
         ^
../Core/Src/main.c:793:9: error: 's' undeclared (first use in this function)
  letter(s);
         ^
../Core/Src/main.c:795:9: error: 'w' undeclared (first use in this function)
  letter(w);
         ^
../Core/Src/main.c:798:9: error: 'd' undeclared (first use in this function)
  letter(d);
         ^
../Core/Src/main.c: In function 'green':
../Core/Src/main.c:804:10: error: 'G' undeclared (first use in this function)
  letters(G);
          ^
../Core/Src/main.c:805:10: error: 'r' undeclared (first use in this function)
  letters(r);
          ^
../Core/Src/main.c:806:10: error: 'e' undeclared (first use in this function)
  letters(e);
          ^
../Core/Src/main.c:808:10: error: 'n' undeclared (first use in this function)
  letters(n);
          ^
../Core/Src/main.c: In function 'timer':
../Core/Src/main.c:823:10: error: 'T' undeclared (first use in this function)
  letters(T);
          ^
../Core/Src/main.c:824:10: error: 'i' undeclared (first use in this function)
  letters(i);
          ^
../Core/Src/main.c:825:10: error: 'm' undeclared (first use in this function)
  letters(m);
          ^
make: *** [Core/Src/subdir.mk:45: Core/Src/Letters.o] Error 1
../Core/Src/main.c:826:10: error: 'e' undeclared (first use in this function)
  letters(e);
          ^
make: *** Waiting for unfinished jobs....
../Core/Src/main.c:835:10: error: 'n' undeclared (first use in this function)
  letters(n);
          ^
../Core/Src/main.c: In function 'quit':
../Core/Src/main.c:845:10: error: 'Q' undeclared (first use in this function)
  letters(Q);
          ^
../Core/Src/main.c:846:10: error: 'u' undeclared (first use in this function)
  letters(u);
          ^
../Core/Src/main.c:847:10: error: 'i' undeclared (first use in this function)
  letters(i);
          ^
../Core/Src/main.c:848:10: error: 't' undeclared (first use in this function)
  letters(t);
          ^
../Core/Src/main.c:851:10: error: 'y' undeclared (first use in this function)
  letters(y);
          ^
../Core/Src/main.c:852:10: error: 'e' undeclared (first use in this function)
  letters(e);
          ^
../Core/Src/main.c:853:10: error: 's' undeclared (first use in this function)
  letters(s);
          ^
../Core/Src/main.c:857:10: error: 'n' undeclared (first use in this function)
  letters(n);
          ^
../Core/Src/main.c:858:10: error: 'o' undeclared (first use in this function)
  letters(o);
          ^
../Core/Src/main.c: In function 'onOffTime':
../Core/Src/main.c:872:10: error: 'O' undeclared (first use in this function); did you mean 'OB'?
  letters(O);
          ^
          OB
../Core/Src/main.c:873:10: error: 'n' undeclared (first use in this function)
  letters(n);
          ^
../Core/Src/main.c:876:10: error: 'f' undeclared (first use in this function)
  letters(f);
          ^
../Core/Src/main.c:881:10: error: 'T' undeclared (first use in this function)
  letters(T);
          ^
../Core/Src/main.c:882:10: error: 'i' undeclared (first use in this function)
  letters(i);
          ^
../Core/Src/main.c:883:10: error: 'm' undeclared (first use in this function)
  letters(m);
          ^
../Core/Src/main.c:884:10: error: 'e' undeclared (first use in this function)
  letters(e);
          ^
../Core/Src/main.c:885:10: error: 'r' undeclared (first use in this function)
  letters(r);
          ^
../Core/Src/main.c: In function 'onOff':
../Core/Src/main.c:896:10: error: 'O' undeclared (first use in this function); did you mean 'OB'?
  letters(O);
          ^
          OB
../Core/Src/main.c:897:10: error: 'n' undeclared (first use in this function)
  letters(n);
          ^
../Core/Src/main.c:902:10: error: 'f' undeclared (first use in this function)
  letters(f);
          ^
../Core/Src/main.c: In function 'StartWeatherTask':
../Core/Src/main.c:1188:12: warning: variable 'period' set but not used [-Wunused-but-set-variable]
   uint32_t period; //frequency;
            ^~~~~~
make: *** [Core/Src/subdir.mk:49: Core/Src/main.o] Error 1
"make -j12 all" terminated with exit code 2. Build might be incomplete.
14:01:59 **** Incremental Build of configuration Debug for project User Interface ****
make -j12 all 
arm-none-eabi-gcc "../Core/Src/Letters.c" -mcpu=cortex-m3 -std=gnu11 -g3 -DUSE_HAL_DRIVER -DSTM32F103xB -DDEBUG -c -I../Core/Inc -I../Drivers/STM32F1xx_HAL_Driver/Inc -I../Drivers/STM32F1xx_HAL_Driver/Inc/Legacy -I../Drivers/CMSIS/Device/ST/STM32F1xx/Include -I../Drivers/CMSIS/Include -I../Middlewares/Third_Party/FreeRTOS/Source/include -I../Middlewares/Third_Party/FreeRTOS/Source/CMSIS_RTOS_V2 -I../Middlewares/Third_Party/FreeRTOS/Source/portable/GCC/ARM_CM3 -O0 -ffunction-sections -fdata-sections -Wall -fstack-usage -MMD -MP -MF"Core/Src/Letters.d" -MT"Core/Src/Letters.o" --specs=nano.specs -mfloat-abi=soft -mthumb -o "Core/Src/Letters.o"
arm-none-eabi-gcc "../Core/Src/main.c" -mcpu=cortex-m3 -std=gnu11 -g3 -DUSE_HAL_DRIVER -DSTM32F103xB -DDEBUG -c -I../Core/Inc -I../Drivers/STM32F1xx_HAL_Driver/Inc -I../Drivers/STM32F1xx_HAL_Driver/Inc/Legacy -I../Drivers/CMSIS/Device/ST/STM32F1xx/Include -I../Drivers/CMSIS/Include -I../Middlewares/Third_Party/FreeRTOS/Source/include -I../Middlewares/Third_Party/FreeRTOS/Source/CMSIS_RTOS_V2 -I../Middlewares/Third_Party/FreeRTOS/Source/portable/GCC/ARM_CM3 -O0 -ffunction-sections -fdata-sections -Wall -fstack-usage -MMD -MP -MF"Core/Src/main.d" -MT"Core/Src/main.o" --specs=nano.specs -mfloat-abi=soft -mthumb -o "Core/Src/main.o"
../Core/Src/Letters.c: In function 'letter':
../Core/Src/Letters.c:141:5: warning: implicit declaration of function 'Hal_Delay'; did you mean 'HAL_Delay'? [-Wimplicit-function-declaration]
     Hal_Delay(2);
     ^~~~~~~~~
     HAL_Delay
../Core/Src/main.c: In function 'printPassword':
../Core/Src/main.c:561:9: error: 'P' undeclared (first use in this function)
  letter(P);
         ^
../Core/Src/main.c:561:9: note: each undeclared identifier is reported only once for each function it appears in
../Core/Src/main.c:562:9: error: 'a' undeclared (first use in this function)
  letter(a);
         ^
../Core/Src/main.c:563:9: error: 's' undeclared (first use in this function)
  letter(s);
         ^
../Core/Src/main.c:565:9: error: 'w' undeclared (first use in this function)
  letter(w);
         ^
../Core/Src/main.c:566:9: error: 'o' undeclared (first use in this function)
  letter(o);
         ^
../Core/Src/main.c:567:9: error: 'r' undeclared (first use in this function)
  letter(r);
         ^
../Core/Src/main.c:568:9: error: 'd' undeclared (first use in this function)
  letter(d);
         ^
../Core/Src/main.c: In function 'correct':
../Core/Src/main.c:629:2: warning: implicit declaration of function 'letters'; did you mean 'letter'? [-Wimplicit-function-declaration]
  letters(C);
  ^~~~~~~
  letter
../Core/Src/main.c:629:10: error: 'C' undeclared (first use in this function)
  letters(C);
          ^
../Core/Src/main.c:630:10: error: 'o' undeclared (first use in this function)
  letters(o);
          ^
../Core/Src/main.c:631:10: error: 'r' undeclared (first use in this function)
  letters(r);
          ^
../Core/Src/main.c:633:10: error: 'e' undeclared (first use in this function)
  letters(e);
          ^
../Core/Src/main.c:634:10: error: 'c' undeclared (first use in this function)
  letters(c);
          ^
../Core/Src/main.c:635:10: error: 't' undeclared (first use in this function)
  letters(t);
          ^
../Core/Src/main.c: In function 'wrongPass':
../Core/Src/main.c:785:10: error: 'W' undeclared (first use in this function)
  letters(W);
          ^
../Core/Src/main.c:786:10: error: 'r' undeclared (first use in this function)
  letters(r);
          ^
../Core/Src/main.c:787:10: error: 'o' undeclared (first use in this function)
  letters(o);
          ^
../Core/Src/main.c:788:10: error: 'n' undeclared (first use in this function)
  letters(n);
          ^
../Core/Src/main.c:789:10: error: 'g' undeclared (first use in this function)
  letters(g);
          ^
../Core/Src/main.c:791:9: error: 'P' undeclared (first use in this function)
  letter(P);
         ^
../Core/Src/main.c:792:9: error: 'a' undeclared (first use in this function)
  letter(a);
         ^
../Core/Src/main.c:793:9: error: 's' undeclared (first use in this function)
  letter(s);
         ^
../Core/Src/main.c:795:9: error: 'w' undeclared (first use in this function)
  letter(w);
         ^
../Core/Src/main.c:798:9: error: 'd' undeclared (first use in this function)
  letter(d);
         ^
../Core/Src/main.c: In function 'green':
../Core/Src/main.c:804:10: error: 'G' undeclared (first use in this function)
  letters(G);
          ^
../Core/Src/main.c:805:10: error: 'r' undeclared (first use in this function)
  letters(r);
          ^
../Core/Src/main.c:806:10: error: 'e' undeclared (first use in this function)
  letters(e);
          ^
../Core/Src/main.c:808:10: error: 'n' undeclared (first use in this function)
  letters(n);
          ^
../Core/Src/main.c: In function 'timer':
../Core/Src/main.c:823:10: error: 'T' undeclared (first use in this function)
  letters(T);
          ^
../Core/Src/main.c:824:10: error: 'i' undeclared (first use in this function)
  letters(i);
          ^
../Core/Src/main.c:825:10: error: 'm' undeclared (first use in this function)
  letters(m);
          ^
../Core/Src/main.c:826:10: error: 'e' undeclared (first use in this function)
  letters(e);
          ^
../Core/Src/main.c:835:10: error: 'n' undeclared (first use in this function)
  letters(n);
          ^
../Core/Src/main.c: In function 'quit':
../Core/Src/main.c:845:10: error: 'Q' undeclared (first use in this function)
  letters(Q);
          ^
../Core/Src/main.c:846:10: error: 'u' undeclared (first use in this function)
  letters(u);
          ^
../Core/Src/main.c:847:10: error: 'i' undeclared (first use in this function)
  letters(i);
          ^
../Core/Src/main.c:848:10: error: 't' undeclared (first use in this function)
  letters(t);
          ^
../Core/Src/main.c:851:10: error: 'y' undeclared (first use in this function)
  letters(y);
          ^
../Core/Src/main.c:852:10: error: 'e' undeclared (first use in this function)
  letters(e);
          ^
../Core/Src/main.c:853:10: error: 's' undeclared (first use in this function)
  letters(s);
          ^
../Core/Src/main.c:857:10: error: 'n' undeclared (first use in this function)
  letters(n);
          ^
../Core/Src/main.c:858:10: error: 'o' undeclared (first use in this function)
  letters(o);
          ^
../Core/Src/main.c: In function 'onOffTime':
../Core/Src/main.c:872:10: error: 'O' undeclared (first use in this function); did you mean 'OB'?
  letters(O);
          ^
          OB
../Core/Src/main.c:873:10: error: 'n' undeclared (first use in this function)
  letters(n);
          ^
../Core/Src/main.c:876:10: error: 'f' undeclared (first use in this function)
  letters(f);
          ^
../Core/Src/main.c:881:10: error: 'T' undeclared (first use in this function)
  letters(T);
          ^
../Core/Src/main.c:882:10: error: 'i' undeclared (first use in this function)
  letters(i);
          ^
../Core/Src/main.c:883:10: error: 'm' undeclared (first use in this function)
  letters(m);
          ^
../Core/Src/main.c:884:10: error: 'e' undeclared (first use in this function)
  letters(e);
          ^
../Core/Src/main.c:885:10: error: 'r' undeclared (first use in this function)
  letters(r);
          ^
../Core/Src/main.c: In function 'onOff':
../Core/Src/main.c:896:10: error: 'O' undeclared (first use in this function); did you mean 'OB'?
  letters(O);
          ^
          OB
../Core/Src/main.c:897:10: error: 'n' undeclared (first use in this function)
  letters(n);
          ^
../Core/Src/main.c:902:10: error: 'f' undeclared (first use in this function)
  letters(f);
          ^
../Core/Src/main.c: In function 'StartWeatherTask':
../Core/Src/main.c:1188:12: warning: variable 'period' set but not used [-Wunused-but-set-variable]
   uint32_t period; //frequency;
            ^~~~~~
make: *** [Core/Src/subdir.mk:49: Core/Src/main.o] Error 1
make: *** Waiting for unfinished jobs....
"make -j12 all" terminated with exit code 2. Build might be incomplete.
14:03:02 **** Incremental Build of configuration Debug for project User Interface ****
make -j12 all 
arm-none-eabi-gcc "../Core/Src/main.c" -mcpu=cortex-m3 -std=gnu11 -g3 -DUSE_HAL_DRIVER -DSTM32F103xB -DDEBUG -c -I../Core/Inc -I../Drivers/STM32F1xx_HAL_Driver/Inc -I../Drivers/STM32F1xx_HAL_Driver/Inc/Legacy -I../Drivers/CMSIS/Device/ST/STM32F1xx/Include -I../Drivers/CMSIS/Include -I../Middlewares/Third_Party/FreeRTOS/Source/include -I../Middlewares/Third_Party/FreeRTOS/Source/CMSIS_RTOS_V2 -I../Middlewares/Third_Party/FreeRTOS/Source/portable/GCC/ARM_CM3 -O0 -ffunction-sections -fdata-sections -Wall -fstack-usage -MMD -MP -MF"Core/Src/main.d" -MT"Core/Src/main.o" --specs=nano.specs -mfloat-abi=soft -mthumb -o "Core/Src/main.o"
../Core/Src/main.c: In function 'correct':
../Core/Src/main.c:629:2: warning: implicit declaration of function 'letters'; did you mean 'letter'? [-Wimplicit-function-declaration]
  letters(C);
  ^~~~~~~
  letter
../Core/Src/main.c:629:10: error: 'C' undeclared (first use in this function)
  letters(C);
          ^
../Core/Src/main.c:629:10: note: each undeclared identifier is reported only once for each function it appears in
../Core/Src/main.c:630:10: error: 'o' undeclared (first use in this function)
  letters(o);
          ^
../Core/Src/main.c:631:10: error: 'r' undeclared (first use in this function)
  letters(r);
          ^
../Core/Src/main.c:633:10: error: 'e' undeclared (first use in this function)
  letters(e);
          ^
../Core/Src/main.c:634:10: error: 'c' undeclared (first use in this function)
  letters(c);
          ^
../Core/Src/main.c:635:10: error: 't' undeclared (first use in this function)
  letters(t);
          ^
../Core/Src/main.c: In function 'wrongPass':
../Core/Src/main.c:785:10: error: 'W' undeclared (first use in this function)
  letters(W);
          ^
../Core/Src/main.c:786:10: error: 'r' undeclared (first use in this function)
  letters(r);
          ^
../Core/Src/main.c:787:10: error: 'o' undeclared (first use in this function)
  letters(o);
          ^
../Core/Src/main.c:788:10: error: 'n' undeclared (first use in this function)
  letters(n);
          ^
../Core/Src/main.c:789:10: error: 'g' undeclared (first use in this function)
  letters(g);
          ^
../Core/Src/main.c:791:9: error: 'P' undeclared (first use in this function)
  letter(P);
         ^
../Core/Src/main.c:792:9: error: 'a' undeclared (first use in this function)
  letter(a);
         ^
../Core/Src/main.c:793:9: error: 's' undeclared (first use in this function)
  letter(s);
         ^
../Core/Src/main.c:795:9: error: 'w' undeclared (first use in this function)
  letter(w);
         ^
../Core/Src/main.c:798:9: error: 'd' undeclared (first use in this function)
  letter(d);
         ^
../Core/Src/main.c: In function 'green':
../Core/Src/main.c:804:10: error: 'G' undeclared (first use in this function)
  letters(G);
          ^
../Core/Src/main.c:805:10: error: 'r' undeclared (first use in this function)
  letters(r);
          ^
../Core/Src/main.c:806:10: error: 'e' undeclared (first use in this function)
  letters(e);
          ^
../Core/Src/main.c:808:10: error: 'n' undeclared (first use in this function)
  letters(n);
          ^
../Core/Src/main.c: In function 'timer':
../Core/Src/main.c:823:10: error: 'T' undeclared (first use in this function)
  letters(T);
          ^
../Core/Src/main.c:824:10: error: 'i' undeclared (first use in this function)
  letters(i);
          ^
../Core/Src/main.c:825:10: error: 'm' undeclared (first use in this function)
  letters(m);
          ^
../Core/Src/main.c:826:10: error: 'e' undeclared (first use in this function)
  letters(e);
          ^
../Core/Src/main.c:835:10: error: 'n' undeclared (first use in this function)
  letters(n);
          ^
../Core/Src/main.c: In function 'quit':
../Core/Src/main.c:845:10: error: 'Q' undeclared (first use in this function)
  letters(Q);
          ^
../Core/Src/main.c:846:10: error: 'u' undeclared (first use in this function)
  letters(u);
          ^
../Core/Src/main.c:847:10: error: 'i' undeclared (first use in this function)
  letters(i);
          ^
../Core/Src/main.c:848:10: error: 't' undeclared (first use in this function)
  letters(t);
          ^
../Core/Src/main.c:851:10: error: 'y' undeclared (first use in this function)
  letters(y);
          ^
../Core/Src/main.c:852:10: error: 'e' undeclared (first use in this function)
  letters(e);
          ^
../Core/Src/main.c:853:10: error: 's' undeclared (first use in this function)
  letters(s);
          ^
../Core/Src/main.c:857:10: error: 'n' undeclared (first use in this function)
  letters(n);
          ^
../Core/Src/main.c:858:10: error: 'o' undeclared (first use in this function)
  letters(o);
          ^
../Core/Src/main.c: In function 'onOffTime':
../Core/Src/main.c:872:10: error: 'O' undeclared (first use in this function); did you mean 'OB'?
  letters(O);
          ^
          OB
../Core/Src/main.c:873:10: error: 'n' undeclared (first use in this function)
  letters(n);
          ^
../Core/Src/main.c:876:10: error: 'f' undeclared (first use in this function)
  letters(f);
          ^
../Core/Src/main.c:881:10: error: 'T' undeclared (first use in this function)
  letters(T);
          ^
../Core/Src/main.c:882:10: error: 'i' undeclared (first use in this function)
  letters(i);
          ^
../Core/Src/main.c:883:10: error: 'm' undeclared (first use in this function)
  letters(m);
          ^
../Core/Src/main.c:884:10: error: 'e' undeclared (first use in this function)
  letters(e);
          ^
../Core/Src/main.c:885:10: error: 'r' undeclared (first use in this function)
  letters(r);
          ^
../Core/Src/main.c: In function 'onOff':
../Core/Src/main.c:896:10: error: 'O' undeclared (first use in this function); did you mean 'OB'?
  letters(O);
          ^
          OB
../Core/Src/main.c:897:10: error: 'n' undeclared (first use in this function)
  letters(n);
          ^
../Core/Src/main.c:902:10: error: 'f' undeclared (first use in this function)
  letters(f);
          ^
../Core/Src/main.c: In function 'StartWeatherTask':
../Core/Src/main.c:1188:12: warning: variable 'period' set but not used [-Wunused-but-set-variable]
   uint32_t period; //frequency;
            ^~~~~~
make: *** [Core/Src/subdir.mk:49: Core/Src/main.o] Error 1
"make -j12 all" terminated with exit code 2. Build might be incomplete.
